Table: Ids
EID	NAME	READONLY	UNDEFMACRO	MACRO	FUNMACRO	MACROARG	CPPCONST	CPPSTRVAL	DEFCCONSTVAL	NOTDEFCCONSTVAL	EXPCCONSTVAL	NOTEXPCCONSTVAL	ORDINARY	SUETAG	SUMEMBER	LABEL	TYPEDEF	ENUM	YACC	FUN	CSCOPE	LSCOPE	UNUSED
91	MAXDIGIT	0	0	1	0	0	0	0	1	0	0	0	0	0	0	0	0	0	0	0	0	0	1
321	x	0	0	0	0	0	0	0	0	0	0	0	1	0	0	0	0	0	0	0	0	1	1
421	main	1	0	0	0	0	0	0	0	0	0	0	1	0	0	0	0	0	0	1	0	1	0
541	qqq	0	0	0	0	0	0	0	0	0	0	0	1	0	0	0	0	0	0	0	0	1	1
821	foo	0	0	0	0	0	0	0	0	0	0	0	1	0	0	0	0	0	0	1	0	1	1
1629	a	0	0	0	0	0	0	0	0	0	0	0	0	0	1	0	0	0	0	0	0	0	0
1679	substruct	0	0	0	0	0	0	0	0	0	0	0	1	0	0	0	1	0	0	0	1	0	0
2079	b	0	0	0	0	0	0	0	0	0	0	0	0	0	1	0	0	0	0	0	0	0	0
2129	mainstruct	0	0	0	0	0	0	0	0	0	0	0	1	0	0	0	1	0	0	0	1	0	0
2369	one	0	0	0	0	0	0	0	0	0	0	0	1	0	0	0	0	0	0	1	1	0	0
2939	NULL	0	0	1	0	0	0	0	0	1	0	1	0	0	0	0	0	0	0	0	0	0	0
2975	__DATE__	1	0	1	0	0	0	0	0	1	0	0	0	0	0	0	0	0	0	0	0	0	1
3209	SUBSTRUCT_PTR_A	0	0	1	1	0	0	0	0	0	0	1	0	0	0	0	0	0	0	0	0	0	0
3295	__TIME__	1	0	1	0	0	0	0	0	1	0	0	0	0	0	0	0	0	0	0	0	0	1
3369	_p	0	0	0	0	1	0	0	0	0	0	0	0	0	0	0	0	0	0	0	0	0	0
3575	__FILE__	1	0	1	0	0	0	0	0	1	0	0	0	0	0	0	0	0	0	0	0	0	1
3799	MAINSTRUCT_PTR_B_A1	0	0	1	1	0	0	0	0	0	0	1	0	0	0	0	0	0	0	0	0	0	0
3865	__LINE__	1	0	1	0	0	0	0	1	0	0	0	0	0	0	0	0	0	0	0	0	0	1
3999	_p	0	0	0	0	1	0	0	0	0	0	0	0	0	0	0	0	0	0	0	0	0	0
4055	__STDC__	1	0	1	0	0	0	0	1	0	0	0	0	0	0	0	0	0	0	0	0	0	1
4599	MAINSTRUCT_PTR_B_A2	0	0	1	1	0	0	0	0	0	0	1	0	0	0	0	0	0	0	0	0	0	0
4799	_p	0	0	0	0	1	0	0	0	0	0	0	0	0	0	0	0	0	0	0	0	0	0
5355	_cscout_dummy1	1	0	0	0	0	0	0	0	0	0	0	1	0	0	0	0	0	0	1	1	0	0
5409	NULL2	0	0	1	0	0	0	0	1	0	0	1	0	0	0	0	0	0	0	0	0	0	0
5589	MAINSTRUCT_PTR_B_A3	0	0	1	1	0	0	0	0	0	0	1	0	0	0	0	0	0	0	0	0	0	0
5789	_p	0	0	0	0	1	0	0	0	0	0	0	0	0	0	0	0	0	0	0	0	0	0
6399	MAINSTRUCT_PTR_B_A4	0	0	1	1	0	0	0	0	0	0	1	0	0	0	0	0	0	0	0	0	0	0
6599	_p	0	0	0	0	1	0	0	0	0	0	0	0	0	0	0	0	0	0	0	0	0	0
9399	two	0	0	0	0	0	0	0	0	0	0	0	1	0	0	0	0	0	0	1	1	0	0
9649	s	0	0	0	0	0	0	0	0	0	0	0	1	0	0	0	0	0	0	0	0	0	0
11019	three	0	0	0	0	0	0	0	0	0	0	0	1	0	0	0	0	0	0	1	1	0	0
Table: Tokens
FID	FOFFSET	EID
2	297	2975
2	329	3295
2	357	3575
2	386	3865
2	405	4055
2	471	421
2	535	5355
2	558	5355
4	162	1629
4	167	1679
4	197	1679
4	207	2079
4	212	2129
4	236	2369
4	259	2369
4	293	2939
4	320	3209
4	336	3369
4	342	3369
4	349	2939
4	361	3369
4	366	1629
4	379	3799
4	399	3999
4	403	3209
4	420	3999
4	427	2939
4	434	2939
4	443	3999
4	447	2079
4	459	4599
4	479	4799
4	483	3209
4	500	4799
4	507	2939
4	516	4799
4	520	2079
4	525	2939
4	540	5409
4	558	5589
4	578	5789
4	582	3209
4	599	5789
4	606	2939
4	613	5409
4	623	5789
4	627	2079
4	639	6399
4	659	6599
4	663	3209
4	680	6599
4	687	2939
4	696	6599
4	700	2079
4	705	5409
4	939	9399
4	952	2129
4	964	9649
4	978	3799
4	998	9649
4	1004	4599
4	1024	9649
4	1030	5589
4	1050	9649
4	1056	6399
4	1076	9649
4	1101	11019
4	1133	11019
4	1165	421
4	1186	2369
4	1194	9399
4	1198	2939
4	1206	11019
5	8	91
5	31	321
5	41	421
5	53	541
5	81	821
Table: Rest
FID	FOFFSET	CODE
2	287	\u0000a\u0000a#define 
2	305	  
2	320	\u0000a#define 
2	337	 
2	348	\u0000a#define 
2	365	 
2	377	\u0000a#define 
2	394	 1\u0000a#define 
2	413	 1\u0000a\u0000a
2	466	\u0000aint 
2	475	();\u0000a
2	522	\u0000astatic void 
2	549	(void) { 
2	572	(); }\u0000a
3	152	\u0000a\u0000a\u0000a#pragma includepath 
3	195	\u0000a
3	239	\u0000astatic void _cscout_dummy2(void) { _cscout_dummy2(); }\u0000a
4	138	\u0000a\u0000atypedef struct {\u0000a	int 
4	163	;\u0000a} 
4	176	;\u0000a\u0000atypedef struct {\u0000a	
4	206	 
4	208	;\u0000a} 
4	222	;\u0000a\u0000astatic int 
4	239	(void);\u0000a\u0000aextern int 
4	262	(void)\u0000a{\u0000a	return 1;\u0000a}\u0000a\u0000a#define 
4	297	 ((void *) 0)\u0000a\u0000a#define 
4	335	(
4	338	) ((
4	344	) == 
4	353	 ? 0 : (
4	363	)->
4	367	 )\u0000a\u0000a#define 
4	398	(
4	401	) 
4	418	((
4	422	) == 
4	431	 ? 
4	438	 : &(
4	445	->
4	448	))\u0000a#define 
4	478	(
4	481	) 
4	498	((
4	502	) == 
4	511	 ? &(
4	518	->
4	521	) : 
4	529	)\u0000a\u0000a#define 
4	545	 (0)\u0000a#define 
4	577	(
4	580	) 
4	597	((
4	601	) == 
4	610	 ? 
4	618	 : &(
4	625	->
4	628	))\u0000a#define 
4	658	(
4	661	) 
4	678	((
4	682	) == 
4	691	 ? &(
4	698	->
4	701	) : 
4	710	)\u0000a\u0000a
4	926	\u0000a\u0000astatic int 
4	942	(restrict 
4	962	 *
4	965	)\u0000a{\u0000a	return\u0000a	
4	997	(
4	999	) +\u0000a	
4	1023	(
4	1025	) +\u0000a	
4	1049	(
4	1051	) +\u0000a	
4	1075	(
4	1077	);\u0000a}\u0000a\u0000astatic inline int 
4	1106	(void);\u0000a\u0000astatic inline int 
4	1138	(void)\u0000a{\u0000a	return 3;\u0000a}\u0000a\u0000aint 
4	1169	(void)\u0000a{\u0000a	return 
4	1189	() + 
4	1197	(
4	1202	) + 
4	1211	();\u0000a}\u0000a
5	0	#define 
5	16	 11\u0000aextern int 
5	32	;\u0000aextern 
5	45	();\u0000aint 
5	56	;\u0000a\u0000a
5	80	\u0000a
5	84	() {\u0000a	
5	107	}\u0000a\u0000a
Table: Projects
PID	NAME
23	unspecified
24	Prj1
25	Prj2
Table: IdProj
EID	PID
421	24
1629	24
1679	24
2079	24
2129	24
2369	24
2939	24
2975	24
3209	24
3295	24
3369	24
3575	24
3799	24
3865	24
3999	24
4055	24
4599	24
4799	24
5355	24
5409	24
5589	24
5789	24
6399	24
6599	24
9399	24
9649	24
11019	24
91	25
321	25
421	25
541	25
821	25
1629	25
1679	25
2079	25
2129	25
2369	25
2939	25
2975	25
3209	25
3295	25
3369	25
3575	25
3799	25
3865	25
3999	25
4055	25
4599	25
4799	25
5355	25
5409	25
5589	25
5789	25
6399	25
6599	25
9399	25
9649	25
11019	25
Table: Files
FID	NAME	RO
2	host-defs.h	1
3	host-incs.h	1
4	c16-cond.c	0
5	prj2.c	0
Table: Filemetrics
FID	PRECPP	NCHAR	NCCOMMENT	NSPACE	NLCOMMENT	NBCOMMENT	NLINE	MAXLINELEN	MAXSTMTLEN	MAXSTMTNEST	MAXBRACENEST	MAXBRACKNEST	BRACENEST	BRACKNEST	NULINE	NPPDIRECTIVE	NPPCOND	NPPFMACRO	NPPOMACRO	NTOKEN	NSTMT	NOP	NUOP	NNCONST	NCLIT	NSTRING	NPPCONCATOP	NPPSTRINGOP	NIF	NELSE	NSWITCH	NCASE	NDEFAULT	NBREAK	NFOR	NWHILE	NDO	NCONTINUE	NGOTO	NRETURN	NASM	NTYPEOF	NPID	NFID	NMID	NID	NUPID	NUFID	NUMID	NUID	NLABEL	NMACROEXPANDTOKEN	NCOPIES	NINCFILE	NPFUNCTION	NFFUNCTION	NPVAR	NFVAR	NAGGREGATE	NAMEMBER	NENUM	NEMEMBER
2	0	NULL	NULL	NULL	NULL	NULL	NULL	NULL	16	0	1	1	NULL	NULL	NULL	NULL	NULL	NULL	NULL	18	2	0	0	0	0	0	NULL	NULL	0	0	0	0	0	0	0	0	0	0	0	0	0	0	0	0	NULL	0	0	0	NULL	0	0	NULL	NULL	NULL	0	1	0	0	0	0	0	0
2	1	548	367	29	0	3	22	61	47	NULL	1	1	0	0	0	5	0	0	5	37	2	0	0	2	0	3	0	0	0	0	0	0	0	0	0	0	0	0	0	0	0	0	1	2	5	8	1	1	5	7	0	0	1	0	NULL	NULL	NULL	NULL	NULL	NULL	NULL	NULL
3	0	NULL	NULL	NULL	NULL	NULL	NULL	NULL	15	0	1	1	NULL	NULL	NULL	NULL	NULL	NULL	NULL	0	1	0	0	0	0	0	NULL	NULL	0	0	0	0	0	0	0	0	0	0	0	0	0	0	0	0	NULL	0	0	0	NULL	0	0	NULL	NULL	NULL	0	0	0	0	0	0	0	0
3	1	243	187	13	0	2	13	48	28	NULL	1	1	0	0	0	1	0	0	0	16	1	0	0	0	0	1	0	0	0	0	0	0	0	0	0	0	0	0	0	0	0	0	0	0	0	0	0	0	0	0	0	0	1	0	NULL	NULL	NULL	NULL	NULL	NULL	NULL	NULL
4	0	NULL	NULL	NULL	NULL	NULL	NULL	NULL	407	0	1	4	NULL	NULL	NULL	NULL	NULL	NULL	NULL	368	10	67	0	27	0	0	NULL	NULL	0	0	0	0	0	0	0	0	0	0	0	4	0	0	2	24	NULL	60	1	5	NULL	7	0	NULL	NULL	NULL	1	3	0	0	2	2	0	0
4	1	1131	343	140	0	2	57	91	243	NULL	1	2	0	0	0	7	0	5	2	238	10	26	0	5	0	0	0	0	0	0	0	0	0	0	0	0	0	0	0	4	0	0	1	12	25	43	1	5	7	14	0	968	1	0	NULL	NULL	NULL	NULL	NULL	NULL	NULL	NULL
5	0	NULL	NULL	NULL	NULL	NULL	NULL	NULL	7	0	1	1	NULL	NULL	NULL	NULL	NULL	NULL	NULL	18	3	0	0	0	0	0	NULL	NULL	0	0	0	0	0	0	0	0	0	0	0	0	0	0	4	0	NULL	4	4	0	NULL	4	0	NULL	NULL	NULL	1	0	2	0	0	0	0	0
5	1	95	32	17	2	0	11	20	13	NULL	1	1	0	0	0	1	0	0	1	21	3	0	0	1	0	0	0	0	0	0	0	0	0	0	0	0	0	0	0	0	0	0	4	0	1	5	4	0	1	5	0	0	1	0	NULL	NULL	NULL	NULL	NULL	NULL	NULL	NULL
Table: FileProj
FID	PID
2	24
3	24
4	24
1	25
2	25
3	25
4	25
5	25
Table: LineProj
FID	PID	LNUM
2	24	1
2	24	2
2	24	3
2	24	4
2	24	5
2	24	6
2	24	7
2	24	8
2	24	9
2	24	10
2	24	11
2	24	12
2	24	13
2	24	14
2	24	15
2	24	16
2	24	17
2	24	18
2	24	19
2	24	20
2	24	21
2	24	22
3	24	1
3	24	2
3	24	3
3	24	4
3	24	5
3	24	6
3	24	7
3	24	8
3	24	9
3	24	10
3	24	11
3	24	12
3	24	13
4	24	1
4	24	2
4	24	3
4	24	4
4	24	5
4	24	6
4	24	7
4	24	8
4	24	9
4	24	10
4	24	11
4	24	12
4	24	13
4	24	14
4	24	15
4	24	16
4	24	17
4	24	18
4	24	19
4	24	20
4	24	21
4	24	22
4	24	23
4	24	24
4	24	25
4	24	26
4	24	27
4	24	28
4	24	29
4	24	30
4	24	31
4	24	32
4	24	33
4	24	34
4	24	35
4	24	36
4	24	37
4	24	38
4	24	39
4	24	40
4	24	41
4	24	42
4	24	43
4	24	44
4	24	45
4	24	46
4	24	47
4	24	48
4	24	49
4	24	50
4	24	51
4	24	52
4	24	53
4	24	54
4	24	55
4	24	56
4	24	57
2	25	1
2	25	2
2	25	3
2	25	4
2	25	5
2	25	6
2	25	7
2	25	8
2	25	9
2	25	10
2	25	11
2	25	12
2	25	13
2	25	14
2	25	15
2	25	16
2	25	17
2	25	18
2	25	19
2	25	20
2	25	21
2	25	22
3	25	1
3	25	2
3	25	3
3	25	4
3	25	5
3	25	6
3	25	7
3	25	8
3	25	9
3	25	10
3	25	11
3	25	12
3	25	13
4	25	1
4	25	2
4	25	3
4	25	4
4	25	5
4	25	6
4	25	7
4	25	8
4	25	9
4	25	10
4	25	11
4	25	12
4	25	13
4	25	14
4	25	15
4	25	16
4	25	17
4	25	18
4	25	19
4	25	20
4	25	21
4	25	22
4	25	23
4	25	24
4	25	25
4	25	26
4	25	27
4	25	28
4	25	29
4	25	30
4	25	31
4	25	32
4	25	33
4	25	34
4	25	35
4	25	36
4	25	37
4	25	38
4	25	39
4	25	40
4	25	41
4	25	42
4	25	43
4	25	44
4	25	45
4	25	46
4	25	47
4	25	48
4	25	49
4	25	50
4	25	51
4	25	52
4	25	53
4	25	54
4	25	55
4	25	56
4	25	57
5	25	1
5	25	2
5	25	3
5	25	4
5	25	5
5	25	6
5	25	7
5	25	8
5	25	9
5	25	10
5	25	11
Table: LinePos
FID	FOFFSET	LNUM
2	0	1
2	4	2
2	51	3
2	54	4
2	100	5
2	119	6
2	122	7
2	184	8
2	231	9
2	234	10
2	284	11
2	288	12
2	289	13
2	321	14
2	349	15
2	378	16
2	397	17
2	416	18
2	417	19
2	467	20
2	479	21
2	523	22
3	0	1
3	4	2
3	51	3
3	54	4
3	78	5
3	97	6
3	100	7
3	149	8
3	153	9
3	154	10
3	155	11
3	196	12
3	240	13
4	0	1
4	3	2
4	53	3
4	82	4
4	135	5
4	139	6
4	140	7
4	157	8
4	165	9
4	178	10
4	179	11
4	196	12
4	210	13
4	224	14
4	225	15
4	247	16
4	248	17
4	269	18
4	271	19
4	282	20
4	284	21
4	285	22
4	311	23
4	312	24
4	370	25
4	371	26
4	451	27
4	531	28
4	532	29
4	550	30
4	631	31
4	712	32
4	713	33
4	753	34
4	832	35
4	924	36
4	927	37
4	928	38
4	967	39
4	969	40
4	977	41
4	1003	42
4	1029	43
4	1055	44
4	1080	45
4	1082	46
4	1083	47
4	1114	48
4	1115	49
4	1145	50
4	1147	51
4	1158	52
4	1160	53
4	1161	54
4	1176	55
4	1178	56
4	1215	57
5	0	1
5	20	2
5	34	3
5	49	4
5	58	5
5	59	6
5	80	7
5	81	8
5	89	9
5	107	10
5	109	11
Table: Definers
PID	CUID	BASEFILEID	DEFINERID
24	4	4	2
25	4	4	2
25	5	5	2
Table: Includers
PID	CUID	BASEFILEID	INCLUDERID
24	2	2	1
24	4	3	1
24	4	4	1
25	2	2	1
25	2	2	1
25	4	3	1
25	4	4	1
25	5	3	1
25	5	5	1
Table: Providers
PID	CUID	PROVIDERID
24	2	2
24	4	4
25	2	2
25	2	2
25	4	4
25	5	5
Table: IncTriggers
PID	CUID	BASEFILEID	DEFINERID	FOFFSET	LEN
24	4	4	2	471	4
25	4	4	2	471	4
25	5	5	2	471	4
Table: Functions
ID	NAME	ISMACRO	DEFINED	DECLARED	FILESCOPED	FID	FOFFSET	FANIN
821	foo	0	1	1	0	5	81	0
2599	one	0	1	1	1	4	259	1
3209	SUBSTRUCT_PTR_A	1	1	0	1	4	320	4
3799	MAINSTRUCT_PTR_B_A1	1	1	0	1	4	379	1
4599	MAINSTRUCT_PTR_B_A2	1	1	0	1	4	459	1
5355	_cscout_dummy1	0	1	1	1	2	535	1
5589	MAINSTRUCT_PTR_B_A3	1	1	0	1	4	558	1
6399	MAINSTRUCT_PTR_B_A4	1	1	0	1	4	639	1
9399	two	0	1	1	1	4	939	1
11339	three	0	1	1	1	4	1133	1
11659	main	0	1	1	0	4	1165	0
Table: FunctionDefs
FUNCTIONID	FIDBEGIN	FOFFSETBEGIN	FIDEND	FOFFSETEND
821	5	88	5	108
2599	4	270	4	283
3209	4	339	4	370
3799	4	402	4	451
4599	4	482	4	531
5355	2	557	2	577
5589	4	581	4	631
6399	4	662	4	712
9399	4	968	4	1081
11339	4	1146	4	1159
11659	4	1177	4	1216
Table: FunctionMetrics
FUNCTIONID	PRECPP	NCHAR	NCCOMMENT	NSPACE	NLCOMMENT	NBCOMMENT	NLINE	MAXLINELEN	MAXSTMTLEN	MAXSTMTNEST	MAXBRACENEST	MAXBRACKNEST	BRACENEST	BRACKNEST	NULINE	NPPDIRECTIVE	NPPCOND	NPPFMACRO	NPPOMACRO	NTOKEN	NSTMT	NOP	NUOP	NNCONST	NCLIT	NSTRING	NPPCONCATOP	NPPSTRINGOP	NIF	NELSE	NSWITCH	NCASE	NDEFAULT	NBREAK	NFOR	NWHILE	NDO	NCONTINUE	NGOTO	NRETURN	NASM	NTYPEOF	NPID	NFID	NMID	NID	NUPID	NUFID	NUMID	NUID	NLABEL	NMACROEXPANDTOKEN	NGNSOC	NMPARAM	NFPARAM	NEPARAM	FANIN	FANOUT	CCYCL1	CCYCL2	CCYCL3	CSTRUC	CHAL	IFLOW
821	0	NULL	NULL	NULL	NULL	NULL	NULL	NULL	0	0	0	0	NULL	NULL	NULL	NULL	NULL	NULL	NULL	1	0	0	0	0	0	0	NULL	NULL	0	0	0	0	0	0	0	0	0	0	0	0	0	0	0	0	NULL	0	0	0	NULL	0	0	NULL	16	NULL	0	NULL	0	0	1	1	1	0.0	0.0	0.0
821	1	21	14	3	1	0	3	17	0	NULL	0	0	0	0	0	0	0	0	0	1	0	0	0	0	0	0	0	0	0	0	0	0	0	0	0	0	0	0	0	0	0	0	0	0	0	0	0	0	0	0	0	0	NULL	0	NULL	0	0	0	1	1	1	0.0	0.0	0.0
2599	0	NULL	NULL	NULL	NULL	NULL	NULL	NULL	5	0	0	0	NULL	NULL	NULL	NULL	NULL	NULL	NULL	4	1	0	0	1	0	0	NULL	NULL	0	0	0	0	0	0	0	0	0	0	0	1	0	0	0	0	NULL	0	0	0	NULL	0	0	NULL	12	NULL	0	NULL	1	0	1	1	1	0.0	0.0	0.0
2599	1	9	0	5	0	0	3	5	6	NULL	0	0	0	0	0	0	0	0	0	4	1	0	0	1	0	0	0	0	0	0	0	0	0	0	0	0	0	0	0	1	0	0	0	0	0	0	0	0	0	0	0	0	NULL	0	NULL	0	1	0	1	1	1	0.0	0.0	0.0
3209	0	NULL	NULL	NULL	NULL	NULL	NULL	NULL	0	0	0	0	NULL	NULL	NULL	NULL	NULL	NULL	NULL	0	0	0	0	0	0	0	NULL	NULL	0	0	0	0	0	0	0	0	0	0	0	0	0	0	0	0	NULL	0	0	0	NULL	0	0	NULL	0	NULL	0	NULL	4	0	1	1	1	0.0	0.0	0.0
3209	1	36	0	10	0	0	2	34	0	NULL	0	2	0	0	0	0	0	0	0	15	0	3	3	1	0	0	0	0	0	0	0	0	0	0	0	0	0	0	0	0	0	0	0	0	1	1	0	0	1	1	0	0	NULL	1	NULL	0	4	0	1	2	2	0.0	11.6096	0.0
3799	0	NULL	NULL	NULL	NULL	NULL	NULL	NULL	0	0	0	0	NULL	NULL	NULL	NULL	NULL	NULL	NULL	0	0	0	0	0	0	0	NULL	NULL	0	0	0	0	0	0	0	0	0	0	0	0	0	0	0	0	NULL	0	0	0	NULL	0	0	NULL	0	NULL	0	NULL	1	1	1	1	1	1.0	0.0	1.0
3799	1	56	0	8	0	0	1	54	0	NULL	0	2	0	0	0	0	0	0	0	17	0	4	4	0	0	0	0	0	0	0	0	0	0	0	0	0	0	0	0	0	0	0	0	0	3	3	0	0	2	2	0	0	NULL	1	NULL	0	1	1	1	2	2	1.0	18.0947	1.0
4599	0	NULL	NULL	NULL	NULL	NULL	NULL	NULL	0	0	0	0	NULL	NULL	NULL	NULL	NULL	NULL	NULL	0	0	0	0	0	0	0	NULL	NULL	0	0	0	0	0	0	0	0	0	0	0	0	0	0	0	0	NULL	0	0	0	NULL	0	0	NULL	0	NULL	0	NULL	1	1	1	1	1	1.0	0.0	1.0
4599	1	56	0	9	0	0	2	54	0	NULL	0	2	0	0	0	0	0	0	0	17	0	4	4	0	0	0	0	0	0	0	0	0	0	0	0	0	0	0	0	0	0	0	0	0	3	3	0	0	2	2	0	0	NULL	1	NULL	0	1	1	1	2	2	1.0	18.0947	1.0
5355	0	NULL	NULL	NULL	NULL	NULL	NULL	NULL	5	0	0	1	NULL	NULL	NULL	NULL	NULL	NULL	NULL	5	1	0	0	0	0	0	NULL	NULL	0	0	0	0	0	0	0	0	0	0	0	0	0	0	0	1	NULL	1	0	1	NULL	1	0	NULL	8	NULL	0	NULL	1	1	1	1	1	1.0	0.0	1.0
5355	1	22	0	3	0	0	1	21	5	NULL	0	1	0	0	0	0	0	0	0	5	1	0	0	0	0	0	0	0	0	0	0	0	0	0	0	0	0	0	0	0	0	0	0	1	0	1	0	1	0	1	0	0	NULL	0	NULL	0	1	1	1	1	1	1.0	0.0	1.0
5589	0	NULL	NULL	NULL	NULL	NULL	NULL	NULL	0	0	0	0	NULL	NULL	NULL	NULL	NULL	NULL	NULL	0	0	0	0	0	0	0	NULL	NULL	0	0	0	0	0	0	0	0	0	0	0	0	0	0	0	0	NULL	0	0	0	NULL	0	0	NULL	0	NULL	0	NULL	1	1	1	1	1	1.0	0.0	1.0
5589	1	57	0	8	0	0	1	55	0	NULL	0	2	0	0	0	0	0	0	0	17	0	4	4	0	0	0	0	0	0	0	0	0	0	0	0	0	0	0	0	0	0	0	0	0	3	3	0	0	3	3	0	0	NULL	1	NULL	0	1	1	1	2	2	1.0	19.6515	1.0
6399	0	NULL	NULL	NULL	NULL	NULL	NULL	NULL	0	0	0	0	NULL	NULL	NULL	NULL	NULL	NULL	NULL	0	0	0	0	0	0	0	NULL	NULL	0	0	0	0	0	0	0	0	0	0	0	0	0	0	0	0	NULL	0	0	0	NULL	0	0	NULL	0	NULL	0	NULL	1	1	1	1	1	1.0	0.0	1.0
6399	1	57	0	9	0	0	2	55	0	NULL	0	2	0	0	0	0	0	0	0	17	0	4	4	0	0	0	0	0	0	0	0	0	0	0	0	0	0	0	0	0	0	0	0	0	3	3	0	0	3	3	0	0	NULL	1	NULL	0	1	1	1	2	2	1.0	19.6515	1.0
9399	0	NULL	NULL	NULL	NULL	NULL	NULL	NULL	389	0	0	4	NULL	NULL	NULL	NULL	NULL	NULL	NULL	274	1	63	6	24	0	0	NULL	NULL	0	0	0	0	0	0	0	0	0	0	0	1	0	0	0	0	NULL	16	0	0	NULL	1	0	NULL	20	NULL	1	NULL	1	4	1	13	13	16.0	510.282	16.0
9399	1	117	0	15	0	0	7	27	34	NULL	0	1	0	0	0	0	0	0	0	22	1	3	1	0	0	0	0	0	0	0	0	0	0	0	0	0	0	0	0	1	0	0	0	0	4	8	0	0	4	5	0	476	NULL	0	NULL	0	1	4	1	1	1	16.0	28.4346	16.0
11339	0	NULL	NULL	NULL	NULL	NULL	NULL	NULL	5	0	0	0	NULL	NULL	NULL	NULL	NULL	NULL	NULL	4	1	0	0	1	0	0	NULL	NULL	0	0	0	0	0	0	0	0	0	0	0	1	0	0	0	0	NULL	0	0	0	NULL	0	0	NULL	21	NULL	0	NULL	1	0	1	1	1	0.0	0.0	0.0
11339	1	9	0	5	0	0	3	5	6	NULL	0	0	0	0	0	0	0	0	0	4	1	0	0	1	0	0	0	0	0	0	0	0	0	0	0	0	0	0	0	1	0	0	0	0	0	0	0	0	0	0	0	0	NULL	0	NULL	0	1	0	1	1	1	0.0	0.0	0.0
11659	0	NULL	NULL	NULL	NULL	NULL	NULL	NULL	28	0	0	3	NULL	NULL	NULL	NULL	NULL	NULL	NULL	21	1	3	2	1	0	0	NULL	NULL	0	0	0	0	0	0	0	0	0	0	0	1	0	0	0	3	NULL	3	0	3	NULL	3	0	NULL	21	NULL	0	NULL	0	3	1	1	1	0.0	18.0947	0.0
11659	1	39	0	9	0	0	3	35	21	NULL	0	1	0	0	0	0	0	0	0	15	1	2	1	0	0	0	0	0	0	0	0	0	0	0	0	0	0	0	0	1	0	0	0	3	1	4	0	3	1	4	0	8	NULL	0	NULL	0	0	3	1	1	1	0.0	13.9316	0.0
Table: FunctionId
FUNCTIONID	ORDINAL	FID	FOFFSET
821	0	5	81
2599	0	4	236
3209	0	4	320
3799	0	4	379
4599	0	4	459
5355	0	2	535
5589	0	4	558
6399	0	4	639
9399	0	4	939
11339	0	4	1101
11659	0	2	471
Table: Fcalls
SOURCEID	DESTID
3799	3209
4599	3209
5355	5355
5589	3209
6399	3209
9399	3799
9399	4599
9399	5589
9399	6399
11659	2599
11659	9399
11659	11339
Done
