Table: Ids
EID	NAME	READONLY	UNDEFMACRO	MACRO	FUNMACRO	MACROARG	CPPCONST	CPPSTRVAL	DEFCCONSTVAL	NOTDEFCCONSTVAL	EXPCCONSTVAL	NOTEXPCCONSTVAL	ORDINARY	SUETAG	SUMEMBER	LABEL	TYPEDEF	ENUM	YACC	FUN	CSCOPE	LSCOPE	UNUSED
91	MAXDIGIT	0	0	1	0	0	0	0	1	0	0	0	0	0	0	0	0	0	0	0	0	0	1
321	x	0	0	0	0	0	0	0	0	0	0	0	1	0	0	0	0	0	0	0	0	1	1
421	main	1	0	0	0	0	0	0	0	0	0	0	1	0	0	0	0	0	0	1	0	1	0
541	qqq	0	0	0	0	0	0	0	0	0	0	0	1	0	0	0	0	0	0	0	0	1	1
821	foo	0	0	0	0	0	0	0	0	0	0	0	1	0	0	0	0	0	0	1	0	1	1
1459	typeof	0	0	1	0	0	0	0	0	1	0	1	0	0	0	0	0	0	0	0	0	0	0
1709	max	0	0	1	1	0	0	0	0	0	0	1	0	0	0	0	0	0	0	0	0	0	0
1749	a	0	0	0	0	1	0	0	0	0	0	0	0	0	0	0	0	0	0	0	0	0	0
1769	b	0	0	0	0	1	0	0	0	0	0	0	0	0	0	0	0	0	0	0	0	0	0
2029	_a	0	0	0	0	0	0	0	0	0	0	0	1	0	0	0	0	0	0	0	0	0	0
2369	_b	0	0	0	0	0	0	0	0	0	0	0	1	0	0	0	0	0	0	0	0	0	0
2889	pointer	0	0	1	1	0	0	0	0	0	0	1	0	0	0	0	0	0	0	0	0	0	0
2969	T	0	0	0	0	1	0	0	0	0	0	0	0	0	0	0	0	0	0	0	0	0	0
2975	__DATE__	1	0	1	0	0	0	0	0	1	0	0	0	0	0	0	0	0	0	0	0	0	1
3209	array	0	0	1	1	0	0	0	0	0	0	1	0	0	0	0	0	0	0	0	0	0	0
3269	T	0	0	0	0	1	0	0	0	0	0	0	0	0	0	0	0	0	0	0	0	0	0
3295	__TIME__	1	0	1	0	0	0	0	0	1	0	0	0	0	0	0	0	0	0	0	0	0	1
3299	N	0	0	0	0	1	0	0	0	0	0	0	0	0	0	0	0	0	0	0	0	0	0
3549	s2	0	0	0	0	0	0	0	0	0	0	0	0	1	0	0	0	0	0	0	0	0	0
3575	__FILE__	1	0	1	0	0	0	0	0	1	0	0	0	0	0	0	0	0	0	0	0	0	1
3649	k	0	0	0	0	0	0	0	0	0	0	0	0	0	1	0	0	0	0	0	0	0	1
3859	i	0	0	0	0	0	0	0	0	0	0	0	1	0	0	0	0	0	0	0	0	0	0
3865	__LINE__	1	0	1	0	0	0	0	1	0	0	0	0	0	0	0	0	0	0	0	0	0	1
4019	j	0	0	0	0	0	0	0	0	0	0	0	1	0	0	0	0	0	0	0	0	0	1
4055	__STDC__	1	0	1	0	0	0	0	1	0	0	0	0	0	0	0	0	0	0	0	0	0	1
4129	dd	0	0	0	0	0	0	0	0	0	0	0	1	0	0	0	0	0	0	0	0	0	0
4309	dd2	0	0	0	0	0	0	0	0	0	0	0	1	0	0	0	0	0	0	0	0	0	1
4529	s	0	0	0	0	0	0	0	0	0	0	0	0	1	0	0	0	0	0	0	0	0	0
4559	T	0	0	0	0	0	0	0	0	0	0	0	1	0	0	0	1	0	0	0	0	0	0
4619	a	0	0	0	0	0	0	0	0	0	0	0	1	0	0	0	0	0	0	0	0	0	1
4769	p	0	0	0	0	0	0	0	0	0	0	0	1	0	0	0	0	0	0	0	0	0	0
5009	T2	0	0	0	0	0	0	0	0	0	0	0	1	0	0	0	1	0	0	0	0	0	0
5089	b	0	0	0	0	0	0	0	0	0	0	0	1	0	0	0	0	0	0	0	0	0	1
5329	T3	0	0	0	0	0	0	0	0	0	0	0	1	0	0	0	1	0	0	0	0	0	0
5355	_cscout_dummy1	1	0	0	0	0	0	0	0	0	0	0	1	0	0	0	0	0	0	1	1	0	0
5409	c	0	0	0	0	0	0	0	0	0	0	0	1	0	0	0	0	0	0	0	0	0	1
5569	p2	0	0	0	0	0	0	0	0	0	0	0	1	0	0	0	0	0	0	0	0	0	0
5829	T4	0	0	0	0	0	0	0	0	0	0	0	1	0	0	0	1	0	0	0	0	0	0
5909	d	0	0	0	0	0	0	0	0	0	0	0	1	0	0	0	0	0	0	0	0	0	1
6079	e	0	0	0	0	0	0	0	0	0	0	0	1	0	0	0	0	0	0	0	0	0	1
6249	f	0	0	0	0	0	0	0	0	0	0	0	1	0	0	0	0	0	0	0	0	0	1
7249	y	0	0	0	0	0	0	0	0	0	0	0	1	0	0	0	0	0	0	0	0	0	0
7749	k	0	0	0	0	0	0	0	0	0	0	0	1	0	0	0	0	0	0	0	0	0	0
Table: Tokens
FID	FOFFSET	EID
2	297	2975
2	329	3295
2	357	3575
2	386	3865
2	405	4055
2	471	421
2	535	5355
2	558	5355
4	145	1459
4	170	1709
4	174	1749
4	176	1769
4	191	1459
4	199	1749
4	202	2029
4	208	1749
4	225	1459
4	233	1769
4	236	2369
4	242	1769
4	257	2029
4	262	2369
4	267	2029
4	272	2369
4	288	2889
4	296	2969
4	300	1459
4	307	2969
4	320	3209
4	326	3269
4	329	3299
4	332	1459
4	339	3269
4	342	3299
4	354	3549
4	364	3649
4	371	421
4	385	3859
4	398	3859
4	401	4019
4	412	4129
4	426	4129
4	430	4309
4	452	4529
4	455	4559
4	459	4559
4	461	4619
4	473	4529
4	476	4769
4	497	4769
4	500	5009
4	505	5009
4	508	5089
4	528	3549
4	532	5329
4	537	5329
4	540	5409
4	552	3549
4	556	5569
4	578	5569
4	582	5829
4	587	5829
4	590	5909
4	604	4769
4	607	6079
4	620	5569
4	624	6249
4	628	3859
4	636	4769
4	644	5569
4	654	3859
4	658	1709
4	665	3859
4	671	4129
4	676	1709
4	680	4129
4	698	3209
4	705	2889
4	724	7249
4	734	7249
4	758	1459
4	774	7749
4	784	7749
5	8	91
5	31	321
5	41	421
5	53	541
5	81	821
Table: Rest
FID	FOFFSET	CODE
2	287	\u0000a\u0000a#define 
2	305	  
2	320	\u0000a#define 
2	337	 
2	348	\u0000a#define 
2	365	 
2	377	\u0000a#define 
2	394	 1\u0000a#define 
2	413	 1\u0000a\u0000a
2	466	\u0000aint 
2	475	();\u0000a
2	522	\u0000astatic void 
2	549	(void) { 
2	572	(); }\u0000a
3	152	\u0000a\u0000a\u0000a#pragma includepath 
3	195	\u0000a
3	239	\u0000astatic void _cscout_dummy2(void) { _cscout_dummy2(); }\u0000a
4	27	\u0000a\u0000a
4	135	\u0000a\u0000a#define 
4	151	 __typeof\u0000a\u0000a#define 
4	173	(
4	175	,
4	177	) \\u0000a       ({ 
4	197	 (
4	200	) 
4	204	 = (
4	209	); \\u0000a           
4	231	 (
4	234	) 
4	238	 = (
4	243	); \\u0000a         
4	259	 > 
4	264	 ? 
4	269	 : 
4	274	; })\u0000a\u0000a#define 
4	295	(
4	297	)  
4	306	(
4	308	 *)\u0000a#define 
4	325	(
4	327	, 
4	330	) 
4	338	(
4	340	 [
4	343	])\u0000a\u0000astruct 
4	356	 {\u0000a	int 
4	365	;\u0000a};\u0000a\u0000a
4	375	()\u0000a{\u0000a	int 
4	386	;\u0000a	__typeof(
4	399	) 
4	402	;\u0000a	double 
4	414	;\u0000a	__typeof(
4	428	) 
4	433	;\u0000a\u0000a	typedef struct 
4	453	 *
4	456	;\u0000a	
4	460	 
4	462	;\u0000a\u0000a	struct 
4	474	 *
4	477	;\u0000a	typedef __typeof(
4	498	) 
4	502	;\u0000a	
4	507	 
4	509	;\u0000a\u0000a	typedef struct 
4	530	 *
4	534	;\u0000a	
4	539	 
4	541	;\u0000a\u0000a	struct 
4	554	 *
4	558	;\u0000a	typedef __typeof(
4	580	) 
4	584	;\u0000a	
4	589	 
4	591	;\u0000a\u0000a	__typeof(
4	605	) 
4	608	;\u0000a	__typeof(
4	622	) 
4	625	;\u0000a	
4	629	 = 4;\u0000a	
4	637	 = 0;\u0000a	
4	646	 = 0;\u0000a\u0000a	
4	655	 = 
4	661	(1, 
4	666	);\u0000a\u0000a	
4	673	 = 
4	679	(
4	682	, 2.2);\u0000a\u0000a       
4	703	 (
4	712	 (char), 4) 
4	725	;\u0000a       
4	735	[2] = 
4	748	;\u0000a\u0000a       
4	764	(int [4]) 
4	775	;\u0000a       
4	785	[2] = 4;\u0000a}\u0000a
5	0	#define 
5	16	 11\u0000aextern int 
5	32	;\u0000aextern 
5	45	();\u0000aint 
5	56	;\u0000a\u0000a
5	80	\u0000a
5	84	() {\u0000a	
5	107	}\u0000a\u0000a
Table: Projects
PID	NAME
23	unspecified
24	Prj1
25	Prj2
Table: IdProj
EID	PID
421	24
1459	24
1709	24
1749	24
1769	24
2029	24
2369	24
2889	24
2969	24
2975	24
3209	24
3269	24
3295	24
3299	24
3549	24
3575	24
3649	24
3859	24
3865	24
4019	24
4055	24
4129	24
4309	24
4529	24
4559	24
4619	24
4769	24
5009	24
5089	24
5329	24
5355	24
5409	24
5569	24
5829	24
5909	24
6079	24
6249	24
7249	24
7749	24
91	25
321	25
421	25
541	25
821	25
1459	25
1709	25
1749	25
1769	25
2029	25
2369	25
2889	25
2969	25
2975	25
3209	25
3269	25
3295	25
3299	25
3549	25
3575	25
3649	25
3859	25
3865	25
4019	25
4055	25
4129	25
4309	25
4529	25
4559	25
4619	25
4769	25
5009	25
5089	25
5329	25
5355	25
5409	25
5569	25
5829	25
5909	25
6079	25
6249	25
7249	25
7749	25
Table: Files
FID	NAME	RO
2	host-defs.h	1
3	host-incs.h	1
4	c18-typeof.c	0
5	prj2.c	0
Table: Filemetrics
FID	PRECPP	NCHAR	NCCOMMENT	NSPACE	NLCOMMENT	NBCOMMENT	NLINE	MAXLINELEN	MAXSTMTLEN	MAXSTMTNEST	MAXBRACENEST	MAXBRACKNEST	BRACENEST	BRACKNEST	NULINE	NPPDIRECTIVE	NPPCOND	NPPFMACRO	NPPOMACRO	NTOKEN	NSTMT	NOP	NUOP	NNCONST	NCLIT	NSTRING	NPPCONCATOP	NPPSTRINGOP	NIF	NELSE	NSWITCH	NCASE	NDEFAULT	NBREAK	NFOR	NWHILE	NDO	NCONTINUE	NGOTO	NRETURN	NASM	NTYPEOF	NPID	NFID	NMID	NID	NUPID	NUFID	NUMID	NUID	NLABEL	NMACROEXPANDTOKEN	NCOPIES	NINCFILE	NPFUNCTION	NFFUNCTION	NPVAR	NFVAR	NAGGREGATE	NAMEMBER	NENUM	NEMEMBER
2	0	NULL	NULL	NULL	NULL	NULL	NULL	NULL	16	0	1	1	NULL	NULL	NULL	NULL	NULL	NULL	NULL	18	2	0	0	0	0	0	NULL	NULL	0	0	0	0	0	0	0	0	0	0	0	0	0	0	0	0	NULL	0	0	0	NULL	0	0	NULL	NULL	NULL	0	1	0	0	0	0	0	0
2	1	548	367	29	0	3	22	61	47	NULL	1	1	0	0	0	5	0	0	5	37	2	0	0	2	0	3	0	0	0	0	0	0	0	0	0	0	0	0	0	0	0	0	1	2	5	8	1	1	5	7	0	0	1	0	NULL	NULL	NULL	NULL	NULL	NULL	NULL	NULL
3	0	NULL	NULL	NULL	NULL	NULL	NULL	NULL	15	0	1	1	NULL	NULL	NULL	NULL	NULL	NULL	NULL	0	1	0	0	0	0	0	NULL	NULL	0	0	0	0	0	0	0	0	0	0	0	0	0	0	0	0	NULL	0	0	0	NULL	0	0	NULL	NULL	NULL	0	0	0	0	0	0	0	0
3	1	243	187	13	0	2	13	48	28	NULL	1	1	0	0	0	1	0	0	0	16	1	0	0	0	0	1	0	0	0	0	0	0	0	0	0	0	0	0	0	0	0	0	0	0	0	0	0	0	0	0	0	0	1	0	NULL	NULL	NULL	NULL	NULL	NULL	NULL	NULL
4	0	NULL	NULL	NULL	NULL	NULL	NULL	NULL	22	0	2	2	NULL	NULL	NULL	NULL	NULL	NULL	NULL	210	33	20	0	12	0	1	NULL	NULL	0	0	0	0	0	0	0	0	0	0	0	0	0	13	2	0	NULL	104	1	0	NULL	21	0	NULL	NULL	NULL	1	0	0	0	1	1	0	0
4	1	737	125	211	0	2	57	81	52	NULL	1	2	0	0	0	4	0	3	1	225	30	16	0	10	0	1	0	0	0	0	0	0	0	0	0	0	0	0	0	0	0	7	1	0	13	57	1	0	4	25	0	232	1	0	NULL	NULL	NULL	NULL	NULL	NULL	NULL	NULL
5	0	NULL	NULL	NULL	NULL	NULL	NULL	NULL	7	0	1	1	NULL	NULL	NULL	NULL	NULL	NULL	NULL	18	3	0	0	0	0	0	NULL	NULL	0	0	0	0	0	0	0	0	0	0	0	0	0	0	4	0	NULL	4	4	0	NULL	4	0	NULL	NULL	NULL	1	0	2	0	0	0	0	0
5	1	95	32	17	2	0	11	20	13	NULL	1	1	0	0	0	1	0	0	1	21	3	0	0	1	0	0	0	0	0	0	0	0	0	0	0	0	0	0	0	0	0	0	4	0	1	5	4	0	1	5	0	0	1	0	NULL	NULL	NULL	NULL	NULL	NULL	NULL	NULL
Table: FileProj
FID	PID
2	24
3	24
4	24
1	25
2	25
3	25
4	25
5	25
Table: LineProj
FID	PID	LNUM
2	24	1
2	24	2
2	24	3
2	24	4
2	24	5
2	24	6
2	24	7
2	24	8
2	24	9
2	24	10
2	24	11
2	24	12
2	24	13
2	24	14
2	24	15
2	24	16
2	24	17
2	24	18
2	24	19
2	24	20
2	24	21
2	24	22
3	24	1
3	24	2
3	24	3
3	24	4
3	24	5
3	24	6
3	24	7
3	24	8
3	24	9
3	24	10
3	24	11
3	24	12
3	24	13
4	24	1
4	24	2
4	24	3
4	24	4
4	24	5
4	24	6
4	24	7
4	24	8
4	24	9
4	24	10
4	24	11
4	24	12
4	24	13
4	24	14
4	24	15
4	24	16
4	24	17
4	24	18
4	24	19
4	24	20
4	24	21
4	24	22
4	24	23
4	24	24
4	24	25
4	24	26
4	24	27
4	24	28
4	24	29
4	24	30
4	24	31
4	24	32
4	24	33
4	24	34
4	24	35
4	24	36
4	24	37
4	24	38
4	24	39
4	24	40
4	24	41
4	24	42
4	24	43
4	24	44
4	24	45
4	24	46
4	24	47
4	24	48
4	24	49
4	24	50
4	24	51
4	24	52
4	24	53
4	24	54
4	24	55
4	24	56
4	24	57
2	25	1
2	25	2
2	25	3
2	25	4
2	25	5
2	25	6
2	25	7
2	25	8
2	25	9
2	25	10
2	25	11
2	25	12
2	25	13
2	25	14
2	25	15
2	25	16
2	25	17
2	25	18
2	25	19
2	25	20
2	25	21
2	25	22
3	25	1
3	25	2
3	25	3
3	25	4
3	25	5
3	25	6
3	25	7
3	25	8
3	25	9
3	25	10
3	25	11
3	25	12
3	25	13
4	25	1
4	25	2
4	25	3
4	25	4
4	25	5
4	25	6
4	25	7
4	25	8
4	25	9
4	25	10
4	25	11
4	25	12
4	25	13
4	25	14
4	25	15
4	25	16
4	25	17
4	25	18
4	25	19
4	25	20
4	25	21
4	25	22
4	25	23
4	25	24
4	25	25
4	25	26
4	25	27
4	25	28
4	25	29
4	25	30
4	25	31
4	25	32
4	25	33
4	25	34
4	25	35
4	25	36
4	25	37
4	25	38
4	25	39
4	25	40
4	25	41
4	25	42
4	25	43
4	25	44
4	25	45
4	25	46
4	25	47
4	25	48
4	25	49
4	25	50
4	25	51
4	25	52
4	25	53
4	25	54
4	25	55
4	25	56
4	25	57
5	25	1
5	25	2
5	25	3
5	25	4
5	25	5
5	25	6
5	25	7
5	25	8
5	25	9
5	25	10
5	25	11
Table: LinePos
FID	FOFFSET	LNUM
2	0	1
2	4	2
2	51	3
2	54	4
2	100	5
2	119	6
2	122	7
2	184	8
2	231	9
2	234	10
2	284	11
2	288	12
2	289	13
2	321	14
2	349	15
2	378	16
2	397	17
2	416	18
2	417	19
2	467	20
2	479	21
2	523	22
3	0	1
3	4	2
3	51	3
3	54	4
3	78	5
3	97	6
3	100	7
3	149	8
3	153	9
3	154	10
3	155	11
3	196	12
3	240	13
4	0	1
4	28	2
4	29	3
4	51	4
4	133	5
4	136	6
4	137	7
4	161	8
4	162	9
4	181	10
4	214	11
4	248	12
4	279	13
4	280	14
4	312	15
4	346	16
4	347	17
4	359	18
4	367	19
4	370	20
4	371	21
4	378	22
4	380	23
4	388	24
4	404	25
4	416	26
4	435	27
4	436	28
4	458	29
4	464	30
4	465	31
4	479	32
4	504	33
4	511	34
4	512	35
4	536	36
4	543	37
4	544	38
4	560	39
4	586	40
4	593	41
4	594	42
4	610	43
4	627	44
4	635	45
4	643	46
4	652	47
4	653	48
4	669	49
4	670	50
4	690	51
4	691	52
4	727	53
4	750	54
4	751	55
4	777	56
4	794	57
5	0	1
5	20	2
5	34	3
5	49	4
5	58	5
5	59	6
5	80	7
5	81	8
5	89	9
5	107	10
5	109	11
Table: Definers
PID	CUID	BASEFILEID	DEFINERID
24	4	4	2
25	4	4	2
25	5	5	2
Table: Includers
PID	CUID	BASEFILEID	INCLUDERID
24	2	2	1
24	4	3	1
24	4	4	1
25	2	2	1
25	2	2	1
25	4	3	1
25	4	4	1
25	5	3	1
25	5	5	1
Table: Providers
PID	CUID	PROVIDERID
24	2	2
24	4	4
25	2	2
25	2	2
25	4	4
25	5	5
Table: IncTriggers
PID	CUID	BASEFILEID	DEFINERID	FOFFSET	LEN
24	4	4	2	471	4
25	4	4	2	471	4
25	5	5	2	471	4
Table: Functions
ID	NAME	ISMACRO	DEFINED	DECLARED	FILESCOPED	FID	FOFFSET	FANIN
821	foo	0	1	1	0	5	81	0
1709	max	1	1	0	1	4	170	1
2889	pointer	1	1	0	1	4	288	1
3209	array	1	1	0	1	4	320	1
3719	main	0	1	1	0	4	371	0
5355	_cscout_dummy1	0	1	1	1	2	535	1
Table: FunctionDefs
FUNCTIONID	FIDBEGIN	FOFFSETBEGIN	FIDEND	FOFFSETEND
821	5	88	5	108
1709	4	178	4	279
2889	4	298	4	312
3209	4	331	4	346
3719	4	379	4	795
5355	2	557	2	577
Table: FunctionMetrics
FUNCTIONID	PRECPP	NCHAR	NCCOMMENT	NSPACE	NLCOMMENT	NBCOMMENT	NLINE	MAXLINELEN	MAXSTMTLEN	MAXSTMTNEST	MAXBRACENEST	MAXBRACKNEST	BRACENEST	BRACKNEST	NULINE	NPPDIRECTIVE	NPPCOND	NPPFMACRO	NPPOMACRO	NTOKEN	NSTMT	NOP	NUOP	NNCONST	NCLIT	NSTRING	NPPCONCATOP	NPPSTRINGOP	NIF	NELSE	NSWITCH	NCASE	NDEFAULT	NBREAK	NFOR	NWHILE	NDO	NCONTINUE	NGOTO	NRETURN	NASM	NTYPEOF	NPID	NFID	NMID	NID	NUPID	NUFID	NUMID	NUID	NLABEL	NMACROEXPANDTOKEN	NGNSOC	NMPARAM	NFPARAM	NEPARAM	FANIN	FANOUT	CCYCL1	CCYCL2	CCYCL3	CSTRUC	CHAL	IFLOW
821	0	NULL	NULL	NULL	NULL	NULL	NULL	NULL	0	0	0	0	NULL	NULL	NULL	NULL	NULL	NULL	NULL	1	0	0	0	0	0	0	NULL	NULL	0	0	0	0	0	0	0	0	0	0	0	0	0	0	0	0	NULL	0	0	0	NULL	0	0	NULL	16	NULL	0	NULL	0	0	1	1	1	0.0	0.0	0.0
821	1	21	14	3	1	0	3	17	0	NULL	0	0	0	0	0	0	0	0	0	1	0	0	0	0	0	0	0	0	0	0	0	0	0	0	0	0	0	0	0	0	0	0	0	0	0	0	0	0	0	0	0	0	NULL	0	NULL	0	0	0	1	1	1	0.0	0.0	0.0
1709	0	NULL	NULL	NULL	NULL	NULL	NULL	NULL	0	0	0	0	NULL	NULL	NULL	NULL	NULL	NULL	NULL	0	0	0	0	0	0	0	NULL	NULL	0	0	0	0	0	0	0	0	0	0	0	0	0	0	0	0	NULL	0	0	0	NULL	0	0	NULL	0	NULL	0	NULL	1	0	1	1	1	0.0	0.0	0.0
1709	1	114	0	51	0	0	5	37	18	NULL	1	2	0	0	0	0	0	0	0	32	3	4	3	0	0	0	0	0	0	0	0	0	0	0	0	0	0	0	0	0	0	0	0	0	2	8	0	0	1	3	0	0	NULL	2	NULL	0	1	0	1	2	2	0.0	31.0196	0.0
2889	0	NULL	NULL	NULL	NULL	NULL	NULL	NULL	0	0	0	0	NULL	NULL	NULL	NULL	NULL	NULL	NULL	0	0	0	0	0	0	0	NULL	NULL	0	0	0	0	0	0	0	0	0	0	0	0	0	0	0	0	NULL	0	0	0	NULL	0	0	NULL	0	NULL	0	NULL	1	0	1	1	1	0.0	0.0	0.0
2889	1	17	0	4	0	0	1	15	0	NULL	0	1	0	0	0	0	0	0	0	5	0	1	1	0	0	0	0	0	0	0	0	0	0	0	0	0	0	0	0	0	0	0	0	0	1	1	0	0	1	1	0	0	NULL	1	NULL	0	1	0	1	1	1	0.0	2.0	0.0
3209	0	NULL	NULL	NULL	NULL	NULL	NULL	NULL	0	0	0	0	NULL	NULL	NULL	NULL	NULL	NULL	NULL	0	0	0	0	0	0	0	NULL	NULL	0	0	0	0	0	0	0	0	0	0	0	0	0	0	0	0	NULL	0	0	0	NULL	0	0	NULL	0	NULL	0	NULL	1	0	1	1	1	0.0	0.0	0.0
3209	1	19	0	4	0	0	2	17	0	NULL	0	1	0	0	0	0	0	0	0	7	0	0	0	0	0	0	0	0	0	0	0	0	0	0	0	0	0	0	0	0	0	0	0	0	1	1	0	0	1	1	0	0	NULL	2	NULL	0	1	0	1	1	1	0.0	0.0	0.0
3719	0	NULL	NULL	NULL	NULL	NULL	NULL	NULL	22	0	1	2	NULL	NULL	NULL	NULL	NULL	NULL	NULL	197	31	20	4	12	0	1	NULL	NULL	0	0	0	0	0	0	0	0	0	0	0	0	0	13	0	0	NULL	51	0	0	NULL	20	0	NULL	13	NULL	0	NULL	0	3	1	3	3	0.0	429.104	0.0
3719	1	363	0	131	0	0	36	35	18	NULL	0	2	0	0	0	0	0	0	0	143	25	11	2	10	0	1	0	0	0	0	0	0	0	0	0	0	0	0	0	0	0	6	0	0	5	42	0	0	4	22	0	116	NULL	0	NULL	0	0	3	1	1	1	0.0	320.51	0.0
5355	0	NULL	NULL	NULL	NULL	NULL	NULL	NULL	5	0	0	1	NULL	NULL	NULL	NULL	NULL	NULL	NULL	5	1	0	0	0	0	0	NULL	NULL	0	0	0	0	0	0	0	0	0	0	0	0	0	0	0	1	NULL	1	0	1	NULL	1	0	NULL	8	NULL	0	NULL	1	1	1	1	1	1.0	0.0	1.0
5355	1	22	0	3	0	0	1	21	5	NULL	0	1	0	0	0	0	0	0	0	5	1	0	0	0	0	0	0	0	0	0	0	0	0	0	0	0	0	0	0	0	0	0	0	1	0	1	0	1	0	1	0	0	NULL	0	NULL	0	1	1	1	1	1	1.0	0.0	1.0
Table: FunctionId
FUNCTIONID	ORDINAL	FID	FOFFSET	LEN
821	0	5	81	3
1709	0	4	170	3
2889	0	4	288	7
3209	0	4	320	5
3719	0	2	471	4
5355	0	2	535	14
Table: Fcalls
SOURCEID	DESTID
3719	1709
3719	2889
3719	3209
5355	5355
Done
