Table: Ids
EID	NAME	READONLY	UNDEFMACRO	MACRO	FUNMACRO	MACROARG	CPPCONST	CPPSTRVAL	DEFCCONSTVAL	NOTDEFCCONSTVAL	EXPCCONSTVAL	NOTEXPCCONSTVAL	ORDINARY	SUETAG	SUMEMBER	LABEL	TYPEDEF	ENUM	YACC	FUN	CSCOPE	LSCOPE	UNUSED
109	MAXDIGIT	0	0	1	0	0	0	0	1	0	0	0	0	0	0	0	0	0	0	0	0	0	1
385	x	0	0	0	0	0	0	0	0	0	0	0	1	0	0	0	0	0	0	0	0	1	1
505	main	1	0	0	0	0	0	0	0	0	0	0	1	0	0	0	0	0	0	1	0	1	0
649	qqq	0	0	0	0	0	0	0	0	0	0	0	1	0	0	0	0	0	0	0	0	1	1
945	complex	1	0	1	0	0	0	0	0	1	0	1	0	0	0	0	0	0	0	0	0	0	0
985	foo	0	0	0	0	0	0	0	0	0	0	0	1	0	0	0	0	0	0	1	0	1	1
1041	c1	0	0	0	0	0	0	0	0	0	0	0	1	0	0	0	0	0	0	0	0	0	1
1209	c2	0	0	0	0	0	0	0	0	0	0	0	1	0	0	0	0	0	0	0	0	0	1
1449	c3	0	0	0	0	0	0	0	0	0	0	0	1	0	0	0	0	0	0	0	0	0	0
1653	_Complex_I	1	0	1	0	0	0	0	0	1	0	1	0	0	0	0	0	0	0	0	0	0	0
1821	imaginary	1	0	1	0	0	0	0	0	1	0	1	0	0	0	0	0	0	0	0	0	0	0
1941	c4	0	0	0	0	0	0	0	0	0	0	0	1	0	0	0	0	0	0	0	0	0	1
2133	c5	0	0	0	0	0	0	0	0	0	0	0	1	0	0	0	0	0	0	0	0	0	1
2397	c7	0	0	0	0	0	0	0	0	0	0	0	1	0	0	0	0	0	0	0	0	0	1
2673	c8	0	0	0	0	0	0	0	0	0	0	0	1	0	0	0	0	0	0	0	0	0	1
2733	_Imaginary_I	1	0	1	0	0	0	0	0	1	0	1	0	0	0	0	0	0	0	0	0	0	0
3117	c9	0	0	0	0	0	0	0	0	0	0	0	1	0	0	0	0	0	0	0	0	0	1
3537	c10	0	0	0	0	0	0	0	0	0	0	0	1	0	0	0	0	0	0	0	0	0	1
3569	__DATE__	1	0	1	0	0	0	0	0	1	0	0	0	0	0	0	0	0	0	0	0	0	1
3609	I	1	0	1	0	0	0	0	0	1	0	1	0	0	0	0	0	0	0	0	0	0	0
3953	__TIME__	1	0	1	0	0	0	0	0	1	0	0	0	0	0	0	0	0	0	0	0	0	1
4289	__FILE__	1	0	1	0	0	0	0	0	1	0	0	0	0	0	0	0	0	0	0	0	0	1
4637	__LINE__	1	0	1	0	0	0	0	1	0	0	0	0	0	0	0	0	0	0	0	0	0	1
4865	__STDC__	1	0	1	0	0	0	0	1	0	0	0	0	0	0	0	0	0	0	0	0	0	1
5517	ca	0	0	0	0	0	0	0	0	0	0	0	1	0	0	0	0	0	0	0	0	0	1
5577	cabs	1	0	0	0	0	0	0	0	0	0	0	1	0	0	0	0	0	0	1	0	1	0
6425	_cscout_dummy1	1	0	0	0	0	0	0	0	0	0	0	1	0	0	0	0	0	0	1	1	0	0
9347	_COMPLEX_H	1	1	1	0	0	1	0	1	0	0	0	0	0	0	0	0	0	0	0	0	0	0
12071	cabsf	1	0	0	0	0	0	0	0	0	0	0	1	0	0	0	0	0	0	1	0	1	1
12587	cabsl	1	0	0	0	0	0	0	0	0	0	0	1	0	0	0	0	0	0	1	0	1	1
13175	cacos	1	0	0	0	0	0	0	0	0	0	0	1	0	0	0	0	0	0	1	0	1	1
13703	cacosf	1	0	0	0	0	0	0	0	0	0	0	1	0	0	0	0	0	0	1	0	1	1
14231	cacosh	1	0	0	0	0	0	0	0	0	0	0	1	0	0	0	0	0	0	1	0	1	1
14771	cacoshf	1	0	0	0	0	0	0	0	0	0	0	1	0	0	0	0	0	0	1	0	1	1
15311	cacoshl	1	0	0	0	0	0	0	0	0	0	0	1	0	0	0	0	0	0	1	0	1	1
15923	cacosl	1	0	0	0	0	0	0	0	0	0	0	1	0	0	0	0	0	0	1	0	1	1
16523	carg	1	0	0	0	0	0	0	0	0	0	0	1	0	0	0	0	0	0	1	0	1	1
17039	cargf	1	0	0	0	0	0	0	0	0	0	0	1	0	0	0	0	0	0	1	0	1	1
17555	cargl	1	0	0	0	0	0	0	0	0	0	0	1	0	0	0	0	0	0	1	0	1	1
18143	casin	1	0	0	0	0	0	0	0	0	0	0	1	0	0	0	0	0	0	1	0	1	1
18671	casinf	1	0	0	0	0	0	0	0	0	0	0	1	0	0	0	0	0	0	1	0	1	1
19199	casinh	1	0	0	0	0	0	0	0	0	0	0	1	0	0	0	0	0	0	1	0	1	1
19739	casinhf	1	0	0	0	0	0	0	0	0	0	0	1	0	0	0	0	0	0	1	0	1	1
20279	casinhl	1	0	0	0	0	0	0	0	0	0	0	1	0	0	0	0	0	0	1	0	1	1
20891	casinl	1	0	0	0	0	0	0	0	0	0	0	1	0	0	0	0	0	0	1	0	1	1
21491	catan	1	0	0	0	0	0	0	0	0	0	0	1	0	0	0	0	0	0	1	0	1	1
22019	catanf	1	0	0	0	0	0	0	0	0	0	0	1	0	0	0	0	0	0	1	0	1	1
22547	catanh	1	0	0	0	0	0	0	0	0	0	0	1	0	0	0	0	0	0	1	0	1	1
23087	catanhf	1	0	0	0	0	0	0	0	0	0	0	1	0	0	0	0	0	0	1	0	1	1
23627	catanhl	1	0	0	0	0	0	0	0	0	0	0	1	0	0	0	0	0	0	1	0	1	1
24239	catanl	1	0	0	0	0	0	0	0	0	0	0	1	0	0	0	0	0	0	1	0	1	1
24839	ccos	1	0	0	0	0	0	0	0	0	0	0	1	0	0	0	0	0	0	1	0	1	1
25355	ccosf	1	0	0	0	0	0	0	0	0	0	0	1	0	0	0	0	0	0	1	0	1	1
25871	ccosh	1	0	0	0	0	0	0	0	0	0	0	1	0	0	0	0	0	0	1	0	1	1
26399	ccoshf	1	0	0	0	0	0	0	0	0	0	0	1	0	0	0	0	0	0	1	0	1	1
26927	ccoshl	1	0	0	0	0	0	0	0	0	0	0	1	0	0	0	0	0	0	1	0	1	1
27527	ccosl	1	0	0	0	0	0	0	0	0	0	0	1	0	0	0	0	0	0	1	0	1	1
28115	cexp	1	0	0	0	0	0	0	0	0	0	0	1	0	0	0	0	0	0	1	0	1	1
28631	cexpf	1	0	0	0	0	0	0	0	0	0	0	1	0	0	0	0	0	0	1	0	1	1
29147	cexpl	1	0	0	0	0	0	0	0	0	0	0	1	0	0	0	0	0	0	1	0	1	1
29735	cimag	1	0	0	0	0	0	0	0	0	0	0	1	0	0	0	0	0	0	1	0	1	1
30263	cimagf	1	0	0	0	0	0	0	0	0	0	0	1	0	0	0	0	0	0	1	0	1	1
30791	cimagl	1	0	0	0	0	0	0	0	0	0	0	1	0	0	0	0	0	0	1	0	1	1
31391	clog	1	0	0	0	0	0	0	0	0	0	0	1	0	0	0	0	0	0	1	0	1	1
31907	clogf	1	0	0	0	0	0	0	0	0	0	0	1	0	0	0	0	0	0	1	0	1	1
32423	clogl	1	0	0	0	0	0	0	0	0	0	0	1	0	0	0	0	0	0	1	0	1	1
33011	conj	1	0	0	0	0	0	0	0	0	0	0	1	0	0	0	0	0	0	1	0	1	1
33527	conjf	1	0	0	0	0	0	0	0	0	0	0	1	0	0	0	0	0	0	1	0	1	1
34043	conjl	1	0	0	0	0	0	0	0	0	0	0	1	0	0	0	0	0	0	1	0	1	1
34631	cpow	1	0	0	0	0	0	0	0	0	0	0	1	0	0	0	0	0	0	1	0	1	1
35339	cpowf	1	0	0	0	0	0	0	0	0	0	0	1	0	0	0	0	0	0	1	0	1	1
36035	cpowl	1	0	0	0	0	0	0	0	0	0	0	1	0	0	0	0	0	0	1	0	1	1
36875	cproj	1	0	0	0	0	0	0	0	0	0	0	1	0	0	0	0	0	0	1	0	1	1
37403	cprojf	1	0	0	0	0	0	0	0	0	0	0	1	0	0	0	0	0	0	1	0	1	1
37931	cprojl	1	0	0	0	0	0	0	0	0	0	0	1	0	0	0	0	0	0	1	0	1	1
38531	creal	1	0	0	0	0	0	0	0	0	0	0	1	0	0	0	0	0	0	1	0	1	1
39059	crealf	1	0	0	0	0	0	0	0	0	0	0	1	0	0	0	0	0	0	1	0	1	1
39587	creall	1	0	0	0	0	0	0	0	0	0	0	1	0	0	0	0	0	0	1	0	1	1
40187	csin	1	0	0	0	0	0	0	0	0	0	0	1	0	0	0	0	0	0	1	0	1	1
40703	csinf	1	0	0	0	0	0	0	0	0	0	0	1	0	0	0	0	0	0	1	0	1	1
41219	csinh	1	0	0	0	0	0	0	0	0	0	0	1	0	0	0	0	0	0	1	0	1	1
41747	csinhf	1	0	0	0	0	0	0	0	0	0	0	1	0	0	0	0	0	0	1	0	1	1
42275	csinhl	1	0	0	0	0	0	0	0	0	0	0	1	0	0	0	0	0	0	1	0	1	1
42875	csinl	1	0	0	0	0	0	0	0	0	0	0	1	0	0	0	0	0	0	1	0	1	1
43463	csqrt	1	0	0	0	0	0	0	0	0	0	0	1	0	0	0	0	0	0	1	0	1	1
43991	csqrtf	1	0	0	0	0	0	0	0	0	0	0	1	0	0	0	0	0	0	1	0	1	1
44519	csqrtl	1	0	0	0	0	0	0	0	0	0	0	1	0	0	0	0	0	0	1	0	1	1
45119	ctan	1	0	0	0	0	0	0	0	0	0	0	1	0	0	0	0	0	0	1	0	1	1
45635	ctanf	1	0	0	0	0	0	0	0	0	0	0	1	0	0	0	0	0	0	1	0	1	1
46151	ctanh	1	0	0	0	0	0	0	0	0	0	0	1	0	0	0	0	0	0	1	0	1	1
46679	ctanhf	1	0	0	0	0	0	0	0	0	0	0	1	0	0	0	0	0	0	1	0	1	1
47207	ctanhl	1	0	0	0	0	0	0	0	0	0	0	1	0	0	0	0	0	0	1	0	1	1
47807	ctanl	1	0	0	0	0	0	0	0	0	0	0	1	0	0	0	0	0	0	1	0	1	1
Table: Tokens
FID	FOFFSET	EID
2	297	3569
2	329	3953
2	357	4289
2	386	4637
2	405	4865
2	471	505
2	535	6425
2	558	6425
4	68	505
4	78	945
4	86	1041
4	100	1209
4	120	1449
4	137	1653
4	151	1821
4	161	1941
4	177	2133
4	199	2397
4	222	2673
4	227	2733
4	259	3117
4	264	1653
4	294	3537
4	300	3609
4	459	5517
4	464	5577
4	469	1449
5	778	9347
5	797	9347
5	821	945
5	846	1821
5	876	1653
5	899	2733
5	925	3609
5	927	2733
5	962	5577
5	974	945
5	1005	12071
5	1017	945
5	1048	12587
5	1066	945
5	1083	945
5	1097	13175
5	1110	945
5	1126	945
5	1141	13703
5	1154	945
5	1171	945
5	1185	14231
5	1199	945
5	1215	945
5	1230	14771
5	1244	945
5	1266	945
5	1275	15311
5	1295	945
5	1317	945
5	1326	15923
5	1345	945
5	1376	16523
5	1388	945
5	1419	17039
5	1431	945
5	1462	17555
5	1480	945
5	1497	945
5	1511	18143
5	1524	945
5	1540	945
5	1555	18671
5	1568	945
5	1585	945
5	1599	19199
5	1613	945
5	1629	945
5	1644	19739
5	1658	945
5	1680	945
5	1689	20279
5	1709	945
5	1731	945
5	1740	20891
5	1759	945
5	1776	945
5	1790	21491
5	1803	945
5	1819	945
5	1834	22019
5	1847	945
5	1864	945
5	1878	22547
5	1892	945
5	1908	945
5	1923	23087
5	1937	945
5	1959	945
5	1968	23627
5	1988	945
5	2010	945
5	2019	24239
5	2038	945
5	2055	945
5	2069	24839
5	2081	945
5	2097	945
5	2112	25355
5	2124	945
5	2141	945
5	2155	25871
5	2168	945
5	2184	945
5	2199	26399
5	2212	945
5	2234	945
5	2243	26927
5	2262	945
5	2284	945
5	2293	27527
5	2311	945
5	2328	945
5	2342	28115
5	2354	945
5	2370	945
5	2385	28631
5	2397	945
5	2419	945
5	2428	29147
5	2446	945
5	2477	29735
5	2490	945
5	2521	30263
5	2534	945
5	2565	30791
5	2584	945
5	2601	945
5	2615	31391
5	2627	945
5	2643	945
5	2658	31907
5	2670	945
5	2692	945
5	2701	32423
5	2719	945
5	2736	945
5	2750	33011
5	2762	945
5	2778	945
5	2793	33527
5	2805	945
5	2827	945
5	2836	34043
5	2854	945
5	2871	945
5	2885	34631
5	2897	945
5	2913	945
5	2929	945
5	2944	35339
5	2956	945
5	2971	945
5	2993	945
5	3002	36035
5	3020	945
5	3041	945
5	3058	945
5	3072	36875
5	3085	945
5	3101	945
5	3116	37403
5	3129	945
5	3151	945
5	3160	37931
5	3179	945
5	3210	38531
5	3223	945
5	3254	39059
5	3267	945
5	3298	39587
5	3317	945
5	3334	945
5	3348	40187
5	3360	945
5	3376	945
5	3391	40703
5	3403	945
5	3420	945
5	3434	41219
5	3447	945
5	3463	945
5	3478	41747
5	3491	945
5	3513	945
5	3522	42275
5	3541	945
5	3563	945
5	3572	42875
5	3590	945
5	3607	945
5	3621	43463
5	3634	945
5	3650	945
5	3665	43991
5	3678	945
5	3700	945
5	3709	44519
5	3728	945
5	3745	945
5	3759	45119
5	3771	945
5	3787	945
5	3802	45635
5	3814	945
5	3831	945
5	3845	46151
5	3858	945
5	3874	945
5	3889	46679
5	3902	945
5	3924	945
5	3933	47207
5	3952	945
5	3974	945
5	3983	47807
5	4001	945
6	8	109
6	31	385
6	41	505
6	53	649
6	81	985
Table: Rest
FID	FOFFSET	CODE
2	287	\u0000a\u0000a#define 
2	305	  
2	320	\u0000a#define 
2	337	 
2	348	\u0000a#define 
2	365	 
2	377	\u0000a#define 
2	394	 1\u0000a#define 
2	413	 1\u0000a\u0000a
2	466	\u0000aint 
2	475	();\u0000a
2	522	\u0000astatic void 
2	549	(void) { 
2	572	(); }\u0000a
3	152	\u0000a\u0000a\u0000a#pragma includepath 
3	195	\u0000a
3	239	\u0000astatic void _cscout_dummy2(void) { _cscout_dummy2(); }\u0000a
4	40	\u0000a\u0000a#include <complex.h>\u0000a\u0000aint 
4	72	() {\u0000a	
4	85	 
4	88	;\u0000a	_Complex 
4	102	;\u0000a	float _Complex 
4	122	 = 2.0f + 2.0f*
4	147	;\u0000a\u0000a	
4	160	 
4	163	;\u0000a	_Imaginary 
4	179	;\u0000a	float _Imaginary 
4	201	;\u0000a\u0000a	float _Imaginary 
4	224	 = 
4	239	;\u0000a	float _Imaginary 
4	261	 = 
4	274	;\u0000a	float _Imaginary 
4	297	 = 
4	301	;\u0000a\u0000a	
4	450	\u0000a	double 
4	461	 = 
4	468	(
4	471	);\u0000a	return 0;\u0000a}\u0000a
5	712	\u0000a\u0000a
5	768	\u0000a\u0000a#ifndef 
5	788	\u0000a#define 
5	807	   1\u0000a\u0000a#define 
5	828	 _Complex\u0000a#define 
5	855	 _Imaginary\u0000a\u0000a#define 
5	886	 -1f\u0000a#define 
5	911	 -1f\u0000a\u0000a#define 
5	926	 
5	939	\u0000a\u0000adouble               
5	966	(double 
5	981	);\u0000afloat                
5	1010	(float 
5	1024	);\u0000along double          
5	1053	(long double 
5	1073	);\u0000adouble 
5	1090	       
5	1102	(double 
5	1117	);\u0000afloat 
5	1133	        
5	1147	(float 
5	1161	);\u0000adouble 
5	1178	       
5	1191	(double 
5	1206	);\u0000afloat 
5	1222	        
5	1237	(float 
5	1251	);\u0000along double 
5	1273	  
5	1282	(long double 
5	1302	);\u0000along double 
5	1324	  
5	1332	(long double 
5	1352	);\u0000adouble               
5	1380	(double 
5	1395	);\u0000afloat                
5	1424	(float 
5	1438	);\u0000along double          
5	1467	(long double 
5	1487	);\u0000adouble 
5	1504	       
5	1516	(double 
5	1531	);\u0000afloat 
5	1547	        
5	1561	(float 
5	1575	);\u0000adouble 
5	1592	       
5	1605	(double 
5	1620	);\u0000afloat 
5	1636	        
5	1651	(float 
5	1665	);\u0000along double 
5	1687	  
5	1696	(long double 
5	1716	);\u0000along double 
5	1738	  
5	1746	(long double 
5	1766	);\u0000adouble 
5	1783	       
5	1795	(double 
5	1810	);\u0000afloat 
5	1826	        
5	1840	(float 
5	1854	);\u0000adouble 
5	1871	       
5	1884	(double 
5	1899	);\u0000afloat 
5	1915	        
5	1930	(float 
5	1944	);\u0000along double 
5	1966	  
5	1975	(long double 
5	1995	);\u0000along double 
5	2017	  
5	2025	(long double 
5	2045	);\u0000adouble 
5	2062	       
5	2073	(double 
5	2088	);\u0000afloat 
5	2104	        
5	2117	(float 
5	2131	);\u0000adouble 
5	2148	       
5	2160	(double 
5	2175	);\u0000afloat 
5	2191	        
5	2205	(float 
5	2219	);\u0000along double 
5	2241	  
5	2249	(long double 
5	2269	);\u0000along double 
5	2291	  
5	2298	(long double 
5	2318	);\u0000adouble 
5	2335	       
5	2346	(double 
5	2361	);\u0000afloat 
5	2377	        
5	2390	(float 
5	2404	);\u0000along double 
5	2426	  
5	2433	(long double 
5	2453	);\u0000adouble               
5	2482	(double 
5	2497	);\u0000afloat                
5	2527	(float 
5	2541	);\u0000along double          
5	2571	(long double 
5	2591	);\u0000adouble 
5	2608	       
5	2619	(double 
5	2634	);\u0000afloat 
5	2650	        
5	2663	(float 
5	2677	);\u0000along double 
5	2699	  
5	2706	(long double 
5	2726	);\u0000adouble 
5	2743	       
5	2754	(double 
5	2769	);\u0000afloat 
5	2785	        
5	2798	(float 
5	2812	);\u0000along double 
5	2834	  
5	2841	(long double 
5	2861	);\u0000adouble 
5	2878	       
5	2889	(double 
5	2904	, double 
5	2920	);\u0000afloat 
5	2936	        
5	2949	(float 
5	2963	, float 
5	2978	);\u0000along double 
5	3000	  
5	3007	(long double 
5	3027	, long double 
5	3048	);\u0000adouble 
5	3065	       
5	3077	(double 
5	3092	);\u0000afloat 
5	3108	        
5	3122	(float 
5	3136	);\u0000along double 
5	3158	  
5	3166	(long double 
5	3186	);\u0000adouble               
5	3215	(double 
5	3230	);\u0000afloat                
5	3260	(float 
5	3274	);\u0000along double          
5	3304	(long double 
5	3324	);\u0000adouble 
5	3341	       
5	3352	(double 
5	3367	);\u0000afloat 
5	3383	        
5	3396	(float 
5	3410	);\u0000adouble 
5	3427	       
5	3439	(double 
5	3454	);\u0000afloat 
5	3470	        
5	3484	(float 
5	3498	);\u0000along double 
5	3520	  
5	3528	(long double 
5	3548	);\u0000along double 
5	3570	  
5	3577	(long double 
5	3597	);\u0000adouble 
5	3614	       
5	3626	(double 
5	3641	);\u0000afloat 
5	3657	        
5	3671	(float 
5	3685	);\u0000along double 
5	3707	  
5	3715	(long double 
5	3735	);\u0000adouble 
5	3752	       
5	3763	(double 
5	3778	);\u0000afloat 
5	3794	        
5	3807	(float 
5	3821	);\u0000adouble 
5	3838	       
5	3850	(double 
5	3865	);\u0000afloat 
5	3881	        
5	3895	(float 
5	3909	);\u0000along double 
5	3931	  
5	3939	(long double 
5	3959	);\u0000along double 
5	3981	  
5	3988	(long double 
5	4008	);\u0000a\u0000a\u0000a#endif 
5	4035	\u0000a
6	0	#define 
6	16	 11\u0000aextern int 
6	32	;\u0000aextern 
6	45	();\u0000aint 
6	56	;\u0000a\u0000a
6	80	\u0000a
6	84	() {\u0000a	
6	107	}\u0000a\u0000a
Table: Projects
PID	NAME
23	unspecified
24	Prj1
25	Prj2
Table: IdProj
EID	PID
505	24
945	24
1041	24
1209	24
1449	24
1653	24
1821	24
1941	24
2133	24
2397	24
2673	24
2733	24
3117	24
3537	24
3569	24
3609	24
3953	24
4289	24
4637	24
4865	24
5517	24
5577	24
6425	24
9347	24
12071	24
12587	24
13175	24
13703	24
14231	24
14771	24
15311	24
15923	24
16523	24
17039	24
17555	24
18143	24
18671	24
19199	24
19739	24
20279	24
20891	24
21491	24
22019	24
22547	24
23087	24
23627	24
24239	24
24839	24
25355	24
25871	24
26399	24
26927	24
27527	24
28115	24
28631	24
29147	24
29735	24
30263	24
30791	24
31391	24
31907	24
32423	24
33011	24
33527	24
34043	24
34631	24
35339	24
36035	24
36875	24
37403	24
37931	24
38531	24
39059	24
39587	24
40187	24
40703	24
41219	24
41747	24
42275	24
42875	24
43463	24
43991	24
44519	24
45119	24
45635	24
46151	24
46679	24
47207	24
47807	24
109	25
385	25
505	25
649	25
945	25
985	25
1041	25
1209	25
1449	25
1653	25
1821	25
1941	25
2133	25
2397	25
2673	25
2733	25
3117	25
3537	25
3569	25
3609	25
3953	25
4289	25
4637	25
4865	25
5517	25
5577	25
6425	25
9347	25
12071	25
12587	25
13175	25
13703	25
14231	25
14771	25
15311	25
15923	25
16523	25
17039	25
17555	25
18143	25
18671	25
19199	25
19739	25
20279	25
20891	25
21491	25
22019	25
22547	25
23087	25
23627	25
24239	25
24839	25
25355	25
25871	25
26399	25
26927	25
27527	25
28115	25
28631	25
29147	25
29735	25
30263	25
30791	25
31391	25
31907	25
32423	25
33011	25
33527	25
34043	25
34631	25
35339	25
36035	25
36875	25
37403	25
37931	25
38531	25
39059	25
39587	25
40187	25
40703	25
41219	25
41747	25
42275	25
42875	25
43463	25
43991	25
44519	25
45119	25
45635	25
46151	25
46679	25
47207	25
47807	25
Table: Files
FID	NAME	RO
2	host-defs.h	1
3	host-incs.h	1
4	c39-complex.c	0
5	complex.h	1
6	prj2.c	0
Table: Filemetrics
FID	PRECPP	NCHAR	NCCOMMENT	NSPACE	NLCOMMENT	NBCOMMENT	NLINE	MAXLINELEN	MAXSTMTLEN	MAXSTMTNEST	MAXBRACENEST	MAXBRACKNEST	BRACENEST	BRACKNEST	NULINE	NPPDIRECTIVE	NPPCOND	NPPFMACRO	NPPOMACRO	NTOKEN	NSTMT	NOP	NUOP	NNCONST	NCLIT	NSTRING	NPPCONCATOP	NPPSTRINGOP	NIF	NELSE	NSWITCH	NCASE	NDEFAULT	NBREAK	NFOR	NWHILE	NDO	NCONTINUE	NGOTO	NRETURN	NASM	NTYPEOF	NPID	NFID	NMID	NID	NUPID	NUFID	NUMID	NUID	NLABEL	NMACROEXPANDTOKEN	NCOPIES	NINCFILE	NPFUNCTION	NFFUNCTION	NPVAR	NFVAR	NAGGREGATE	NAMEMBER	NENUM	NEMEMBER
2	0	NULL	NULL	NULL	NULL	NULL	NULL	NULL	16	0	1	1	NULL	NULL	NULL	NULL	NULL	NULL	NULL	18	2	0	0	0	0	0	NULL	NULL	0	0	0	0	0	0	0	0	0	0	0	0	0	0	0	0	NULL	0	0	0	NULL	0	0	NULL	NULL	NULL	0	1	0	0	0	0	0	0
2	1	548	367	29	0	3	22	61	47	NULL	1	1	0	0	0	5	0	0	5	37	2	0	0	2	0	3	0	0	0	0	0	0	0	0	0	0	0	0	0	0	0	0	1	2	5	8	1	1	5	7	0	0	1	0	NULL	NULL	NULL	NULL	NULL	NULL	NULL	NULL
3	0	NULL	NULL	NULL	NULL	NULL	NULL	NULL	15	0	1	1	NULL	NULL	NULL	NULL	NULL	NULL	NULL	0	1	0	0	0	0	0	NULL	NULL	0	0	0	0	0	0	0	0	0	0	0	0	0	0	0	0	NULL	0	0	0	NULL	0	0	NULL	NULL	NULL	0	0	0	0	0	0	0	0
3	1	243	187	13	0	2	13	48	28	NULL	1	1	0	0	0	1	0	0	0	16	1	0	0	0	0	1	0	0	0	0	0	0	0	0	0	0	0	0	0	0	0	0	0	0	0	0	0	0	0	0	0	0	1	0	NULL	NULL	NULL	NULL	NULL	NULL	NULL	NULL
4	0	NULL	NULL	NULL	NULL	NULL	NULL	NULL	18	0	1	1	NULL	NULL	NULL	NULL	NULL	NULL	NULL	66	11	11	0	7	0	0	NULL	NULL	0	0	0	0	0	0	0	0	0	0	0	1	0	0	4	0	NULL	26	2	0	NULL	12	0	NULL	NULL	NULL	1	0	0	0	0	0	0	0
4	1	403	177	64	0	2	24	76	22	NULL	1	1	0	0	0	1	0	0	0	64	11	7	0	3	0	0	0	0	0	0	0	0	0	0	0	0	0	0	0	1	0	0	2	0	6	19	2	0	5	17	0	8	1	1	NULL	NULL	NULL	NULL	NULL	NULL	NULL	NULL
5	0	NULL	NULL	NULL	NULL	NULL	NULL	NULL	23	0	0	1	NULL	NULL	NULL	NULL	NULL	NULL	NULL	570	66	0	0	0	0	0	NULL	NULL	0	0	0	0	0	0	0	0	0	0	0	0	0	0	0	0	NULL	0	0	0	NULL	0	0	NULL	NULL	NULL	0	0	0	0	0	0	0	0
5	1	3411	769	741	0	3	103	71	68	NULL	0	1	0	0	0	8	1	0	6	601	66	2	0	3	0	0	0	0	0	0	0	0	0	0	0	0	0	0	0	0	0	0	66	0	131	197	66	0	6	72	0	0	1	0	NULL	NULL	NULL	NULL	NULL	NULL	NULL	NULL
6	0	NULL	NULL	NULL	NULL	NULL	NULL	NULL	7	0	1	1	NULL	NULL	NULL	NULL	NULL	NULL	NULL	18	3	0	0	0	0	0	NULL	NULL	0	0	0	0	0	0	0	0	0	0	0	0	0	0	4	0	NULL	4	4	0	NULL	4	0	NULL	NULL	NULL	1	0	2	0	0	0	0	0
6	1	95	32	17	2	0	11	20	13	NULL	1	1	0	0	0	1	0	0	1	21	3	0	0	1	0	0	0	0	0	0	0	0	0	0	0	0	0	0	0	0	0	0	4	0	1	5	4	0	1	5	0	0	1	0	NULL	NULL	NULL	NULL	NULL	NULL	NULL	NULL
Table: FileProj
FID	PID
2	24
3	24
4	24
5	24
1	25
2	25
3	25
4	25
5	25
6	25
Table: LineProj
FID	PID	LNUM
2	24	1
2	24	2
2	24	3
2	24	4
2	24	5
2	24	6
2	24	7
2	24	8
2	24	9
2	24	10
2	24	11
2	24	12
2	24	13
2	24	14
2	24	15
2	24	16
2	24	17
2	24	18
2	24	19
2	24	20
2	24	21
2	24	22
3	24	1
3	24	2
3	24	3
3	24	4
3	24	5
3	24	6
3	24	7
3	24	8
3	24	9
3	24	10
3	24	11
3	24	12
3	24	13
4	24	1
4	24	2
4	24	3
4	24	4
4	24	5
4	24	6
4	24	7
4	24	8
4	24	9
4	24	10
4	24	11
4	24	12
4	24	13
4	24	14
4	24	15
4	24	16
4	24	17
4	24	18
4	24	19
4	24	20
4	24	21
4	24	22
4	24	23
4	24	24
5	24	1
5	24	2
5	24	3
5	24	4
5	24	5
5	24	6
5	24	7
5	24	8
5	24	9
5	24	10
5	24	11
5	24	12
5	24	13
5	24	14
5	24	15
5	24	16
5	24	17
5	24	18
5	24	19
5	24	20
5	24	21
5	24	22
5	24	23
5	24	24
5	24	25
5	24	26
5	24	27
5	24	28
5	24	29
5	24	30
5	24	31
5	24	32
5	24	33
5	24	34
5	24	35
5	24	36
5	24	37
5	24	38
5	24	39
5	24	40
5	24	41
5	24	42
5	24	43
5	24	44
5	24	45
5	24	46
5	24	47
5	24	48
5	24	49
5	24	50
5	24	51
5	24	52
5	24	53
5	24	54
5	24	55
5	24	56
5	24	57
5	24	58
5	24	59
5	24	60
5	24	61
5	24	62
5	24	63
5	24	64
5	24	65
5	24	66
5	24	67
5	24	68
5	24	69
5	24	70
5	24	71
5	24	72
5	24	73
5	24	74
5	24	75
5	24	76
5	24	77
5	24	78
5	24	79
5	24	80
5	24	81
5	24	82
5	24	83
5	24	84
5	24	85
5	24	86
5	24	87
5	24	88
5	24	89
5	24	90
5	24	91
5	24	92
5	24	93
5	24	94
5	24	95
5	24	96
5	24	97
5	24	98
5	24	99
5	24	100
5	24	101
5	24	102
5	24	103
2	25	1
2	25	2
2	25	3
2	25	4
2	25	5
2	25	6
2	25	7
2	25	8
2	25	9
2	25	10
2	25	11
2	25	12
2	25	13
2	25	14
2	25	15
2	25	16
2	25	17
2	25	18
2	25	19
2	25	20
2	25	21
2	25	22
3	25	1
3	25	2
3	25	3
3	25	4
3	25	5
3	25	6
3	25	7
3	25	8
3	25	9
3	25	10
3	25	11
3	25	12
3	25	13
4	25	1
4	25	2
4	25	3
4	25	4
4	25	5
4	25	6
4	25	7
4	25	8
4	25	9
4	25	10
4	25	11
4	25	12
4	25	13
4	25	14
4	25	15
4	25	16
4	25	17
4	25	18
4	25	19
4	25	20
4	25	21
4	25	22
4	25	23
4	25	24
5	25	1
5	25	2
5	25	3
5	25	4
5	25	5
5	25	6
5	25	7
5	25	8
5	25	9
5	25	10
5	25	11
5	25	12
5	25	13
5	25	14
5	25	15
5	25	16
5	25	17
5	25	18
5	25	19
5	25	20
5	25	21
5	25	22
5	25	23
5	25	24
5	25	25
5	25	26
5	25	27
5	25	28
5	25	29
5	25	30
5	25	31
5	25	32
5	25	33
5	25	34
5	25	35
5	25	36
5	25	37
5	25	38
5	25	39
5	25	40
5	25	41
5	25	42
5	25	43
5	25	44
5	25	45
5	25	46
5	25	47
5	25	48
5	25	49
5	25	50
5	25	51
5	25	52
5	25	53
5	25	54
5	25	55
5	25	56
5	25	57
5	25	58
5	25	59
5	25	60
5	25	61
5	25	62
5	25	63
5	25	64
5	25	65
5	25	66
5	25	67
5	25	68
5	25	69
5	25	70
5	25	71
5	25	72
5	25	73
5	25	74
5	25	75
5	25	76
5	25	77
5	25	78
5	25	79
5	25	80
5	25	81
5	25	82
5	25	83
5	25	84
5	25	85
5	25	86
5	25	87
5	25	88
5	25	89
5	25	90
5	25	91
5	25	92
5	25	93
5	25	94
5	25	95
5	25	96
5	25	97
5	25	98
5	25	99
5	25	100
5	25	101
5	25	102
5	25	103
6	25	1
6	25	2
6	25	3
6	25	4
6	25	5
6	25	6
6	25	7
6	25	8
6	25	9
6	25	10
6	25	11
Table: LinePos
FID	FOFFSET	LNUM
2	0	1
2	4	2
2	51	3
2	54	4
2	100	5
2	119	6
2	122	7
2	184	8
2	231	9
2	234	10
2	284	11
2	288	12
2	289	13
2	321	14
2	349	15
2	378	16
2	397	17
2	416	18
2	417	19
2	467	20
2	479	21
2	523	22
3	0	1
3	4	2
3	51	3
3	54	4
3	78	5
3	97	6
3	100	7
3	149	8
3	153	9
3	154	10
3	155	11
3	196	12
3	240	13
4	0	1
4	41	2
4	42	3
4	63	4
4	64	5
4	77	6
4	90	7
4	104	8
4	149	9
4	150	10
4	165	11
4	181	12
4	203	13
4	204	14
4	241	15
4	276	16
4	303	17
4	304	18
4	308	19
4	370	20
4	447	21
4	451	22
4	474	23
4	485	24
5	0	1
5	3	2
5	43	3
5	46	4
5	78	5
5	81	6
5	147	7
5	219	8
5	288	9
5	327	10
5	330	11
5	391	12
5	457	13
5	522	14
5	570	15
5	573	16
5	642	17
5	709	18
5	713	19
5	714	20
5	717	21
5	765	22
5	769	23
5	770	24
5	789	25
5	812	26
5	813	27
5	838	28
5	867	29
5	868	30
5	891	31
5	916	32
5	917	33
5	940	34
5	941	35
5	984	36
5	1027	37
5	1076	38
5	1120	39
5	1164	40
5	1209	41
5	1254	42
5	1305	43
5	1355	44
5	1398	45
5	1441	46
5	1490	47
5	1534	48
5	1578	49
5	1623	50
5	1668	51
5	1719	52
5	1769	53
5	1813	54
5	1857	55
5	1902	56
5	1947	57
5	1998	58
5	2048	59
5	2091	60
5	2134	61
5	2178	62
5	2222	63
5	2272	64
5	2321	65
5	2364	66
5	2407	67
5	2456	68
5	2500	69
5	2544	70
5	2594	71
5	2637	72
5	2680	73
5	2729	74
5	2772	75
5	2815	76
5	2864	77
5	2923	78
5	2981	79
5	3051	80
5	3095	81
5	3139	82
5	3189	83
5	3233	84
5	3277	85
5	3327	86
5	3370	87
5	3413	88
5	3457	89
5	3501	90
5	3551	91
5	3600	92
5	3644	93
5	3688	94
5	3738	95
5	3781	96
5	3824	97
5	3868	98
5	3912	99
5	3962	100
5	4011	101
5	4012	102
5	4013	103
6	0	1
6	20	2
6	34	3
6	49	4
6	58	5
6	59	6
6	80	7
6	81	8
6	89	9
6	107	10
6	109	11
Table: Definers
PID	CUID	BASEFILEID	DEFINERID
24	4	4	2
24	4	4	5
25	4	4	2
25	4	4	5
25	6	6	2
Table: Includers
PID	CUID	BASEFILEID	INCLUDERID
24	2	2	1
24	4	3	1
24	4	4	1
24	4	5	4
25	2	2	1
25	2	2	1
25	4	3	1
25	4	4	1
25	4	5	4
25	6	3	1
25	6	6	1
Table: Providers
PID	CUID	PROVIDERID
24	2	2
24	4	4
25	2	2
25	2	2
25	4	4
25	6	6
Table: IncTriggers
PID	CUID	BASEFILEID	DEFINERID	FOFFSET	LEN
24	4	4	2	471	4
24	4	4	5	821	7
24	4	4	5	846	9
24	4	4	5	876	10
24	4	4	5	899	12
24	4	4	5	925	1
24	4	4	5	962	4
25	4	4	2	471	4
25	4	4	5	821	7
25	4	4	5	846	9
25	4	4	5	876	10
25	4	4	5	899	12
25	4	4	5	925	1
25	4	4	5	962	4
25	6	6	2	471	4
Table: Functions
ID	NAME	ISMACRO	DEFINED	DECLARED	FILESCOPED	FID	FOFFSET	FANIN
825	main	0	1	1	0	4	68	0
985	foo	0	1	1	0	6	81	0
6425	_cscout_dummy1	0	1	1	1	2	535	1
11555	cabs	0	0	1	0	5	962	1
12071	cabsf	0	0	1	0	5	1005	0
12587	cabsl	0	0	1	0	5	1048	0
13175	cacos	0	0	1	0	5	1097	0
13703	cacosf	0	0	1	0	5	1141	0
14231	cacosh	0	0	1	0	5	1185	0
14771	cacoshf	0	0	1	0	5	1230	0
15311	cacoshl	0	0	1	0	5	1275	0
15923	cacosl	0	0	1	0	5	1326	0
16523	carg	0	0	1	0	5	1376	0
17039	cargf	0	0	1	0	5	1419	0
17555	cargl	0	0	1	0	5	1462	0
18143	casin	0	0	1	0	5	1511	0
18671	casinf	0	0	1	0	5	1555	0
19199	casinh	0	0	1	0	5	1599	0
19739	casinhf	0	0	1	0	5	1644	0
20279	casinhl	0	0	1	0	5	1689	0
20891	casinl	0	0	1	0	5	1740	0
21491	catan	0	0	1	0	5	1790	0
22019	catanf	0	0	1	0	5	1834	0
22547	catanh	0	0	1	0	5	1878	0
23087	catanhf	0	0	1	0	5	1923	0
23627	catanhl	0	0	1	0	5	1968	0
24239	catanl	0	0	1	0	5	2019	0
24839	ccos	0	0	1	0	5	2069	0
25355	ccosf	0	0	1	0	5	2112	0
25871	ccosh	0	0	1	0	5	2155	0
26399	ccoshf	0	0	1	0	5	2199	0
26927	ccoshl	0	0	1	0	5	2243	0
27527	ccosl	0	0	1	0	5	2293	0
28115	cexp	0	0	1	0	5	2342	0
28631	cexpf	0	0	1	0	5	2385	0
29147	cexpl	0	0	1	0	5	2428	0
29735	cimag	0	0	1	0	5	2477	0
30263	cimagf	0	0	1	0	5	2521	0
30791	cimagl	0	0	1	0	5	2565	0
31391	clog	0	0	1	0	5	2615	0
31907	clogf	0	0	1	0	5	2658	0
32423	clogl	0	0	1	0	5	2701	0
33011	conj	0	0	1	0	5	2750	0
33527	conjf	0	0	1	0	5	2793	0
34043	conjl	0	0	1	0	5	2836	0
34631	cpow	0	0	1	0	5	2885	0
35339	cpowf	0	0	1	0	5	2944	0
36035	cpowl	0	0	1	0	5	3002	0
36875	cproj	0	0	1	0	5	3072	0
37403	cprojf	0	0	1	0	5	3116	0
37931	cprojl	0	0	1	0	5	3160	0
38531	creal	0	0	1	0	5	3210	0
39059	crealf	0	0	1	0	5	3254	0
39587	creall	0	0	1	0	5	3298	0
40187	csin	0	0	1	0	5	3348	0
40703	csinf	0	0	1	0	5	3391	0
41219	csinh	0	0	1	0	5	3434	0
41747	csinhf	0	0	1	0	5	3478	0
42275	csinhl	0	0	1	0	5	3522	0
42875	csinl	0	0	1	0	5	3572	0
43463	csqrt	0	0	1	0	5	3621	0
43991	csqrtf	0	0	1	0	5	3665	0
44519	csqrtl	0	0	1	0	5	3709	0
45119	ctan	0	0	1	0	5	3759	0
45635	ctanf	0	0	1	0	5	3802	0
46151	ctanh	0	0	1	0	5	3845	0
46679	ctanhf	0	0	1	0	5	3889	0
47207	ctanhl	0	0	1	0	5	3933	0
47807	ctanl	0	0	1	0	5	3983	0
Table: FunctionDefs
FUNCTIONID	FIDBEGIN	FOFFSETBEGIN	FIDEND	FOFFSETEND
825	4	76	4	486
985	6	88	6	108
6425	2	557	2	577
Table: FunctionMetrics
FUNCTIONID	PRECPP	NCHAR	NCCOMMENT	NSPACE	NLCOMMENT	NBCOMMENT	NLINE	MAXLINELEN	MAXSTMTLEN	MAXSTMTNEST	MAXBRACENEST	MAXBRACKNEST	BRACENEST	BRACKNEST	NULINE	NPPDIRECTIVE	NPPCOND	NPPFMACRO	NPPOMACRO	NTOKEN	NSTMT	NOP	NUOP	NNCONST	NCLIT	NSTRING	NPPCONCATOP	NPPSTRINGOP	NIF	NELSE	NSWITCH	NCASE	NDEFAULT	NBREAK	NFOR	NWHILE	NDO	NCONTINUE	NGOTO	NRETURN	NASM	NTYPEOF	NPID	NFID	NMID	NID	NUPID	NUFID	NUMID	NUID	NLABEL	NMACROEXPANDTOKEN	NGNSOC	NMPARAM	NFPARAM	NEPARAM	FANIN	FANOUT	CCYCL1	CCYCL2	CCYCL3	CSTRUC	CHAL	IFLOW
825	0	NULL	NULL	NULL	NULL	NULL	NULL	NULL	18	0	0	1	NULL	NULL	NULL	NULL	NULL	NULL	NULL	60	11	11	4	7	0	0	NULL	NULL	0	0	0	0	0	0	0	0	0	0	0	1	0	0	1	0	NULL	12	1	0	NULL	11	0	NULL	147	NULL	0	NULL	0	1	1	1	1	0.0	133.783	0.0
825	1	334	141	57	0	1	20	76	18	NULL	0	1	0	0	0	0	0	0	0	56	11	7	3	3	0	0	0	0	0	0	0	0	0	0	0	0	0	0	0	1	0	0	1	0	6	18	1	0	5	16	0	4	NULL	0	NULL	0	0	1	1	1	1	0.0	124.864	0.0
985	0	NULL	NULL	NULL	NULL	NULL	NULL	NULL	0	0	0	0	NULL	NULL	NULL	NULL	NULL	NULL	NULL	1	0	0	0	0	0	0	NULL	NULL	0	0	0	0	0	0	0	0	0	0	0	0	0	0	0	0	NULL	0	0	0	NULL	0	0	NULL	82	NULL	0	NULL	0	0	1	1	1	0.0	0.0	0.0
985	1	21	14	3	1	0	3	17	0	NULL	0	0	0	0	0	0	0	0	0	1	0	0	0	0	0	0	0	0	0	0	0	0	0	0	0	0	0	0	0	0	0	0	0	0	0	0	0	0	0	0	0	0	NULL	0	NULL	0	0	0	1	1	1	0.0	0.0	0.0
6425	0	NULL	NULL	NULL	NULL	NULL	NULL	NULL	5	0	0	1	NULL	NULL	NULL	NULL	NULL	NULL	NULL	5	1	0	0	0	0	0	NULL	NULL	0	0	0	0	0	0	0	0	0	0	0	0	0	0	0	1	NULL	1	0	1	NULL	1	0	NULL	74	NULL	0	NULL	1	1	1	1	1	1.0	0.0	1.0
6425	1	22	0	3	0	0	1	21	5	NULL	0	1	0	0	0	0	0	0	0	5	1	0	0	0	0	0	0	0	0	0	0	0	0	0	0	0	0	0	0	0	0	0	0	1	0	1	0	1	0	1	0	0	NULL	0	NULL	0	1	1	1	1	1	1.0	0.0	1.0
Table: FunctionId
FUNCTIONID	ORDINAL	FID	FOFFSET
825	0	2	471
985	0	6	81
6425	0	2	535
11555	0	5	962
12071	0	5	1005
12587	0	5	1048
13175	0	5	1097
13703	0	5	1141
14231	0	5	1185
14771	0	5	1230
15311	0	5	1275
15923	0	5	1326
16523	0	5	1376
17039	0	5	1419
17555	0	5	1462
18143	0	5	1511
18671	0	5	1555
19199	0	5	1599
19739	0	5	1644
20279	0	5	1689
20891	0	5	1740
21491	0	5	1790
22019	0	5	1834
22547	0	5	1878
23087	0	5	1923
23627	0	5	1968
24239	0	5	2019
24839	0	5	2069
25355	0	5	2112
25871	0	5	2155
26399	0	5	2199
26927	0	5	2243
27527	0	5	2293
28115	0	5	2342
28631	0	5	2385
29147	0	5	2428
29735	0	5	2477
30263	0	5	2521
30791	0	5	2565
31391	0	5	2615
31907	0	5	2658
32423	0	5	2701
33011	0	5	2750
33527	0	5	2793
34043	0	5	2836
34631	0	5	2885
35339	0	5	2944
36035	0	5	3002
36875	0	5	3072
37403	0	5	3116
37931	0	5	3160
38531	0	5	3210
39059	0	5	3254
39587	0	5	3298
40187	0	5	3348
40703	0	5	3391
41219	0	5	3434
41747	0	5	3478
42275	0	5	3522
42875	0	5	3572
43463	0	5	3621
43991	0	5	3665
44519	0	5	3709
45119	0	5	3759
45635	0	5	3802
46151	0	5	3845
46679	0	5	3889
47207	0	5	3933
47807	0	5	3983
Table: Fcalls
SOURCEID	DESTID
825	11555
6425	6425
Done
