Table: Ids
EID	NAME	READONLY	UNDEFMACRO	MACRO	FUNMACRO	MACROARG	CPPCONST	CPPSTRVAL	DEFCCONSTVAL	NOTDEFCCONSTVAL	EXPCCONSTVAL	NOTEXPCCONSTVAL	ORDINARY	SUETAG	SUMEMBER	LABEL	TYPEDEF	ENUM	YACC	FUN	CSCOPE	LSCOPE	UNUSED
127	MAXDIGIT	0	0	1	0	0	0	0	1	0	0	0	0	0	0	0	0	0	0	0	0	0	1
167	used	0	0	0	0	0	0	0	0	0	0	0	1	0	0	0	0	0	0	0	0	1	1
449	x	0	0	0	0	0	0	0	0	0	0	0	1	0	0	0	0	0	0	0	0	1	1
589	main	1	0	0	0	0	0	0	0	0	0	0	1	0	0	0	0	0	0	1	0	1	0
757	qqq	0	0	0	0	0	0	0	0	0	0	0	1	0	0	0	0	0	0	0	0	1	1
1149	foo	0	0	0	0	0	0	0	0	0	0	0	1	0	0	0	0	0	0	1	0	1	1
2641	puts	0	0	0	0	0	0	0	0	0	0	0	1	0	0	0	0	0	0	1	0	1	0
2795	s	0	0	0	0	0	0	0	0	0	0	0	1	0	0	0	0	0	0	0	0	0	1
2977	tripleprint	0	0	1	1	0	0	0	0	0	0	1	0	0	0	0	0	0	0	0	0	0	0
3145	x	0	0	0	0	1	0	0	0	0	0	0	0	0	0	0	0	0	0	0	0	0	0
4069	a	0	0	0	0	0	0	0	0	0	0	0	1	0	0	0	0	0	0	0	0	1	1
4163	__DATE__	1	0	1	0	0	0	0	0	1	0	0	0	0	0	0	0	0	0	0	0	0	1
4405	WBEGIN	0	0	1	1	0	0	0	0	0	0	0	0	0	0	0	0	0	0	0	0	0	1
4503	cond	0	0	0	0	1	0	0	0	0	0	0	0	0	0	0	0	0	0	0	0	0	0
4611	__TIME__	1	0	1	0	0	0	0	0	1	0	0	0	0	0	0	0	0	0	0	0	0	1
4993	MACROS	0	1	1	0	0	1	0	1	0	0	0	0	0	0	0	0	0	0	0	0	0	0
5003	__FILE__	1	0	1	0	0	0	0	0	1	0	0	0	0	0	0	0	0	0	0	0	0	1
5217	PI	0	0	1	0	0	0	0	0	1	0	0	0	0	0	0	0	0	0	0	0	0	1
5409	__LINE__	1	0	1	0	0	0	0	1	0	0	0	0	0	0	0	0	0	0	0	0	0	1
5441	sqr	0	0	1	1	0	0	0	0	0	0	0	0	0	0	0	0	0	0	0	0	0	1
5497	x	0	0	0	0	1	0	0	0	0	0	0	0	0	0	0	0	0	0	0	0	0	0
5675	__STDC__	1	0	1	0	0	0	0	1	0	0	0	0	0	0	0	0	0	0	0	0	0	1
6155	s	0	0	0	0	0	0	0	0	0	0	0	1	0	0	0	0	0	0	0	1	0	0
6197	s2	0	0	0	0	0	0	0	0	0	0	0	1	0	0	0	0	0	0	0	1	0	1
6407	open	0	0	0	0	0	0	0	0	0	0	0	1	0	0	0	0	0	0	1	0	1	0
6561	s	0	0	0	0	0	0	0	0	0	0	0	1	0	0	0	0	0	0	0	0	0	1
6659	m	0	0	0	0	0	0	0	0	0	0	0	1	0	0	0	0	0	0	0	0	0	1
6785	fun	0	0	0	0	0	0	0	0	0	0	0	1	0	0	0	0	0	0	1	0	1	0
6897	param1	0	0	0	0	0	0	0	0	0	0	0	1	0	0	0	0	0	0	0	0	0	1
7065	param2	0	0	0	0	0	0	0	0	0	0	0	1	0	0	0	0	0	0	0	0	0	1
7275	fd	0	0	0	0	0	0	0	0	0	0	0	1	0	0	0	0	0	0	0	0	0	1
7495	_cscout_dummy1	1	0	0	0	0	0	0	0	0	0	0	1	0	0	0	0	0	0	1	1	0	0
7933	ONE	0	0	1	0	0	0	0	1	0	1	0	0	0	0	0	0	0	0	0	0	0	0
8115	ndef	0	1	0	0	0	1	0	0	0	0	0	0	0	0	0	0	0	0	0	0	0	1
8521	a	0	0	0	0	0	0	0	0	0	0	0	1	0	0	0	0	0	0	0	0	0	0
8773	b	0	0	0	0	0	0	0	0	0	0	0	1	0	0	0	0	0	0	0	0	0	0
9011	c	0	0	0	0	0	0	0	0	0	0	0	1	0	0	0	0	0	0	0	0	0	0
10285	k	0	0	0	0	0	0	0	0	0	0	0	1	0	0	0	0	0	0	0	0	0	0
10831	q	0	0	0	0	0	0	0	0	0	0	0	1	0	0	0	0	0	0	0	0	0	1
13407	again	0	0	0	0	0	0	0	0	0	0	0	0	0	0	1	0	0	0	0	0	0	0
13757	i	0	0	0	0	0	0	0	0	0	0	0	1	0	0	0	0	0	0	0	0	0	0
14877	fun2	0	0	0	0	0	0	0	0	0	0	0	1	0	0	0	0	0	0	1	1	0	1
15451	point	0	0	0	0	0	0	0	0	0	0	0	0	1	0	0	0	0	0	0	0	0	1
15633	x	0	0	0	0	0	0	0	0	0	0	0	0	0	1	0	0	0	0	0	0	0	1
15745	y	0	0	0	0	0	0	0	0	0	0	0	0	0	1	0	0	0	0	0	0	0	1
15955	PASTE2	0	0	1	1	0	0	0	0	0	0	1	0	0	0	0	0	0	0	0	0	0	0
16053	x	0	0	0	0	1	0	0	0	0	0	0	0	0	0	0	0	0	0	0	0	0	0
16095	y	0	0	0	0	1	0	0	0	0	0	0	0	0	0	0	0	0	0	0	0	0	0
16347	PASTE3	0	0	1	1	0	0	0	0	0	0	0	0	0	0	0	0	0	0	0	0	0	1
16445	x	0	0	0	0	1	0	0	0	0	0	0	0	0	0	0	0	0	0	0	0	0	0
16487	y	0	0	0	0	1	0	0	0	0	0	0	0	0	0	0	0	0	0	0	0	0	0
16529	z	0	0	0	0	1	0	0	0	0	0	0	0	0	0	0	0	0	0	0	0	0	0
16809	a	0	0	0	0	0	0	0	0	0	0	0	0	1	0	0	0	0	0	0	0	0	1
16949	BE	0	0	0	0	0	0	0	0	0	0	0	1	0	0	0	0	1	0	0	1	0	1
17005	GIN	0	0	0	0	0	0	0	0	0	0	0	1	0	0	0	0	1	0	0	1	0	1
17089	END	0	0	0	0	0	0	0	0	0	0	0	1	0	0	0	0	1	0	0	1	0	1
17327	in	0	0	0	0	0	0	0	0	0	0	0	1	0	0	0	0	0	0	0	0	1	1
17383	teger	0	0	0	0	0	0	0	0	0	0	0	1	0	0	0	0	0	0	0	0	1	1
17621	STRINGDEF	0	0	1	1	0	0	0	0	0	0	1	0	0	0	0	0	0	0	0	0	0	0
17761	name	0	0	0	0	1	0	0	0	0	0	0	0	0	0	0	0	0	0	0	0	0	0
18265	astring	0	0	0	0	0	0	0	0	0	0	0	1	0	0	0	0	0	0	0	0	1	1
18545	another_string	0	0	0	0	0	0	0	0	0	0	0	1	0	0	0	0	0	0	0	0	1	1
Table: Tokens
FID	FOFFSET	EID
2	297	4163
2	329	4611
2	357	5003
2	386	5409
2	405	5675
2	471	589
2	535	7495
2	558	7495
4	188	2641
4	199	2795
4	212	2977
4	224	3145
4	235	2641
4	240	3145
4	247	2641
4	252	3145
4	259	2641
4	264	3145
4	290	4069
4	314	4405
4	321	4503
4	334	4503
4	356	4993
4	372	5217
4	388	5441
4	392	5497
4	396	5497
4	400	5497
4	411	4993
4	439	6155
4	442	6197
4	457	6407
4	468	6561
4	475	6659
4	484	6785
4	492	6897
4	504	7065
4	519	7275
4	524	6407
4	566	7933
4	579	8115
4	608	8521
4	612	7933
4	626	8773
4	643	9011
4	659	6155
4	677	8521
4	682	8773
4	691	9011
4	697	8521
4	714	8773
4	734	10285
4	744	10285
4	751	10285
4	759	10285
4	773	10831
4	781	10285
4	820	8773
4	835	8521
4	894	2977
4	926	2977
4	957	13407
4	970	13407
4	982	13757
4	991	13757
4	998	13757
4	1006	13757
4	1029	13407
4	1062	14877
4	1082	6785
4	1103	15451
4	1116	15633
4	1124	15745
4	1139	15955
4	1146	16053
4	1149	16095
4	1152	16053
4	1157	16095
4	1167	16347
4	1174	16445
4	1177	16487
4	1180	16529
4	1183	16445
4	1188	16487
4	1193	16529
4	1200	16809
4	1203	15955
4	1210	16949
4	1214	17005
4	1220	17089
4	1230	15955
4	1237	17327
4	1241	17383
4	1258	17621
4	1268	17761
4	1280	17761
4	1288	17761
4	1294	17621
4	1304	18265
4	1314	17621
4	1324	18545
6	11	167
7	8	127
7	31	449
7	41	589
7	53	757
7	81	1149
Table: Rest
FID	FOFFSET	CODE
2	287	\u0000a\u0000a#define 
2	305	  
2	320	\u0000a#define 
2	337	 
2	348	\u0000a#define 
2	365	 
2	377	\u0000a#define 
2	394	 1\u0000a#define 
2	413	 1\u0000a\u0000a
2	466	\u0000aint 
2	475	();\u0000a
2	522	\u0000astatic void 
2	549	(void) { 
2	572	(); }\u0000a
3	152	\u0000a\u0000a\u0000a#pragma includepath 
3	195	\u0000a
3	239	\u0000astatic void _cscout_dummy2(void) { _cscout_dummy2(); }\u0000a
4	0	#include 
4	20	\u0000a#include 
4	41	\u0000a
4	53	\u0000a
4	77	\u0000a\u0000a
4	180	\u0000aextern 
4	192	(char *
4	200	);\u0000a\u0000a#define 
4	223	(
4	225	) do { \\u0000a	
4	239	(
4	241	); \\u0000a	
4	251	(
4	253	); \\u0000a	
4	263	(
4	265	); \\u0000a} while (0);\u0000a\u0000achar *
4	291	 = 
4	303	;\u0000a\u0000a#define 
4	320	(
4	325	) while (
4	338	) {\u0000a\u0000a#if !defined(
4	362	)\u0000a#define 
4	374	 3.14\u0000a#define 
4	391	(
4	393	) (
4	397	 * 
4	401	)\u0000a#define 
4	417	 1\u0000a#endif\u0000a\u0000astatic int 
4	440	, 
4	444	;\u0000aextern int 
4	461	(char *
4	469	, int 
4	476	);\u0000a\u0000aint\u0000a
4	487	(int 
4	498	, int 
4	510	)\u0000a{\u0000a	int 
4	521	 = 
4	528	(
4	534	, 0);\u0000a\u0000a	
4	558	#define 
4	569	 1\u0000a#ifdef 
4	583	\u0000aunprocessed\u0000a#endif\u0000a	int 
4	609	 = 
4	615	 + 2;\u0000a	int 
4	627	 = 1 + 2;\u0000a	char 
4	644	 = 'A' + '!';\u0000a	
4	660	 = 
4	670	;\u0000a	if (
4	678	 && 
4	683	)\u0000a		if (
4	692	)\u0000a			
4	698	 = 0;\u0000a		else\u0000a			
4	715	 = 0;\u0000a\u0000a	do {\u0000a		int 
4	735	;\u0000a		for (
4	745	 = 0; 
4	752	 < 10; 
4	760	++) {\u0000a			int 
4	774	 = ((((
4	782	))));\u0000a		}\u0000a	} while (0);\u0000a\u0000a	while (1)\u0000a		
4	821	++;\u0000a\u0000a	switch (
4	836	) {\u0000a	case 1:\u0000a	case 2:\u0000a		break;\u0000a	case 3:\u0000a	default:\u0000a		;\u0000a	}\u0000a	
4	905	(
4	922	);\u0000a	
4	937	(
4	954	);\u0000a
4	962	:\u0000a	goto 
4	975	;\u0000a	int 
4	983	;\u0000a	for (
4	992	 = 0; 
4	999	 < 10; 
4	1007	++)\u0000a		continue;\u0000a	goto 
4	1034	;\u0000a	return 42;\u0000a}\u0000a\u0000astatic int 
4	1066	(void) { return 
4	1085	() + 3; }\u0000a\u0000astruct 
4	1108	 {\u0000a	int 
4	1117	;\u0000a	int 
4	1125	;\u0000a};\u0000a\u0000a#define 
4	1145	(
4	1147	, 
4	1150	) 
4	1153	 ## 
4	1158	\u0000a#define 
4	1173	(
4	1175	, 
4	1178	, 
4	1181	) 
4	1184	 ## 
4	1189	 ## 
4	1194	\u0000aenum 
4	1201	 {
4	1209	(
4	1212	, 
4	1217	), 
4	1223	};\u0000aint 
4	1236	(
4	1239	, 
4	1246	);\u0000a\u0000a#define 
4	1267	(
4	1272	) char *
4	1284	 = #
4	1292	\u0000a\u0000a
4	1303	(
4	1311	);\u0000a
4	1323	(
4	1338	);\u0000a
6	0	extern int 
6	15	;\u0000a
7	0	#define 
7	16	 11\u0000aextern int 
7	32	;\u0000aextern 
7	45	();\u0000aint 
7	56	;\u0000a\u0000a
7	80	\u0000a
7	84	() {\u0000a	
7	107	}\u0000a\u0000a
Table: Projects
PID	NAME
23	unspecified
24	Prj1
25	Prj2
Table: IdProj
EID	PID
167	24
589	24
2641	24
2795	24
2977	24
3145	24
4069	24
4163	24
4405	24
4503	24
4611	24
4993	24
5003	24
5217	24
5409	24
5441	24
5497	24
5675	24
6155	24
6197	24
6407	24
6561	24
6659	24
6785	24
6897	24
7065	24
7275	24
7495	24
7933	24
8115	24
8521	24
8773	24
9011	24
10285	24
10831	24
13407	24
13757	24
14877	24
15451	24
15633	24
15745	24
15955	24
16053	24
16095	24
16347	24
16445	24
16487	24
16529	24
16809	24
16949	24
17005	24
17089	24
17327	24
17383	24
17621	24
17761	24
18265	24
18545	24
127	25
167	25
449	25
589	25
757	25
1149	25
2641	25
2795	25
2977	25
3145	25
4069	25
4163	25
4405	25
4503	25
4611	25
4993	25
5003	25
5217	25
5409	25
5441	25
5497	25
5675	25
6155	25
6197	25
6407	25
6561	25
6659	25
6785	25
6897	25
7065	25
7275	25
7495	25
7933	25
8115	25
8521	25
8773	25
9011	25
10285	25
10831	25
13407	25
13757	25
14877	25
15451	25
15633	25
15745	25
15955	25
16053	25
16095	25
16347	25
16445	25
16487	25
16529	25
16809	25
16949	25
17005	25
17089	25
17327	25
17383	25
17621	25
17761	25
18265	25
18545	25
Table: Files
FID	NAME	RO
2	host-defs.h	1
3	host-incs.h	1
4	c50-metrics.c	0
5	unused1.h	0
6	unused2.h	0
7	prj2.c	0
Table: Filemetrics
FID	PRECPP	NCHAR	NCCOMMENT	NSPACE	NLCOMMENT	NBCOMMENT	NLINE	MAXLINELEN	MAXSTMTLEN	MAXSTMTNEST	MAXBRACENEST	MAXBRACKNEST	BRACENEST	BRACKNEST	NULINE	NPPDIRECTIVE	NPPCOND	NPPFMACRO	NPPOMACRO	NTOKEN	NSTMT	NOP	NUOP	NNCONST	NCLIT	NSTRING	NPPCONCATOP	NPPSTRINGOP	NIF	NELSE	NSWITCH	NCASE	NDEFAULT	NBREAK	NFOR	NWHILE	NDO	NCONTINUE	NGOTO	NRETURN	NASM	NTYPEOF	NPID	NFID	NMID	NID	NUPID	NUFID	NUMID	NUID	NLABEL	NMACROEXPANDTOKEN	NCOPIES	NINCFILE	NPFUNCTION	NFFUNCTION	NPVAR	NFVAR	NAGGREGATE	NAMEMBER	NENUM	NEMEMBER
2	0	NULL	NULL	NULL	NULL	NULL	NULL	NULL	16	0	1	1	NULL	NULL	NULL	NULL	NULL	NULL	NULL	18	2	0	0	0	0	0	NULL	NULL	0	0	0	0	0	0	0	0	0	0	0	0	0	0	0	0	NULL	0	0	0	NULL	0	0	NULL	NULL	NULL	0	1	0	0	0	0	0	0
2	1	548	367	29	0	3	22	61	47	NULL	1	1	0	0	0	5	0	0	5	37	2	0	0	2	0	3	0	0	0	0	0	0	0	0	0	0	0	0	0	0	0	0	1	2	5	8	1	1	5	7	0	0	1	0	NULL	NULL	NULL	NULL	NULL	NULL	NULL	NULL
3	0	NULL	NULL	NULL	NULL	NULL	NULL	NULL	15	0	1	1	NULL	NULL	NULL	NULL	NULL	NULL	NULL	0	1	0	0	0	0	0	NULL	NULL	0	0	0	0	0	0	0	0	0	0	0	0	0	0	0	0	NULL	0	0	0	NULL	0	0	NULL	NULL	NULL	0	0	0	0	0	0	0	0
3	1	243	187	13	0	2	13	48	28	NULL	1	1	0	0	0	1	0	0	0	16	1	0	0	0	0	1	0	0	0	0	0	0	0	0	0	0	0	0	0	0	0	0	0	0	0	0	0	0	0	0	0	0	1	0	NULL	NULL	NULL	NULL	NULL	NULL	NULL	NULL
4	0	NULL	NULL	NULL	NULL	NULL	NULL	NULL	31	2	3	4	NULL	NULL	NULL	NULL	NULL	NULL	NULL	290	52	28	0	20	2	11	NULL	NULL	2	1	1	3	1	1	2	1	3	1	2	2	0	0	32	14	NULL	98	8	6	NULL	26	4	NULL	NULL	NULL	1	1	4	2	1	2	1	2
4	1	1190	138	286	3	1	96	100	71	NULL	4	4	1	0	2	15	2	6	3	385	48	31	0	21	2	5	3	1	3	1	1	3	1	1	2	2	2	1	2	2	0	0	13	7	17	63	8	6	9	35	1	144	1	2	NULL	NULL	NULL	NULL	NULL	NULL	NULL	NULL
5	0	NULL	NULL	NULL	NULL	NULL	NULL	NULL	0	0	0	0	NULL	NULL	NULL	NULL	NULL	NULL	NULL	0	0	0	0	0	0	0	NULL	NULL	0	0	0	0	0	0	0	0	0	0	0	0	0	0	0	0	NULL	0	0	0	NULL	0	0	NULL	NULL	NULL	0	0	0	0	0	0	0	0
5	1	0	0	0	0	0	0	0	0	NULL	0	0	0	0	0	0	0	0	0	0	0	0	0	0	0	0	0	0	0	0	0	0	0	0	0	0	0	0	0	0	0	0	0	0	0	0	0	0	0	0	0	0	1	0	NULL	NULL	NULL	NULL	NULL	NULL	NULL	NULL
6	0	NULL	NULL	NULL	NULL	NULL	NULL	NULL	6	0	0	0	NULL	NULL	NULL	NULL	NULL	NULL	NULL	4	1	0	0	0	0	0	NULL	NULL	0	0	0	0	0	0	0	0	0	0	0	0	0	0	0	0	NULL	0	0	0	NULL	0	0	NULL	NULL	NULL	0	0	1	0	0	0	0	0
6	1	11	0	3	0	0	1	10	6	NULL	0	0	0	0	0	0	0	0	0	4	1	0	0	0	0	0	0	0	0	0	0	0	0	0	0	0	0	0	0	0	0	0	1	0	0	1	1	0	0	1	0	0	1	0	NULL	NULL	NULL	NULL	NULL	NULL	NULL	NULL
7	0	NULL	NULL	NULL	NULL	NULL	NULL	NULL	7	0	1	1	NULL	NULL	NULL	NULL	NULL	NULL	NULL	18	3	0	0	0	0	0	NULL	NULL	0	0	0	0	0	0	0	0	0	0	0	0	0	0	4	0	NULL	4	4	0	NULL	4	0	NULL	NULL	NULL	1	0	2	0	0	0	0	0
7	1	95	32	17	2	0	11	20	13	NULL	1	1	0	0	0	1	0	0	1	21	3	0	0	1	0	0	0	0	0	0	0	0	0	0	0	0	0	0	0	0	0	0	4	0	1	5	4	0	1	5	0	0	1	0	NULL	NULL	NULL	NULL	NULL	NULL	NULL	NULL
Table: FileProj
FID	PID
2	24
3	24
4	24
5	24
6	24
1	25
2	25
3	25
4	25
5	25
6	25
7	25
Table: LineProj
FID	PID	LNUM
2	24	1
2	24	2
2	24	3
2	24	4
2	24	5
2	24	6
2	24	7
2	24	8
2	24	9
2	24	10
2	24	11
2	24	12
2	24	13
2	24	14
2	24	15
2	24	16
2	24	17
2	24	18
2	24	19
2	24	20
2	24	21
2	24	22
3	24	1
3	24	2
3	24	3
3	24	4
3	24	5
3	24	6
3	24	7
3	24	8
3	24	9
3	24	10
3	24	11
3	24	12
3	24	13
4	24	1
4	24	2
4	24	3
4	24	4
4	24	5
4	24	6
4	24	7
4	24	8
4	24	9
4	24	10
4	24	11
4	24	12
4	24	13
4	24	14
4	24	15
4	24	16
4	24	17
4	24	18
4	24	19
4	24	20
4	24	21
4	24	22
4	24	23
4	24	24
4	24	25
4	24	26
4	24	27
4	24	28
4	24	29
4	24	30
4	24	31
4	24	32
4	24	33
4	24	34
4	24	35
4	24	36
4	24	37
4	24	38
4	24	39
4	24	42
4	24	43
4	24	44
4	24	45
4	24	46
4	24	47
4	24	48
4	24	49
4	24	50
4	24	51
4	24	52
4	24	53
4	24	54
4	24	55
4	24	56
4	24	57
4	24	58
4	24	59
4	24	60
4	24	61
4	24	62
4	24	63
4	24	64
4	24	65
4	24	66
4	24	67
4	24	68
4	24	69
4	24	70
4	24	71
4	24	72
4	24	73
4	24	74
4	24	75
4	24	76
4	24	77
4	24	78
4	24	79
4	24	80
4	24	81
4	24	82
4	24	83
4	24	84
4	24	85
4	24	86
4	24	87
4	24	88
4	24	89
4	24	90
4	24	91
4	24	92
4	24	93
4	24	94
4	24	95
4	24	96
6	24	1
2	25	1
2	25	2
2	25	3
2	25	4
2	25	5
2	25	6
2	25	7
2	25	8
2	25	9
2	25	10
2	25	11
2	25	12
2	25	13
2	25	14
2	25	15
2	25	16
2	25	17
2	25	18
2	25	19
2	25	20
2	25	21
2	25	22
3	25	1
3	25	2
3	25	3
3	25	4
3	25	5
3	25	6
3	25	7
3	25	8
3	25	9
3	25	10
3	25	11
3	25	12
3	25	13
4	25	1
4	25	2
4	25	3
4	25	4
4	25	5
4	25	6
4	25	7
4	25	8
4	25	9
4	25	10
4	25	11
4	25	12
4	25	13
4	25	14
4	25	15
4	25	16
4	25	17
4	25	18
4	25	19
4	25	20
4	25	21
4	25	22
4	25	23
4	25	24
4	25	25
4	25	26
4	25	27
4	25	28
4	25	29
4	25	30
4	25	31
4	25	32
4	25	33
4	25	34
4	25	35
4	25	36
4	25	37
4	25	38
4	25	39
4	25	42
4	25	43
4	25	44
4	25	45
4	25	46
4	25	47
4	25	48
4	25	49
4	25	50
4	25	51
4	25	52
4	25	53
4	25	54
4	25	55
4	25	56
4	25	57
4	25	58
4	25	59
4	25	60
4	25	61
4	25	62
4	25	63
4	25	64
4	25	65
4	25	66
4	25	67
4	25	68
4	25	69
4	25	70
4	25	71
4	25	72
4	25	73
4	25	74
4	25	75
4	25	76
4	25	77
4	25	78
4	25	79
4	25	80
4	25	81
4	25	82
4	25	83
4	25	84
4	25	85
4	25	86
4	25	87
4	25	88
4	25	89
4	25	90
4	25	91
4	25	92
4	25	93
4	25	94
4	25	95
4	25	96
6	25	1
7	25	1
7	25	2
7	25	3
7	25	4
7	25	5
7	25	6
7	25	7
7	25	8
7	25	9
7	25	10
7	25	11
Table: LinePos
FID	FOFFSET	LNUM
2	0	1
2	4	2
2	51	3
2	54	4
2	100	5
2	119	6
2	122	7
2	184	8
2	231	9
2	234	10
2	284	11
2	288	12
2	289	13
2	321	14
2	349	15
2	378	16
2	397	17
2	416	18
2	417	19
2	467	20
2	479	21
2	523	22
3	0	1
3	4	2
3	51	3
3	54	4
3	78	5
3	97	6
3	100	7
3	149	8
3	153	9
3	154	10
3	155	11
3	196	12
3	240	13
4	0	1
4	21	2
4	42	3
4	53	4
4	54	5
4	57	6
4	74	7
4	78	8
4	79	9
4	180	10
4	181	11
4	203	12
4	204	13
4	234	14
4	246	15
4	258	16
4	270	17
4	283	18
4	284	19
4	305	20
4	306	21
4	342	22
4	343	23
4	364	24
4	380	25
4	403	26
4	420	27
4	427	28
4	428	29
4	446	30
4	479	31
4	480	32
4	484	33
4	512	34
4	514	35
4	540	36
4	541	37
4	558	38
4	572	39
4	584	40
4	596	41
4	603	42
4	621	43
4	637	44
4	658	45
4	672	46
4	685	47
4	694	48
4	704	49
4	711	50
4	721	51
4	722	52
4	728	53
4	737	54
4	766	55
4	788	56
4	792	57
4	806	58
4	807	59
4	818	60
4	825	61
4	826	62
4	840	63
4	849	64
4	858	65
4	867	66
4	876	67
4	886	68
4	890	69
4	893	70
4	925	71
4	957	72
4	964	73
4	977	74
4	985	75
4	1011	76
4	1023	77
4	1036	78
4	1048	79
4	1050	80
4	1051	81
4	1095	82
4	1096	83
4	1111	84
4	1119	85
4	1127	86
4	1130	87
4	1131	88
4	1159	89
4	1195	90
4	1226	91
4	1249	92
4	1250	93
4	1293	94
4	1294	95
4	1314	96
6	0	1
7	0	1
7	20	2
7	34	3
7	49	4
7	58	5
7	59	6
7	80	7
7	81	8
7	89	9
7	107	10
7	109	11
Table: Definers
PID	CUID	BASEFILEID	DEFINERID
25	7	7	2
Table: Includers
PID	CUID	BASEFILEID	INCLUDERID
24	2	2	1
24	4	3	1
24	4	4	1
24	4	5	4
24	4	6	4
25	2	2	1
25	2	2	1
25	4	3	1
25	4	4	1
25	4	5	4
25	4	6	4
25	7	3	1
25	7	7	1
Table: Providers
PID	CUID	PROVIDERID
24	2	2
24	4	4
25	2	2
25	2	2
25	4	4
25	7	7
Table: IncTriggers
PID	CUID	BASEFILEID	DEFINERID	FOFFSET	LEN
25	7	7	2	471	4
Table: Functions
ID	NAME	ISMACRO	DEFINED	DECLARED	FILESCOPED	FID	FOFFSET	FANIN
1149	foo	0	1	1	0	7	81	0
2641	puts	0	0	1	0	4	188	1
2977	tripleprint	1	1	0	1	4	212	1
4405	WBEGIN	1	1	0	1	4	314	0
5441	sqr	1	1	0	1	4	388	0
6407	open	0	0	1	0	4	457	1
6599	main	0	0	1	0	2	471	0
6785	fun	0	1	1	0	4	484	1
7495	_cscout_dummy1	0	1	1	1	2	535	1
14877	fun2	0	1	1	1	4	1062	0
15955	PASTE2	1	1	0	1	4	1139	0
16347	PASTE3	1	1	0	1	4	1167	0
17621	STRINGDEF	1	1	0	1	4	1258	0
Table: FunctionDefs
FUNCTIONID	FIDBEGIN	FOFFSETBEGIN	FIDEND	FOFFSETEND
1149	7	88	7	108
2977	4	226	4	283
4405	4	326	4	342
5441	4	394	4	403
6785	4	513	4	1049
7495	2	557	2	577
14877	4	1074	4	1094
15955	4	1151	4	1159
16347	4	1182	4	1195
17621	4	1273	4	1293
Table: FunctionMetrics
FUNCTIONID	PRECPP	NCHAR	NCCOMMENT	NSPACE	NLCOMMENT	NBCOMMENT	NLINE	MAXLINELEN	MAXSTMTLEN	MAXSTMTNEST	MAXBRACENEST	MAXBRACKNEST	BRACENEST	BRACKNEST	NULINE	NPPDIRECTIVE	NPPCOND	NPPFMACRO	NPPOMACRO	NTOKEN	NSTMT	NOP	NUOP	NNCONST	NCLIT	NSTRING	NPPCONCATOP	NPPSTRINGOP	NIF	NELSE	NSWITCH	NCASE	NDEFAULT	NBREAK	NFOR	NWHILE	NDO	NCONTINUE	NGOTO	NRETURN	NASM	NTYPEOF	NPID	NFID	NMID	NID	NUPID	NUFID	NUMID	NUID	NLABEL	NMACROEXPANDTOKEN	NGNSOC	NMPARAM	NFPARAM	NEPARAM	FANIN	FANOUT	CCYCL1	CCYCL2	CCYCL3	CSTRUC	CHAL	IFLOW
1149	0	NULL	NULL	NULL	NULL	NULL	NULL	NULL	0	0	0	0	NULL	NULL	NULL	NULL	NULL	NULL	NULL	1	0	0	0	0	0	0	NULL	NULL	0	0	0	0	0	0	0	0	0	0	0	0	0	0	0	0	NULL	0	0	0	NULL	0	0	NULL	24	NULL	0	NULL	0	0	1	1	1	0.0	0.0	0.0
1149	1	21	14	3	1	0	3	17	0	NULL	0	0	0	0	0	0	0	0	0	1	0	0	0	0	0	0	0	0	0	0	0	0	0	0	0	0	0	0	0	0	0	0	0	0	0	0	0	0	0	0	0	0	NULL	0	NULL	0	0	0	1	1	1	0.0	0.0	0.0
2977	0	NULL	NULL	NULL	NULL	NULL	NULL	NULL	0	0	0	0	NULL	NULL	NULL	NULL	NULL	NULL	NULL	0	0	0	0	0	0	0	NULL	NULL	0	0	0	0	0	0	0	0	0	0	0	0	0	0	0	0	NULL	0	0	0	NULL	0	0	NULL	0	NULL	0	NULL	1	1	1	1	1	1.0	0.0	1.0
2977	1	59	0	17	0	0	6	13	10	NULL	1	1	0	0	0	0	0	0	0	23	6	0	0	1	0	0	0	0	0	0	0	0	0	0	0	0	1	0	0	0	0	0	3	0	0	3	1	0	0	1	0	0	NULL	1	NULL	0	1	1	2	2	2	1.0	4.0	2.0
4405	0	NULL	NULL	NULL	NULL	NULL	NULL	NULL	0	0	0	0	NULL	NULL	NULL	NULL	NULL	NULL	NULL	0	0	0	0	0	0	0	NULL	NULL	0	0	0	0	0	0	0	0	0	0	0	0	0	0	0	0	NULL	0	0	0	NULL	0	0	NULL	0	NULL	0	NULL	0	0	1	1	1	0.0	0.0	0.0
4405	1	14	0	5	0	0	2	12	0	NULL	1	1	1	0	0	0	0	0	0	5	1	0	0	0	0	0	0	0	0	0	0	0	0	0	0	1	0	0	0	0	0	0	0	0	0	0	0	0	0	0	0	0	NULL	1	NULL	0	0	0	2	2	2	0.0	0.0	0.0
5441	0	NULL	NULL	NULL	NULL	NULL	NULL	NULL	0	0	0	0	NULL	NULL	NULL	NULL	NULL	NULL	NULL	0	0	0	0	0	0	0	NULL	NULL	0	0	0	0	0	0	0	0	0	0	0	0	0	0	0	0	NULL	0	0	0	NULL	0	0	NULL	0	NULL	0	NULL	0	0	1	1	1	0.0	0.0	0.0
5441	1	12	0	4	0	0	1	10	0	NULL	0	1	0	0	0	0	0	0	0	5	0	1	1	0	0	0	0	0	0	0	0	0	0	0	0	0	0	0	0	0	0	0	0	0	0	0	0	0	0	0	0	0	NULL	1	NULL	0	0	0	1	1	1	0.0	0.0	0.0
6785	0	NULL	NULL	NULL	NULL	NULL	NULL	NULL	23	2	2	4	NULL	NULL	NULL	NULL	NULL	NULL	NULL	198	40	19	5	19	2	8	NULL	NULL	2	1	1	3	1	1	2	1	3	1	2	1	0	0	7	1	NULL	29	2	1	NULL	10	1	NULL	26	NULL	2	NULL	1	2	10	11	13	4.0	356.725	40.0
6785	1	467	13	159	1	0	46	32	35	NULL	2	4	0	0	0	3	1	0	1	170	28	19	5	17	2	4	0	0	2	1	1	3	1	1	2	1	1	1	2	1	0	0	1	1	4	27	1	1	2	11	1	58	NULL	0	NULL	0	1	2	8	9	11	4.0	333.403	32.0
7495	0	NULL	NULL	NULL	NULL	NULL	NULL	NULL	5	0	0	1	NULL	NULL	NULL	NULL	NULL	NULL	NULL	5	1	0	0	0	0	0	NULL	NULL	0	0	0	0	0	0	0	0	0	0	0	0	0	0	0	1	NULL	1	0	1	NULL	1	0	NULL	16	NULL	0	NULL	1	1	1	1	1	1.0	0.0	1.0
7495	1	22	0	3	0	0	1	21	5	NULL	0	1	0	0	0	0	0	0	0	5	1	0	0	0	0	0	0	0	0	0	0	0	0	0	0	0	0	0	0	0	0	0	0	1	0	1	0	1	0	1	0	0	NULL	0	NULL	0	1	1	1	1	1	1.0	0.0	1.0
14877	0	NULL	NULL	NULL	NULL	NULL	NULL	NULL	11	0	0	1	NULL	NULL	NULL	NULL	NULL	NULL	NULL	8	1	1	1	1	0	0	NULL	NULL	0	0	0	0	0	0	0	0	0	0	0	1	0	0	1	0	NULL	1	1	0	NULL	1	0	NULL	29	NULL	0	NULL	0	1	1	1	1	0.0	4.75489	0.0
14877	1	17	0	6	0	0	1	16	11	NULL	0	1	0	0	0	0	0	0	0	8	1	1	1	1	0	0	0	0	0	0	0	0	0	0	0	0	0	0	0	1	0	0	1	0	0	1	1	0	0	1	0	0	NULL	0	NULL	0	0	1	1	1	1	0.0	4.75489	0.0
15955	0	NULL	NULL	NULL	NULL	NULL	NULL	NULL	0	0	0	0	NULL	NULL	NULL	NULL	NULL	NULL	NULL	0	0	0	0	0	0	0	NULL	NULL	0	0	0	0	0	0	0	0	0	0	0	0	0	0	0	0	NULL	0	0	0	NULL	0	0	NULL	0	NULL	0	NULL	0	0	1	1	1	0.0	0.0	0.0
15955	1	11	0	4	0	0	1	9	0	NULL	0	0	0	0	0	0	0	0	0	3	0	1	1	0	0	0	1	0	0	0	0	0	0	0	0	0	0	0	0	0	0	0	0	0	0	0	0	0	0	0	0	0	NULL	2	NULL	0	0	0	1	1	1	0.0	0.0	0.0
16347	0	NULL	NULL	NULL	NULL	NULL	NULL	NULL	0	0	0	0	NULL	NULL	NULL	NULL	NULL	NULL	NULL	0	0	0	0	0	0	0	NULL	NULL	0	0	0	0	0	0	0	0	0	0	0	0	0	0	0	0	NULL	0	0	0	NULL	0	0	NULL	0	NULL	0	NULL	0	0	1	1	1	0.0	0.0	0.0
16347	1	17	0	6	0	0	1	15	0	NULL	0	0	0	0	0	0	0	0	0	5	0	2	1	0	0	0	2	0	0	0	0	0	0	0	0	0	0	0	0	0	0	0	0	0	0	0	0	0	0	0	0	0	NULL	3	NULL	0	0	0	1	1	1	0.0	0.0	0.0
17621	0	NULL	NULL	NULL	NULL	NULL	NULL	NULL	0	0	0	0	NULL	NULL	NULL	NULL	NULL	NULL	NULL	0	0	0	0	0	0	0	NULL	NULL	0	0	0	0	0	0	0	0	0	0	0	0	0	0	0	0	NULL	0	0	0	NULL	0	0	NULL	0	NULL	0	NULL	0	0	1	1	1	0.0	0.0	0.0
17621	1	20	0	6	0	0	2	18	0	NULL	0	0	0	0	0	0	0	0	0	6	0	2	2	0	0	0	0	1	0	0	0	0	0	0	0	0	0	0	0	0	0	0	0	0	0	0	0	0	0	0	0	0	NULL	1	NULL	0	0	0	1	1	1	0.0	2.0	0.0
Table: FunctionId
FUNCTIONID	ORDINAL	EID
1149	0	1149
2641	0	2641
2977	0	2977
4405	0	4405
5441	0	5441
6407	0	6407
6599	0	589
6785	0	6785
7495	0	7495
14877	0	14877
15955	0	15955
16347	0	16347
17621	0	17621
Table: Fcalls
SOURCEID	DESTID
2977	2641
6785	2977
6785	6407
7495	7495
14877	6785
Done
