Table: Ids
EID	NAME	READONLY	UNDEFMACRO	MACRO	FUNMACRO	MACROARG	CPPCONST	CPPSTRVAL	DEFCCONSTVAL	NOTDEFCCONSTVAL	EXPCCONSTVAL	NOTEXPCCONSTVAL	ORDINARY	SUETAG	SUMEMBER	LABEL	TYPEDEF	ENUM	YACC	FUN	CSCOPE	LSCOPE	UNUSED
89	pure_function_macro	0	0	1	1	0	0	0	0	0	1	1	0	0	0	0	0	0	0	0	0	0	0
91	MAXDIGIT	0	0	1	0	0	0	0	1	0	0	0	0	0	0	0	0	0	0	0	0	0	1
289	x	0	0	0	0	1	0	0	0	0	0	0	0	0	0	0	0	0	0	0	0	0	0
331	x	0	0	0	0	0	0	0	0	0	0	0	1	0	0	0	0	0	0	0	0	1	1
441	main	1	0	0	0	0	0	0	0	0	0	0	1	0	0	0	0	0	0	1	0	1	0
479	pure_code_macro	0	0	1	1	0	0	0	0	0	0	1	0	0	0	0	0	0	0	0	0	0	0
571	qqq	0	0	0	0	0	0	0	0	0	0	0	1	0	0	0	0	0	0	0	0	1	1
639	x	0	0	0	0	1	0	0	0	0	0	0	0	0	0	0	0	0	0	0	0	0	0
789	printnum	0	0	0	0	0	0	0	0	0	0	0	1	0	0	0	0	0	0	1	0	1	0
891	foo	0	0	0	0	0	0	0	0	0	0	0	1	0	0	0	0	0	0	1	0	1	1
1119	macro_using_local	0	0	1	1	0	0	0	0	0	0	1	0	0	0	0	0	0	0	0	0	0	0
1409	a	0	0	0	0	0	0	0	0	0	0	0	1	0	0	0	0	0	0	0	0	0	0
1519	mixed_	0	0	1	1	0	0	0	0	0	0	1	0	0	0	0	0	0	0	0	0	0	0
1579	macro	0	0	1	1	0	0	0	0	0	0	1	0	0	0	0	0	0	0	0	0	0	0
1639	type	0	0	0	0	1	0	0	0	0	0	0	0	0	0	0	0	0	0	0	0	0	0
1699	name	0	0	0	0	1	0	0	0	0	0	0	0	0	0	0	0	0	0	0	0	0	0
1759	value	0	0	0	0	1	0	0	0	0	0	0	0	0	0	0	0	0	0	0	0	0	0
2099	WBEGIN	0	0	1	1	0	0	0	0	0	0	1	0	0	0	0	0	0	0	0	0	0	0
2169	cond	0	0	0	0	1	0	0	0	0	0	0	0	0	0	0	0	0	0	0	0	0	0
2459	WEND	0	0	1	0	0	0	0	0	1	0	1	0	0	0	0	0	0	0	0	0	0	0
2789	x	0	0	0	0	0	0	0	0	0	0	0	1	0	0	0	0	0	0	0	0	0	1
2929	PASTE	0	0	1	1	0	0	0	0	0	0	1	0	0	0	0	0	0	0	0	0	0	0
2975	__DATE__	1	0	1	0	0	0	0	0	1	0	0	0	0	0	0	0	0	0	0	0	0	1
2989	x	0	0	0	0	1	0	0	0	0	0	0	0	0	0	0	0	0	0	0	0	0	0
3019	y	0	0	0	0	1	0	0	0	0	0	0	0	0	0	0	0	0	0	0	0	0	0
3249	aka_int	0	0	0	0	0	0	0	0	0	0	0	1	0	0	0	1	0	0	0	1	0	0
3295	__TIME__	1	0	1	0	0	0	0	0	1	0	0	0	0	0	0	0	0	0	0	0	0	1
3429	xcoord	0	0	1	1	0	0	0	0	0	0	1	0	0	0	0	0	0	0	0	0	0	0
3499	p	0	0	0	0	1	0	0	0	0	0	0	0	0	0	0	0	0	0	0	0	0	0
3549	xcoord	0	0	0	0	0	0	0	0	0	0	0	0	0	1	0	0	0	0	0	0	0	0
3575	__FILE__	1	0	1	0	0	0	0	0	1	0	0	0	0	0	0	0	0	0	0	0	0	1
3699	coord	0	0	1	1	0	0	0	0	0	0	1	0	0	0	0	0	0	0	0	0	0	0
3759	p	0	0	0	0	1	0	0	0	0	0	0	0	0	0	0	0	0	0	0	0	0	0
3789	c	0	0	0	0	1	0	0	0	0	0	0	0	0	0	0	0	0	0	0	0	0	0
3865	__LINE__	1	0	1	0	0	0	0	1	0	0	0	0	0	0	0	0	0	0	0	0	0	1
3919	fun	0	0	0	0	0	0	0	0	0	0	0	1	0	0	0	0	0	0	1	0	1	1
4055	__STDC__	1	0	1	0	0	0	0	1	0	0	0	0	0	0	0	0	0	0	0	0	0	1
4079	point	0	0	0	0	0	0	0	0	0	0	0	0	1	0	0	0	0	0	0	0	0	1
4279	ycoord	0	0	0	0	0	0	0	0	0	0	0	0	0	1	0	0	0	0	0	0	0	0
4379	pa	0	0	0	0	0	0	0	0	0	0	0	1	0	0	0	0	0	0	0	0	0	0
4479	k	0	0	0	0	0	0	0	0	0	0	0	1	0	0	0	0	0	0	0	0	0	1
5329	b	0	0	0	0	0	0	0	0	0	0	0	1	0	0	0	0	0	0	0	0	0	1
5355	_cscout_dummy1	1	0	0	0	0	0	0	0	0	0	0	1	0	0	0	0	0	0	1	1	0	0
6689	var1	0	0	0	0	0	0	0	0	0	0	0	1	0	0	0	0	0	0	0	0	0	1
6899	x	0	0	0	0	0	0	0	0	0	0	0	1	0	0	0	0	0	0	0	0	0	1
7369	var2	0	0	0	0	0	0	0	0	0	0	0	1	0	0	0	0	0	0	0	0	0	1
9869	var3	0	0	0	0	0	0	0	0	0	0	0	1	0	0	0	0	0	0	0	0	0	1
10089	another_function	0	0	0	0	0	0	0	0	0	0	0	1	0	0	0	0	0	0	1	0	1	1
10669	k	0	0	0	0	0	0	0	0	0	0	0	1	0	0	0	0	0	0	0	0	0	1
10999	algol_fun	0	0	0	0	0	0	0	0	0	0	0	1	0	0	0	0	0	0	1	0	1	1
11159	a	0	0	0	0	0	0	0	0	0	0	0	1	0	0	0	0	0	0	0	0	0	1
11619	partial_algol_fun	0	0	0	0	0	0	0	0	0	0	0	1	0	0	0	0	0	0	1	0	1	1
11859	a	0	0	0	0	0	0	0	0	0	0	0	1	0	0	0	0	0	0	0	0	0	1
Table: Tokens
FID	FOFFSET	EID
2	297	2975
2	329	3295
2	357	3575
2	386	3865
2	405	4055
2	471	441
2	535	5355
2	558	5355
4	8	89
4	28	289
4	32	289
4	36	289
4	47	479
4	63	639
4	75	639
4	78	789
4	87	639
4	111	1119
4	131	789
4	140	1409
4	151	1519
4	157	1579
4	163	1639
4	169	1699
4	175	1759
4	182	1639
4	187	1699
4	194	1759
4	209	2099
4	216	2169
4	229	2169
4	245	2459
4	265	789
4	278	2789
4	292	2929
4	298	2989
4	301	3019
4	304	2989
4	309	3019
4	324	3249
4	342	3429
4	349	3499
4	352	3499
4	354	3549
4	369	3699
4	375	3759
4	378	3789
4	381	3759
4	383	3789
4	391	3919
4	407	4079
4	419	3549
4	427	4279
4	437	4379
4	447	4479
4	451	3699
4	457	4379
4	461	4279
4	471	789
4	480	3429
4	487	4379
4	499	1409
4	503	89
4	532	5329
4	536	89
4	556	1409
4	562	1119
4	585	479
4	601	1409
4	606	479
4	651	1519
4	657	1579
4	668	6689
4	681	3249
4	689	6899
4	715	1519
4	721	1579
4	727	3249
4	736	7369
4	957	2929
4	963	1519
4	971	1579
4	986	9869
4	1008	10089
4	1066	10669
4	1099	10999
4	1115	11159
4	1124	2099
4	1148	2459
4	1161	11619
4	1185	11859
4	1194	2099
5	8	91
5	32	331
5	43	441
5	56	571
5	88	891
Table: Rest
FID	FOFFSET	CODE
2	287	\u0000a\u0000a#define 
2	305	  
2	320	\u0000a#define 
2	337	 
2	348	\u0000a#define 
2	365	 
2	377	\u0000a#define 
2	394	 1\u0000a#define 
2	413	 1\u0000a\u0000a
2	466	\u0000aint 
2	475	();\u0000a
2	522	\u0000astatic void 
2	549	(void) { 
2	572	(); }\u0000a
3	152	\u0000a\u0000a\u0000a#pragma includepath 
3	195	\u0000a
3	239	\u0000astatic void _cscout_dummy2(void) { _cscout_dummy2(); }\u0000a
4	0	#define 
4	27	(
4	29	) (
4	33	 * 
4	37	)\u0000a#define 
4	62	(
4	64	) do { if (
4	76	) 
4	86	(
4	88	); } while (0)\u0000a#define 
4	128	() 
4	139	(
4	141	)\u0000a#define 
4	162	(
4	167	, 
4	173	, 
4	180	) 
4	186	 
4	191	 = 
4	199	\u0000a\u0000a#define 
4	215	(
4	220	) while (
4	233	) {\u0000a#define 
4	249	 }\u0000a\u0000aextern void 
4	273	(int 
4	279	);\u0000a\u0000a\u0000a#define 
4	297	(
4	299	, 
4	302	) 
4	305	 ## 
4	310	\u0000a\u0000atypedef int 
4	331	;\u0000a\u0000a#define 
4	348	(
4	350	) 
4	353	.
4	360	\u0000a#define 
4	374	(
4	376	, 
4	379	) 
4	382	.
4	384	\u0000a\u0000avoid\u0000a
4	394	()\u0000a{\u0000a	struct 
4	412	 { int 
4	425	, 
4	433	; } 
4	439	;\u0000a\u0000a	int 
4	448	 = 
4	456	(
4	459	, 
4	467	);\u0000a	
4	479	(
4	486	(
4	489	));\u0000a\u0000a	int 
4	500	 = 
4	522	(5);\u0000a	int 
4	533	 = 
4	555	(
4	557	);\u0000a\u0000a	
4	579	();\u0000a\u0000a	
4	600	(
4	602	);\u0000a	
4	621	(12);\u0000a\u0000a	
4	650		
4	662	(int, 
4	672	, 42);\u0000a\u0000a	
4	688	 
4	690	;\u0000a	
4	714		
4	726	(
4	734	, 
4	740	, 42);\u0000a\u0000a	
4	955	\u0000a	
4	962	(
4	969	, 
4	976	)(double, 
4	990	, 3.14);\u0000a\u0000a}\u0000a\u0000avoid\u0000a
4	1024	(void)\u0000a{\u0000a	while ((((1)))) {\u0000a		do {\u0000a			int 
4	1067	 = 3;\u0000a		} while (0);\u0000a	}\u0000a}\u0000a\u0000avoid\u0000a
4	1108	(int (*
4	1116	)())\u0000a{\u0000a	
4	1130	 (1)\u0000a		continue;\u0000a	
4	1152	\u0000a}\u0000a\u0000avoid\u0000a
4	1178	(int (*
4	1186	)())\u0000a{\u0000a	
4	1200	 (1)\u0000a		continue;\u0000a	}\u0000a}\u0000a
5	0	#define 
5	16	 11\u0000d\u0000aextern int 
5	33	;\u0000d\u0000aextern 
5	47	();\u0000d\u0000aint 
5	59	;\u0000d\u0000a\u0000d\u0000a
5	86	\u0000d\u0000a
5	91	() {\u0000d\u0000a	
5	116	}\u0000d\u0000a\u0000d\u0000a
Table: Projects
PID	NAME
23	unspecified
24	Prj1
25	Prj2
Table: IdProj
EID	PID
89	24
289	24
441	24
479	24
639	24
789	24
1119	24
1409	24
1519	24
1579	24
1639	24
1699	24
1759	24
2099	24
2169	24
2459	24
2789	24
2929	24
2975	24
2989	24
3019	24
3249	24
3295	24
3429	24
3499	24
3549	24
3575	24
3699	24
3759	24
3789	24
3865	24
3919	24
4055	24
4079	24
4279	24
4379	24
4479	24
5329	24
5355	24
6689	24
6899	24
7369	24
9869	24
10089	24
10669	24
10999	24
11159	24
11619	24
11859	24
89	25
91	25
289	25
331	25
441	25
479	25
571	25
639	25
789	25
891	25
1119	25
1409	25
1519	25
1579	25
1639	25
1699	25
1759	25
2099	25
2169	25
2459	25
2789	25
2929	25
2975	25
2989	25
3019	25
3249	25
3295	25
3429	25
3499	25
3549	25
3575	25
3699	25
3759	25
3789	25
3865	25
3919	25
4055	25
4079	25
4279	25
4379	25
4479	25
5329	25
5355	25
6689	25
6899	25
7369	25
9869	25
10089	25
10669	25
10999	25
11159	25
11619	25
11859	25
Table: Files
FID	NAME	RO
2	host-defs.h	1
3	host-incs.h	1
4	c51-macro-metrics.c	0
5	prj2.c	0
Table: Filemetrics
FID	PRECPP	NCHAR	NCCOMMENT	NSPACE	NLCOMMENT	NBCOMMENT	NLINE	MAXLINELEN	MAXSTMTLEN	MAXSTMTNEST	MAXBRACENEST	MAXBRACKNEST	BRACENEST	BRACKNEST	NULINE	NPPDIRECTIVE	NPPCOND	NPPFMACRO	NPPOMACRO	NTOKEN	NSTMT	NOP	NUOP	NNCONST	NCLIT	NSTRING	NPPCONCATOP	NPPSTRINGOP	NIF	NELSE	NSWITCH	NCASE	NDEFAULT	NBREAK	NFOR	NWHILE	NDO	NCONTINUE	NGOTO	NRETURN	NASM	NTYPEOF	NPID	NFID	NMID	NID	NUPID	NUFID	NUMID	NUID	NLABEL	NMACROEXPANDTOKEN	NCOPIES	NINCFILE	NPFUNCTION	NFFUNCTION	NPVAR	NFVAR	NAGGREGATE	NAMEMBER	NENUM	NEMEMBER
2	0	NULL	NULL	NULL	NULL	NULL	NULL	NULL	16	0	1	1	NULL	NULL	NULL	NULL	NULL	NULL	NULL	18	2	0	0	0	0	0	NULL	NULL	0	0	0	0	0	0	0	0	0	0	0	0	0	0	0	0	NULL	0	0	0	NULL	0	0	NULL	NULL	NULL	0	1	0	0	0	0	0	0
2	1	548	367	29	0	3	22	61	47	NULL	1	1	0	0	0	5	0	0	5	37	2	0	0	2	0	3	0	0	0	0	0	0	0	0	0	0	0	0	0	0	0	0	1	2	5	8	1	1	5	7	0	0	1	0	NULL	NULL	NULL	NULL	NULL	NULL	NULL	NULL
3	0	NULL	NULL	NULL	NULL	NULL	NULL	NULL	15	0	1	1	NULL	NULL	NULL	NULL	NULL	NULL	NULL	0	1	0	0	0	0	0	NULL	NULL	0	0	0	0	0	0	0	0	0	0	0	0	0	0	0	0	NULL	0	0	0	NULL	0	0	NULL	NULL	NULL	0	0	0	0	0	0	0	0
3	1	243	187	13	0	2	13	48	28	NULL	1	1	0	0	0	1	0	0	0	16	1	0	0	0	0	1	0	0	0	0	0	0	0	0	0	0	0	0	0	0	0	0	0	0	0	0	0	0	0	0	0	0	1	0	NULL	NULL	NULL	NULL	NULL	NULL	NULL	NULL
4	0	NULL	NULL	NULL	NULL	NULL	NULL	NULL	38	2	3	4	NULL	NULL	NULL	NULL	NULL	NULL	NULL	193	32	13	0	14	0	0	NULL	NULL	2	0	0	0	0	0	0	3	3	2	0	0	0	0	18	6	NULL	62	5	1	NULL	18	0	NULL	NULL	NULL	4	0	0	0	1	2	0	0
4	1	1163	238	181	2	1	75	68	79	NULL	3	4	-1	0	0	9	0	8	1	288	27	11	0	11	0	0	1	0	1	0	0	0	0	0	0	2	2	2	0	0	0	0	8	3	27	55	5	1	10	28	0	202	1	0	NULL	NULL	NULL	NULL	NULL	NULL	NULL	NULL
5	0	NULL	NULL	NULL	NULL	NULL	NULL	NULL	8	0	1	1	NULL	NULL	NULL	NULL	NULL	NULL	NULL	18	3	0	0	0	0	0	NULL	NULL	0	0	0	0	0	0	0	0	0	0	0	0	0	0	4	0	NULL	4	4	0	NULL	4	0	NULL	NULL	NULL	1	0	2	0	0	0	0	0
5	1	106	34	26	2	0	11	21	14	NULL	1	1	0	0	0	1	0	0	1	21	3	0	0	1	0	0	0	0	0	0	0	0	0	0	0	0	0	0	0	0	0	0	4	0	1	5	4	0	1	5	0	0	1	0	NULL	NULL	NULL	NULL	NULL	NULL	NULL	NULL
Table: FileProj
FID	PID
2	24
3	24
4	24
1	25
2	25
3	25
4	25
5	25
Table: Definers
PID	CUID	BASEFILEID	DEFINERID
25	5	5	2
Table: Includers
PID	CUID	BASEFILEID	INCLUDERID
24	2	2	1
24	4	3	1
24	4	4	1
25	2	2	1
25	2	2	1
25	4	3	1
25	4	4	1
25	5	3	1
25	5	5	1
Table: Providers
PID	CUID	PROVIDERID
24	2	2
24	4	4
25	2	2
25	2	2
25	4	4
25	5	5
Table: IncTriggers
PID	CUID	BASEFILEID	DEFINERID	FOFFSET	LEN
25	5	5	2	471	4
Table: Functions
ID	NAME	ISMACRO	DEFINED	DECLARED	FILESCOPED	FID	FOFFSET	FANIN
89	pure_function_macro	1	1	0	1	4	8	1
479	pure_code_macro	1	1	0	1	4	47	1
891	foo	0	1	1	0	5	88	0
1119	macro_using_local	1	1	0	1	4	111	1
1519	mixed_macro	1	1	0	1	4	151	2
2099	WBEGIN	1	1	0	1	4	209	2
2659	printnum	0	0	1	0	4	265	3
2929	PASTE	1	1	0	1	4	292	1
3429	xcoord	1	1	0	1	4	342	1
3699	coord	1	1	0	1	4	369	1
3919	fun	0	1	1	0	4	391	0
4715	main	0	0	1	0	2	471	0
5355	_cscout_dummy1	0	1	1	1	2	535	1
10089	another_function	0	1	1	0	4	1008	0
10999	algol_fun	0	1	1	0	4	1099	0
11619	partial_algol_fun	0	1	1	0	4	1161	0
Table: FunctionDefs
FUNCTIONID	FIDBEGIN	FOFFSETBEGIN	FIDEND	FOFFSETEND
89	4	30	4	39
479	4	65	4	103
891	5	95	5	117
1119	4	130	4	143
1519	4	181	4	200
2099	4	221	4	237
2929	4	303	4	311
3429	4	351	4	361
3699	4	380	4	385
3919	4	398	4	1001
5355	2	557	2	577
10089	4	1032	4	1092
10999	4	1122	4	1154
11619	4	1192	4	1221
Table: FunctionMetrics
FUNCTIONID	PRECPP	NCHAR	NCCOMMENT	NSPACE	NLCOMMENT	NBCOMMENT	NLINE	MAXLINELEN	MAXSTMTLEN	MAXSTMTNEST	MAXBRACENEST	MAXBRACKNEST	BRACENEST	BRACKNEST	NULINE	NPPDIRECTIVE	NPPCOND	NPPFMACRO	NPPOMACRO	NTOKEN	NSTMT	NOP	NUOP	NNCONST	NCLIT	NSTRING	NPPCONCATOP	NPPSTRINGOP	NIF	NELSE	NSWITCH	NCASE	NDEFAULT	NBREAK	NFOR	NWHILE	NDO	NCONTINUE	NGOTO	NRETURN	NASM	NTYPEOF	NPID	NFID	NMID	NID	NUPID	NUFID	NUMID	NUID	NLABEL	NMACROEXPANDTOKEN	NGNSOC	NMPARAM	NFPARAM	NEPARAM	FANIN	FANOUT	CCYCL1	CCYCL2	CCYCL3	CSTRUC	CHAL	IFLOW
89	0	NULL	NULL	NULL	NULL	NULL	NULL	NULL	0	0	0	0	NULL	NULL	NULL	NULL	NULL	NULL	NULL	0	0	0	0	0	0	0	NULL	NULL	0	0	0	0	0	0	0	0	0	0	0	0	0	0	0	0	NULL	0	0	0	NULL	0	0	NULL	0	NULL	0	NULL	1	0	1	1	1	0.0	0.0	0.0
89	1	12	0	4	0	0	1	10	0	NULL	0	1	0	0	0	0	0	0	0	5	0	1	1	0	0	0	0	0	0	0	0	0	0	0	0	0	0	0	0	0	0	0	0	0	0	0	0	0	0	0	0	0	NULL	1	NULL	0	1	0	1	1	1	0.0	0.0	0.0
479	0	NULL	NULL	NULL	NULL	NULL	NULL	NULL	0	0	0	0	NULL	NULL	NULL	NULL	NULL	NULL	NULL	0	0	0	0	0	0	0	NULL	NULL	0	0	0	0	0	0	0	0	0	0	0	0	0	0	0	0	NULL	0	0	0	NULL	0	0	NULL	0	NULL	0	NULL	1	1	1	1	1	1.0	0.0	1.0
479	1	36	0	9	0	0	1	34	16	NULL	1	1	0	0	0	0	0	0	0	16	4	0	0	1	0	0	0	0	1	0	0	0	0	0	0	0	1	0	0	0	0	0	1	0	0	1	1	0	0	1	0	0	NULL	1	NULL	0	1	1	3	3	3	1.0	2.0	3.0
891	0	NULL	NULL	NULL	NULL	NULL	NULL	NULL	0	0	0	0	NULL	NULL	NULL	NULL	NULL	NULL	NULL	1	0	0	0	0	0	0	NULL	NULL	0	0	0	0	0	0	0	0	0	0	0	0	0	0	0	0	NULL	0	0	0	NULL	0	0	NULL	21	NULL	0	NULL	0	0	1	1	1	0.0	0.0	0.0
891	1	23	15	4	1	0	2	18	0	NULL	0	0	0	0	0	0	0	0	0	1	0	0	0	0	0	0	0	0	0	0	0	0	0	0	0	0	0	0	0	0	0	0	0	0	0	0	0	0	0	0	0	0	NULL	0	NULL	0	0	0	1	1	1	0.0	0.0	0.0
1119	0	NULL	NULL	NULL	NULL	NULL	NULL	NULL	0	0	0	0	NULL	NULL	NULL	NULL	NULL	NULL	NULL	0	0	0	0	0	0	0	NULL	NULL	0	0	0	0	0	0	0	0	0	0	0	0	0	0	0	0	NULL	0	0	0	NULL	0	0	NULL	0	NULL	0	NULL	1	1	1	1	1	1.0	0.0	1.0
1119	1	16	0	2	0	0	1	14	0	NULL	0	1	0	0	0	0	0	0	0	4	0	0	0	0	0	0	0	0	0	0	0	0	0	0	0	0	0	0	0	0	0	0	1	0	0	2	1	0	0	2	0	0	NULL	0	NULL	0	1	1	1	1	1	1.0	2.0	1.0
1519	0	NULL	NULL	NULL	NULL	NULL	NULL	NULL	0	0	0	0	NULL	NULL	NULL	NULL	NULL	NULL	NULL	0	0	0	0	0	0	0	NULL	NULL	0	0	0	0	0	0	0	0	0	0	0	0	0	0	0	0	NULL	0	0	0	NULL	0	0	NULL	0	NULL	0	NULL	2	0	1	1	1	0.0	0.0	0.0
1519	1	23	0	6	0	0	2	21	0	NULL	0	0	0	0	0	0	0	0	0	4	0	1	1	0	0	0	0	0	0	0	0	0	0	0	0	0	0	0	0	0	0	0	0	0	0	0	0	0	0	0	0	0	NULL	3	NULL	2	2	0	1	1	1	0.0	0.0	0.0
2099	0	NULL	NULL	NULL	NULL	NULL	NULL	NULL	0	0	0	0	NULL	NULL	NULL	NULL	NULL	NULL	NULL	0	0	0	0	0	0	0	NULL	NULL	0	0	0	0	0	0	0	0	0	0	0	0	0	0	0	0	NULL	0	0	0	NULL	0	0	NULL	0	NULL	0	NULL	2	0	1	1	1	0.0	0.0	0.0
2099	1	14	0	4	0	0	1	12	0	NULL	1	1	1	0	0	0	0	0	0	5	1	0	0	0	0	0	0	0	0	0	0	0	0	0	0	1	0	0	0	0	0	0	0	0	0	0	0	0	0	0	0	0	NULL	1	NULL	0	2	0	2	2	2	0.0	0.0	0.0
2929	0	NULL	NULL	NULL	NULL	NULL	NULL	NULL	0	0	0	0	NULL	NULL	NULL	NULL	NULL	NULL	NULL	0	0	0	0	0	0	0	NULL	NULL	0	0	0	0	0	0	0	0	0	0	0	0	0	0	0	0	NULL	0	0	0	NULL	0	0	NULL	0	NULL	0	NULL	1	1	1	1	1	1.0	0.0	1.0
2929	1	11	0	5	0	0	2	9	0	NULL	0	0	0	0	0	0	0	0	0	3	0	1	1	0	0	0	1	0	0	0	0	0	0	0	0	0	0	0	0	0	0	0	0	0	0	0	0	0	0	0	0	0	NULL	2	NULL	0	1	1	1	1	1	1.0	0.0	1.0
3429	0	NULL	NULL	NULL	NULL	NULL	NULL	NULL	0	0	0	0	NULL	NULL	NULL	NULL	NULL	NULL	NULL	0	0	0	0	0	0	0	NULL	NULL	0	0	0	0	0	0	0	0	0	0	0	0	0	0	0	0	NULL	0	0	0	NULL	0	0	NULL	0	NULL	0	NULL	1	0	1	1	1	0.0	0.0	0.0
3429	1	13	0	2	0	0	1	11	0	NULL	0	0	0	0	0	0	0	0	0	3	0	1	1	0	0	0	0	0	0	0	0	0	0	0	0	0	0	0	0	0	0	0	0	0	0	0	0	0	0	0	0	0	NULL	1	NULL	0	1	0	1	1	1	0.0	0.0	0.0
3699	0	NULL	NULL	NULL	NULL	NULL	NULL	NULL	0	0	0	0	NULL	NULL	NULL	NULL	NULL	NULL	NULL	0	0	0	0	0	0	0	NULL	NULL	0	0	0	0	0	0	0	0	0	0	0	0	0	0	0	0	NULL	0	0	0	NULL	0	0	NULL	0	NULL	0	NULL	1	0	1	1	1	0.0	0.0	0.0
3699	1	8	0	3	0	0	2	6	0	NULL	0	0	0	0	0	0	0	0	0	3	0	1	1	0	0	0	0	0	0	0	0	0	0	0	0	0	0	0	0	0	0	0	0	0	0	0	0	0	0	0	0	0	NULL	2	NULL	1	1	0	1	1	1	0.0	0.0	0.0
3919	0	NULL	NULL	NULL	NULL	NULL	NULL	NULL	16	0	1	1	NULL	NULL	NULL	NULL	NULL	NULL	NULL	101	21	10	3	9	0	0	NULL	NULL	2	0	0	0	0	0	0	0	2	0	0	0	0	0	4	2	NULL	21	1	1	NULL	10	0	NULL	23	NULL	0	NULL	0	8	5	5	5	0.0	178.377	0.0
3919	1	611	238	63	2	1	29	68	25	NULL	1	2	0	0	0	0	0	0	0	97	13	3	1	5	0	0	0	0	0	0	0	0	0	0	0	0	0	0	0	0	0	0	1	2	14	29	1	1	8	18	0	89	NULL	0	NULL	0	0	8	1	1	1	0.0	169.644	0.0
5355	0	NULL	NULL	NULL	NULL	NULL	NULL	NULL	5	0	0	1	NULL	NULL	NULL	NULL	NULL	NULL	NULL	5	1	0	0	0	0	0	NULL	NULL	0	0	0	0	0	0	0	0	0	0	0	0	0	0	0	1	NULL	1	0	1	NULL	1	0	NULL	13	NULL	0	NULL	1	1	1	1	1	1.0	0.0	1.0
5355	1	22	0	3	0	0	1	21	5	NULL	0	1	0	0	0	0	0	0	0	5	1	0	0	0	0	0	0	0	0	0	0	0	0	0	0	0	0	0	0	0	0	0	0	1	0	1	0	1	0	1	0	0	NULL	0	NULL	0	1	1	1	1	1	1.0	0.0	1.0
10089	0	NULL	NULL	NULL	NULL	NULL	NULL	NULL	27	2	2	4	NULL	NULL	NULL	NULL	NULL	NULL	NULL	26	5	1	1	3	0	0	NULL	NULL	0	0	0	0	0	0	0	1	1	0	0	0	0	0	0	0	NULL	1	0	0	NULL	1	0	NULL	25	NULL	0	NULL	0	0	3	3	3	0.0	11.6096	0.0
10089	1	51	0	24	0	0	7	14	30	NULL	2	4	0	0	0	0	0	0	0	26	5	1	1	3	0	0	0	0	0	0	0	0	0	0	0	1	1	0	0	0	0	0	0	0	0	1	0	0	0	1	0	0	NULL	0	NULL	0	0	0	3	3	3	0.0	11.6096	0.0
10999	0	NULL	NULL	NULL	NULL	NULL	NULL	NULL	11	0	1	1	NULL	NULL	NULL	NULL	NULL	NULL	NULL	9	2	0	0	1	0	0	NULL	NULL	0	0	0	0	0	0	0	1	0	1	0	0	0	0	0	0	NULL	0	0	0	NULL	0	0	NULL	27	NULL	1	NULL	0	1	2	2	2	0.0	0.0	0.0
10999	1	28	0	10	0	0	5	12	11	NULL	0	1	0	0	0	0	0	0	0	8	1	0	0	1	0	0	0	0	0	0	0	0	0	0	0	0	0	1	0	0	0	0	0	0	2	2	0	0	2	2	0	6	NULL	0	NULL	0	0	1	1	1	1	0.0	4.75489	0.0
11619	0	NULL	NULL	NULL	NULL	NULL	NULL	NULL	11	0	1	1	NULL	NULL	NULL	NULL	NULL	NULL	NULL	9	2	0	0	1	0	0	NULL	NULL	0	0	0	0	0	0	0	1	0	1	0	0	0	0	0	0	NULL	0	0	0	NULL	0	0	NULL	29	NULL	1	NULL	0	1	2	2	2	0.0	0.0	0.0
11619	1	24	0	10	0	0	5	12	11	NULL	0	1	-1	0	0	0	0	0	0	8	1	0	0	1	0	0	0	0	0	0	0	0	0	0	0	0	0	1	0	0	0	0	0	0	1	1	0	0	1	1	0	6	NULL	0	NULL	0	0	1	1	1	1	0.0	2.0	0.0
Table: FunctionId
FUNCTIONID	ORDINAL	EID
89	0	89
479	0	479
891	0	891
1119	0	1119
1519	0	1519
1519	1	1579
2099	0	2099
2659	0	789
2929	0	2929
3429	0	3429
3699	0	3699
3919	0	3919
4715	0	441
5355	0	5355
10089	0	10089
10999	0	10999
11619	0	11619
Table: Fcalls
SOURCEID	DESTID
479	2659
1119	2659
2929	1519
3919	89
3919	479
3919	1119
3919	1519
3919	2659
3919	2929
3919	3429
3919	3699
5355	5355
10999	2099
11619	2099
Done
