Table: Ids
EID	NAME	READONLY	UNDEFMACRO	MACRO	FUNMACRO	MACROARG	CPPCONST	CPPSTRVAL	DEFCCONSTVAL	NOTDEFCCONSTVAL	EXPCCONSTVAL	NOTEXPCCONSTVAL	ORDINARY	SUETAG	SUMEMBER	LABEL	TYPEDEF	ENUM	YACC	FUN	CSCOPE	LSCOPE	UNUSED
89	expand	0	0	1	0	0	0	0	0	1	0	1	0	0	0	0	0	0	0	0	0	0	0
91	MAXDIGIT	0	0	1	0	0	0	0	1	0	0	0	0	0	0	0	0	0	0	0	0	0	1
321	x	0	0	0	0	0	0	0	0	0	0	0	1	0	0	0	0	0	0	0	0	1	1
329	expand2	0	0	1	0	0	0	0	0	1	0	1	0	0	0	0	0	0	0	0	0	0	0
421	main	1	0	0	0	0	0	0	0	0	0	0	1	0	0	0	0	0	0	1	0	1	0
541	qqq	0	0	0	0	0	0	0	0	0	0	0	1	0	0	0	0	0	0	0	0	1	1
639	square	0	0	1	1	0	0	0	0	0	1	0	0	0	0	0	0	0	0	0	0	0	0
709	x	0	0	0	0	1	0	0	0	0	0	0	0	0	0	0	0	0	0	0	0	0	0
821	foo	0	0	0	0	0	0	0	0	0	0	0	1	0	0	0	0	0	0	1	0	1	1
869	fun_square	0	0	0	0	0	0	0	0	0	0	0	1	0	0	0	0	0	0	1	0	1	1
1339	fun_triple_square	0	0	0	0	0	0	0	0	0	0	0	1	0	0	0	0	0	0	1	0	1	1
2049	fun_single	0	0	0	0	0	0	0	0	0	0	0	1	0	0	0	0	0	0	1	0	1	1
2289	a	0	0	0	0	0	0	0	0	0	0	0	1	0	0	0	0	0	0	0	0	0	1
2539	fun_double	0	0	0	0	0	0	0	0	0	0	0	1	0	0	0	0	0	0	1	0	1	1
2779	a	0	0	0	0	0	0	0	0	0	0	0	1	0	0	0	0	0	0	0	0	0	1
2975	__DATE__	1	0	1	0	0	0	0	0	1	0	0	0	0	0	0	0	0	0	0	0	0	1
3039	fun_triple	0	0	0	0	0	0	0	0	0	0	0	1	0	0	0	0	0	0	1	0	1	1
3279	a	0	0	0	0	0	0	0	0	0	0	0	1	0	0	0	0	0	0	0	0	0	1
3295	__TIME__	1	0	1	0	0	0	0	0	1	0	0	0	0	0	0	0	0	0	0	0	0	1
3575	__FILE__	1	0	1	0	0	0	0	0	1	0	0	0	0	0	0	0	0	0	0	0	0	1
3619	fun_none	0	0	0	0	0	0	0	0	0	0	0	1	0	0	0	0	0	0	1	0	1	1
3839	l	0	0	0	0	0	0	0	0	0	0	0	1	0	0	0	0	0	0	0	0	0	1
3865	__LINE__	1	0	1	0	0	0	0	1	0	0	0	0	0	0	0	0	0	0	0	0	0	1
4055	__STDC__	1	0	1	0	0	0	0	1	0	0	0	0	0	0	0	0	0	0	0	0	0	1
5355	_cscout_dummy1	1	0	0	0	0	0	0	0	0	0	0	1	0	0	0	0	0	0	1	1	0	0
Table: Tokens
FID	FOFFSET	EID
2	297	2975
2	329	3295
2	357	3575
2	386	3865
2	405	4055
2	471	421
2	535	5355
2	558	5355
4	8	89
4	32	329
4	40	89
4	47	89
4	63	639
4	70	709
4	74	709
4	78	709
4	86	869
4	113	639
4	133	1339
4	167	639
4	174	639
4	181	639
4	204	2049
4	228	2289
4	236	89
4	253	2539
4	277	2779
4	285	329
4	303	3039
4	327	3279
4	335	329
4	343	329
4	361	3619
4	383	3839
5	8	91
5	31	321
5	41	421
5	53	541
5	81	821
Table: Rest
FID	FOFFSET	CODE
2	287	\u0000a\u0000a#define 
2	305	  
2	320	\u0000a#define 
2	337	 
2	348	\u0000a#define 
2	365	 
2	377	\u0000a#define 
2	394	 1\u0000a#define 
2	413	 1\u0000a\u0000a
2	466	\u0000aint 
2	475	();\u0000a
2	522	\u0000astatic void 
2	549	(void) { 
2	572	(); }\u0000a
3	152	\u0000a\u0000a\u0000a#pragma includepath 
3	195	\u0000a
3	239	\u0000astatic void _cscout_dummy2(void) { _cscout_dummy2(); }\u0000a
4	0	#define 
4	14	 1, 2, 3,\u0000a#define 
4	39	 
4	46	 
4	53	\u0000a\u0000a#define 
4	69	(
4	71	) (
4	75	 * 
4	79	)\u0000a\u0000aint\u0000a
4	96	(void)\u0000a{\u0000a	return 
4	119	(100);\u0000a}\u0000a\u0000aint\u0000a
4	150	(void)\u0000a{\u0000a	return 
4	173	(
4	180	(
4	187	(100)));\u0000a}\u0000a\u0000a\u0000aint\u0000a
4	214	(void)\u0000a{\u0000a	int 
4	229	[] = { 
4	242	 };\u0000a}\u0000a\u0000aint\u0000a
4	263	(void)\u0000a{\u0000a	int 
4	278	[] = { 
4	292	 };\u0000a}\u0000a\u0000aint\u0000a
4	313	(void)\u0000a{\u0000a	int 
4	328	[] = { 
4	342	 
4	350	 };\u0000a}\u0000a\u0000aint 
4	369	(void)\u0000a{\u0000a	int 
4	384	;\u0000a}\u0000a
5	0	#define 
5	16	 11\u0000aextern int 
5	32	;\u0000aextern 
5	45	();\u0000aint 
5	56	;\u0000a\u0000a
5	80	\u0000a
5	84	() {\u0000a	
5	107	}\u0000a\u0000a
Table: Projects
PID	NAME
23	unspecified
24	Prj1
25	Prj2
Table: IdProj
EID	PID
89	24
329	24
421	24
639	24
709	24
869	24
1339	24
2049	24
2289	24
2539	24
2779	24
2975	24
3039	24
3279	24
3295	24
3575	24
3619	24
3839	24
3865	24
4055	24
5355	24
89	25
91	25
321	25
329	25
421	25
541	25
639	25
709	25
821	25
869	25
1339	25
2049	25
2289	25
2539	25
2779	25
2975	25
3039	25
3279	25
3295	25
3575	25
3619	25
3839	25
3865	25
4055	25
5355	25
Table: Files
FID	NAME	RO
2	host-defs.h	1
3	host-incs.h	1
4	c52-macro-add-metrics.c	0
5	prj2.c	0
Table: Filemetrics
FID	PRECPP	NCHAR	NCCOMMENT	NSPACE	NLCOMMENT	NBCOMMENT	NLINE	MAXLINELEN	MAXSTMTLEN	MAXSTMTNEST	MAXBRACENEST	MAXBRACKNEST	BRACENEST	BRACKNEST	NULINE	NPPDIRECTIVE	NPPCOND	NPPFMACRO	NPPOMACRO	NTOKEN	NSTMT	NOP	NUOP	NNCONST	NCLIT	NSTRING	NPPCONCATOP	NPPSTRINGOP	NIF	NELSE	NSWITCH	NCASE	NDEFAULT	NBREAK	NFOR	NWHILE	NDO	NCONTINUE	NGOTO	NRETURN	NASM	NTYPEOF	NPID	NFID	NMID	NID	NUPID	NUFID	NUMID	NUID	NLABEL	NMACROEXPANDTOKEN	NCOPIES	NINCFILE	NPFUNCTION	NFFUNCTION	NPVAR	NFVAR	NAGGREGATE	NAMEMBER	NENUM	NEMEMBER
2	0	NULL	NULL	NULL	NULL	NULL	NULL	NULL	16	0	1	1	NULL	NULL	NULL	NULL	NULL	NULL	NULL	18	2	0	0	0	0	0	NULL	NULL	0	0	0	0	0	0	0	0	0	0	0	0	0	0	0	0	NULL	0	0	0	NULL	0	0	NULL	NULL	NULL	0	1	0	0	0	0	0	0
2	1	548	367	29	0	3	22	61	47	NULL	1	1	0	0	0	5	0	0	5	37	2	0	0	2	0	3	0	0	0	0	0	0	0	0	0	0	0	0	0	0	0	0	1	2	5	8	1	1	5	7	0	0	1	0	NULL	NULL	NULL	NULL	NULL	NULL	NULL	NULL
3	0	NULL	NULL	NULL	NULL	NULL	NULL	NULL	15	0	1	1	NULL	NULL	NULL	NULL	NULL	NULL	NULL	0	1	0	0	0	0	0	NULL	NULL	0	0	0	0	0	0	0	0	0	0	0	0	0	0	0	0	NULL	0	0	0	NULL	0	0	NULL	NULL	NULL	0	0	0	0	0	0	0	0
3	1	243	187	13	0	2	13	48	28	NULL	1	1	0	0	0	1	0	0	0	16	1	0	0	0	0	1	0	0	0	0	0	0	0	0	0	0	0	0	0	0	0	0	0	0	0	0	0	0	0	0	0	0	1	0	NULL	NULL	NULL	NULL	NULL	NULL	NULL	NULL
4	0	NULL	NULL	NULL	NULL	NULL	NULL	NULL	60	0	2	3	NULL	NULL	NULL	NULL	NULL	NULL	NULL	150	6	11	0	31	0	0	NULL	NULL	0	0	0	0	0	0	0	0	0	0	0	2	0	0	12	0	NULL	20	6	0	NULL	10	0	NULL	NULL	NULL	6	0	0	0	0	0	0	0
4	1	347	0	77	0	0	40	32	58	NULL	2	3	0	0	0	3	0	1	2	116	6	4	0	5	0	0	0	0	0	0	0	0	0	0	0	0	0	0	0	2	0	0	6	0	13	23	6	0	3	13	0	278	1	0	NULL	NULL	NULL	NULL	NULL	NULL	NULL	NULL
5	0	NULL	NULL	NULL	NULL	NULL	NULL	NULL	7	0	1	1	NULL	NULL	NULL	NULL	NULL	NULL	NULL	18	3	0	0	0	0	0	NULL	NULL	0	0	0	0	0	0	0	0	0	0	0	0	0	0	4	0	NULL	4	4	0	NULL	4	0	NULL	NULL	NULL	1	0	2	0	0	0	0	0
5	1	95	32	17	2	0	11	20	13	NULL	1	1	0	0	0	1	0	0	1	21	3	0	0	1	0	0	0	0	0	0	0	0	0	0	0	0	0	0	0	0	0	0	4	0	1	5	4	0	1	5	0	0	1	0	NULL	NULL	NULL	NULL	NULL	NULL	NULL	NULL
Table: FileProj
FID	PID
2	24
3	24
4	24
1	25
2	25
3	25
4	25
5	25
Table: LineProj
FID	PID	LNUM
2	24	1
2	24	2
2	24	3
2	24	4
2	24	5
2	24	6
2	24	7
2	24	8
2	24	9
2	24	10
2	24	11
2	24	12
2	24	13
2	24	14
2	24	15
2	24	16
2	24	17
2	24	18
2	24	19
2	24	20
2	24	21
2	24	22
3	24	1
3	24	2
3	24	3
3	24	4
3	24	5
3	24	6
3	24	7
3	24	8
3	24	9
3	24	10
3	24	11
3	24	12
3	24	13
4	24	1
4	24	2
4	24	3
4	24	4
4	24	5
4	24	6
4	24	7
4	24	8
4	24	9
4	24	10
4	24	11
4	24	12
4	24	13
4	24	14
4	24	15
4	24	16
4	24	17
4	24	18
4	24	19
4	24	20
4	24	21
4	24	22
4	24	23
4	24	24
4	24	25
4	24	26
4	24	27
4	24	28
4	24	29
4	24	30
4	24	31
4	24	32
4	24	33
4	24	34
4	24	35
4	24	36
4	24	37
4	24	38
4	24	39
4	24	40
2	25	1
2	25	2
2	25	3
2	25	4
2	25	5
2	25	6
2	25	7
2	25	8
2	25	9
2	25	10
2	25	11
2	25	12
2	25	13
2	25	14
2	25	15
2	25	16
2	25	17
2	25	18
2	25	19
2	25	20
2	25	21
2	25	22
3	25	1
3	25	2
3	25	3
3	25	4
3	25	5
3	25	6
3	25	7
3	25	8
3	25	9
3	25	10
3	25	11
3	25	12
3	25	13
4	25	1
4	25	2
4	25	3
4	25	4
4	25	5
4	25	6
4	25	7
4	25	8
4	25	9
4	25	10
4	25	11
4	25	12
4	25	13
4	25	14
4	25	15
4	25	16
4	25	17
4	25	18
4	25	19
4	25	20
4	25	21
4	25	22
4	25	23
4	25	24
4	25	25
4	25	26
4	25	27
4	25	28
4	25	29
4	25	30
4	25	31
4	25	32
4	25	33
4	25	34
4	25	35
4	25	36
4	25	37
4	25	38
4	25	39
4	25	40
5	25	1
5	25	2
5	25	3
5	25	4
5	25	5
5	25	6
5	25	7
5	25	8
5	25	9
5	25	10
5	25	11
Table: LinePos
FID	FOFFSET	LNUM
2	0	1
2	4	2
2	51	3
2	54	4
2	100	5
2	119	6
2	122	7
2	184	8
2	231	9
2	234	10
2	284	11
2	288	12
2	289	13
2	321	14
2	349	15
2	378	16
2	397	17
2	416	18
2	417	19
2	467	20
2	479	21
2	523	22
3	0	1
3	4	2
3	51	3
3	54	4
3	78	5
3	97	6
3	100	7
3	149	8
3	153	9
3	154	10
3	155	11
3	196	12
3	240	13
4	0	1
4	24	2
4	54	3
4	55	4
4	81	5
4	82	6
4	86	7
4	103	8
4	105	9
4	126	10
4	128	11
4	129	12
4	133	13
4	157	14
4	159	15
4	196	16
4	198	17
4	199	18
4	200	19
4	204	20
4	221	21
4	223	22
4	246	23
4	248	24
4	249	25
4	253	26
4	270	27
4	272	28
4	296	29
4	298	30
4	299	31
4	303	32
4	320	33
4	322	34
4	354	35
4	356	36
4	357	37
4	376	38
4	378	39
4	386	40
5	0	1
5	20	2
5	34	3
5	49	4
5	58	5
5	59	6
5	80	7
5	81	8
5	89	9
5	107	10
5	109	11
Table: Definers
PID	CUID	BASEFILEID	DEFINERID
25	5	5	2
Table: Includers
PID	CUID	BASEFILEID	INCLUDERID
24	2	2	1
24	4	3	1
24	4	4	1
25	2	2	1
25	2	2	1
25	4	3	1
25	4	4	1
25	5	3	1
25	5	5	1
Table: Providers
PID	CUID	PROVIDERID
24	2	2
24	4	4
25	2	2
25	2	2
25	4	4
25	5	5
Table: IncTriggers
PID	CUID	BASEFILEID	DEFINERID	FOFFSET	LEN
25	5	5	2	471	4
Table: Functions
ID	NAME	ISMACRO	DEFINED	DECLARED	FILESCOPED	FID	FOFFSET	FANIN
639	square	1	1	0	1	4	63	2
821	foo	0	1	1	0	5	81	0
869	fun_square	0	1	1	0	4	86	0
1339	fun_triple_square	0	1	1	0	4	133	0
2049	fun_single	0	1	1	0	4	204	0
2539	fun_double	0	1	1	0	4	253	0
3039	fun_triple	0	1	1	0	4	303	0
3619	fun_none	0	1	1	0	4	361	0
4715	main	0	0	1	0	2	471	0
5355	_cscout_dummy1	0	1	1	1	2	535	1
Table: FunctionDefs
FUNCTIONID	FIDBEGIN	FOFFSETBEGIN	FIDEND	FOFFSETEND
639	4	72	4	81
821	5	88	5	108
869	4	104	4	127
1339	4	158	4	197
2049	4	222	4	247
2539	4	271	4	297
3039	4	321	4	355
3619	4	377	4	387
5355	2	557	2	577
Table: FunctionMetrics
FUNCTIONID	PRECPP	NCHAR	NCCOMMENT	NSPACE	NLCOMMENT	NBCOMMENT	NLINE	MAXLINELEN	MAXSTMTLEN	MAXSTMTNEST	MAXBRACENEST	MAXBRACKNEST	BRACENEST	BRACKNEST	NULINE	NPPDIRECTIVE	NPPCOND	NPPFMACRO	NPPOMACRO	NTOKEN	NSTMT	NOP	NUOP	NNCONST	NCLIT	NSTRING	NPPCONCATOP	NPPSTRINGOP	NIF	NELSE	NSWITCH	NCASE	NDEFAULT	NBREAK	NFOR	NWHILE	NDO	NCONTINUE	NGOTO	NRETURN	NASM	NTYPEOF	NPID	NFID	NMID	NID	NUPID	NUFID	NUMID	NUID	NLABEL	NMACROEXPANDTOKEN	NGNSOC	NMPARAM	NFPARAM	NEPARAM	FANIN	FANOUT	CCYCL1	CCYCL2	CCYCL3	CSTRUC	CHAL	IFLOW
639	0	NULL	NULL	NULL	NULL	NULL	NULL	NULL	0	0	0	0	NULL	NULL	NULL	NULL	NULL	NULL	NULL	0	0	0	0	0	0	0	NULL	NULL	0	0	0	0	0	0	0	0	0	0	0	0	0	0	0	0	NULL	0	0	0	NULL	0	0	NULL	0	NULL	0	NULL	2	0	1	1	1	0.0	0.0	0.0
639	1	12	0	5	0	0	2	10	0	NULL	0	1	0	0	0	0	0	0	0	5	0	1	1	0	0	0	0	0	0	0	0	0	0	0	0	0	0	0	0	0	0	0	0	0	0	0	0	0	0	0	0	0	NULL	1	NULL	0	2	0	1	1	1	0.0	0.0	0.0
821	0	NULL	NULL	NULL	NULL	NULL	NULL	NULL	0	0	0	0	NULL	NULL	NULL	NULL	NULL	NULL	NULL	1	0	0	0	0	0	0	NULL	NULL	0	0	0	0	0	0	0	0	0	0	0	0	0	0	0	0	NULL	0	0	0	NULL	0	0	NULL	22	NULL	0	NULL	0	0	1	1	1	0.0	0.0	0.0
821	1	21	14	3	1	0	3	17	0	NULL	0	0	0	0	0	0	0	0	0	1	0	0	0	0	0	0	0	0	0	0	0	0	0	0	0	0	0	0	0	0	0	0	0	0	0	0	0	0	0	0	0	0	NULL	0	NULL	0	0	0	1	1	1	0.0	0.0	0.0
869	0	NULL	NULL	NULL	NULL	NULL	NULL	NULL	11	0	0	1	NULL	NULL	NULL	NULL	NULL	NULL	NULL	8	1	1	1	2	0	0	NULL	NULL	0	0	0	0	0	0	0	0	0	0	0	1	0	0	0	0	NULL	0	0	0	NULL	0	0	NULL	14	NULL	0	NULL	0	1	1	1	1	0.0	4.75489	0.0
869	1	18	0	5	0	0	3	14	9	NULL	0	1	0	0	0	0	0	0	0	7	1	0	0	1	0	0	0	0	0	0	0	0	0	0	0	0	0	0	0	1	0	0	0	0	1	1	0	0	1	1	0	6	NULL	0	NULL	0	0	1	1	1	1	0.0	2.0	0.0
1339	0	NULL	NULL	NULL	NULL	NULL	NULL	NULL	47	0	0	3	NULL	NULL	NULL	NULL	NULL	NULL	NULL	32	1	7	1	8	0	0	NULL	NULL	0	0	0	0	0	0	0	0	0	0	0	1	0	0	0	0	NULL	0	0	0	NULL	0	0	NULL	16	NULL	0	NULL	0	1	1	1	1	0.0	47.5489	0.0
1339	1	36	0	5	0	0	3	32	15	NULL	0	3	0	0	0	0	0	0	0	13	1	0	0	1	0	0	0	0	0	0	0	0	0	0	0	0	0	0	0	1	0	0	0	0	3	3	0	0	1	1	0	78	NULL	0	NULL	0	0	1	1	1	1	0.0	4.0	0.0
2049	0	NULL	NULL	NULL	NULL	NULL	NULL	NULL	22	0	1	0	NULL	NULL	NULL	NULL	NULL	NULL	NULL	15	1	1	1	3	0	0	NULL	NULL	0	0	0	0	0	0	0	0	0	0	0	0	0	0	0	0	NULL	1	0	0	NULL	1	0	NULL	18	NULL	0	NULL	0	0	1	1	1	0.0	11.6096	0.0
2049	1	26	0	9	0	0	3	22	16	NULL	1	0	0	0	0	0	0	0	0	10	1	1	1	0	0	0	0	0	0	0	0	0	0	0	0	0	0	0	0	0	0	0	0	0	1	2	0	0	1	2	0	7	NULL	0	NULL	0	0	0	1	1	1	0.0	4.75489	0.0
2539	0	NULL	NULL	NULL	NULL	NULL	NULL	NULL	31	0	1	0	NULL	NULL	NULL	NULL	NULL	NULL	NULL	21	1	1	1	6	0	0	NULL	NULL	0	0	0	0	0	0	0	0	0	0	0	0	0	0	0	0	NULL	1	0	0	NULL	1	0	NULL	20	NULL	0	NULL	0	0	1	1	1	0.0	24.0	0.0
2539	1	27	0	9	0	0	3	23	16	NULL	1	0	0	0	0	0	0	0	0	10	1	1	1	0	0	0	0	0	0	0	0	0	0	0	0	0	0	0	0	0	0	0	0	0	1	2	0	0	1	2	0	16	NULL	0	NULL	0	0	0	1	1	1	0.0	4.75489	0.0
3039	0	NULL	NULL	NULL	NULL	NULL	NULL	NULL	49	0	1	0	NULL	NULL	NULL	NULL	NULL	NULL	NULL	33	1	1	1	12	0	0	NULL	NULL	0	0	0	0	0	0	0	0	0	0	0	0	0	0	0	0	NULL	1	0	0	NULL	1	0	NULL	22	NULL	0	NULL	0	0	1	1	1	0.0	53.303	0.0
3039	1	36	0	10	0	0	3	32	18	NULL	1	0	0	0	0	0	0	0	0	11	1	1	1	0	0	0	0	0	0	0	0	0	0	0	0	0	0	0	0	0	0	0	0	0	2	3	0	0	1	2	0	32	NULL	0	NULL	0	0	0	1	1	1	0.0	6.33985	0.0
3619	0	NULL	NULL	NULL	NULL	NULL	NULL	NULL	5	0	0	0	NULL	NULL	NULL	NULL	NULL	NULL	NULL	4	1	0	0	0	0	0	NULL	NULL	0	0	0	0	0	0	0	0	0	0	0	0	0	0	0	0	NULL	1	0	0	NULL	1	0	NULL	24	NULL	0	NULL	0	0	1	1	1	0.0	0.0	0.0
3619	1	10	0	5	0	0	3	6	6	NULL	0	0	0	0	0	0	0	0	0	4	1	0	0	0	0	0	0	0	0	0	0	0	0	0	0	0	0	0	0	0	0	0	0	0	0	1	0	0	0	1	0	0	NULL	0	NULL	0	0	0	1	1	1	0.0	0.0	0.0
5355	0	NULL	NULL	NULL	NULL	NULL	NULL	NULL	5	0	0	1	NULL	NULL	NULL	NULL	NULL	NULL	NULL	5	1	0	0	0	0	0	NULL	NULL	0	0	0	0	0	0	0	0	0	0	0	0	0	0	0	1	NULL	1	0	1	NULL	1	0	NULL	14	NULL	0	NULL	1	1	1	1	1	1.0	0.0	1.0
5355	1	22	0	3	0	0	1	21	5	NULL	0	1	0	0	0	0	0	0	0	5	1	0	0	0	0	0	0	0	0	0	0	0	0	0	0	0	0	0	0	0	0	0	0	1	0	1	0	1	0	1	0	0	NULL	0	NULL	0	1	1	1	1	1	1.0	0.0	1.0
Table: FunctionId
FUNCTIONID	ORDINAL	FID	FOFFSET
639	0	4	63
821	0	5	81
869	0	4	86
1339	0	4	133
2049	0	4	204
2539	0	4	253
3039	0	4	303
3619	0	4	361
4715	0	2	471
5355	0	2	535
Table: Fcalls
SOURCEID	DESTID
869	639
1339	639
5355	5355
Done
