Table: Ids
EID	NAME	READONLY	UNDEFMACRO	MACRO	FUNMACRO	MACROARG	CPPCONST	CPPSTRVAL	DEFCCONSTVAL	NOTDEFCCONSTVAL	EXPCCONSTVAL	NOTEXPCCONSTVAL	ORDINARY	SUETAG	SUMEMBER	LABEL	TYPEDEF	ENUM	YACC	FUN	CSCOPE	LSCOPE	UNUSED
91	MAXDIGIT	0	0	1	0	0	0	0	1	0	0	0	0	0	0	0	0	0	0	0	0	0	1
321	x	0	0	0	0	0	0	0	0	0	0	0	1	0	0	0	0	0	0	0	0	1	1
421	main	1	0	0	0	0	0	0	0	0	0	0	1	0	0	0	0	0	0	1	0	1	0
541	qqq	0	0	0	0	0	0	0	0	0	0	0	1	0	0	0	0	0	0	0	0	1	1
821	foo	0	0	0	0	0	0	0	0	0	0	0	1	0	0	0	0	0	0	1	0	1	1
2975	__DATE__	1	0	1	0	0	0	0	0	1	0	0	0	0	0	0	0	0	0	0	0	0	1
3295	__TIME__	1	0	1	0	0	0	0	0	1	0	0	0	0	0	0	0	0	0	0	0	0	1
3575	__FILE__	1	0	1	0	0	0	0	0	1	0	0	0	0	0	0	0	0	0	0	0	0	1
3865	__LINE__	1	0	1	0	0	0	0	1	0	0	0	0	0	0	0	0	0	0	0	0	0	1
4055	__STDC__	1	0	1	0	0	0	0	1	0	0	0	0	0	0	0	0	0	0	0	0	0	1
5355	_cscout_dummy1	1	0	0	0	0	0	0	0	0	0	0	1	0	0	0	0	0	0	1	1	0	0
5669	TWELVE	0	0	1	0	0	0	1	1	0	1	0	0	0	0	0	0	0	0	0	0	0	0
5739	12	0	0	0	0	0	0	0	0	0	0	0	1	0	0	0	0	0	0	0	0	0	0
6669	SIMPLE_EXPANDED_MACRO	0	0	1	0	0	0	0	1	0	1	0	0	0	0	0	0	0	0	0	0	0	0
8099	SIMPLE_MACRO_EXPANDED_MACRO_DIRECT	0	0	1	0	0	0	0	1	0	1	0	0	0	0	0	0	0	0	0	0	0	0
8559	SIMPLE_MACRO_EXPANDED_MACRO_AS_ARG	0	0	1	0	0	0	0	1	0	1	0	0	0	0	0	0	0	0	0	0	0	0
9689	UNEXPANDED_MACRO_NAME	0	0	1	0	0	0	0	1	0	0	0	0	0	0	0	0	0	0	0	0	0	1
10609	UNUSED_MACRO	0	0	1	0	0	0	0	1	0	0	0	0	0	0	0	0	0	0	0	0	0	1
11869	EXPANDED_PASTED_MACRO	0	0	1	0	0	0	1	1	0	1	0	0	0	0	0	0	0	0	0	0	0	0
12089	12	0	0	0	0	0	0	0	0	0	0	0	1	0	0	0	0	0	0	0	0	0	0
12199	EXPANDED_STRINGIZED_MACRO	0	0	1	0	0	0	1	1	0	1	0	0	0	0	0	0	0	0	0	0	0	0
13639	INDIRECTLY_EXPANDED_PASTED_MACRO	0	0	1	0	0	0	1	0	1	1	0	0	0	0	0	0	0	0	0	0	0	0
14119	INDIRECTLY_EXPANDED_STRINGIZED_MACRO	0	0	1	0	0	0	1	0	1	1	0	0	0	0	0	0	0	0	0	0	0	0
15359	APPEARS_IN_IF	0	0	1	0	0	1	0	1	0	0	0	0	0	0	0	0	0	0	0	0	0	0
15599	APPEARS_IN_DEFINED	0	0	1	0	0	1	0	1	0	0	0	0	0	0	0	0	0	0	0	0	0	0
15889	APPEARS_IN_IFDEF	0	0	1	0	0	1	0	1	0	0	0	0	0	0	0	0	0	0	0	0	0	0
16979	INDIRECTLY_APPEARS_IN_IF	0	0	1	0	0	1	0	1	0	0	0	0	0	0	0	0	0	0	0	0	0	0
17339	INDIRECT_IF	0	0	1	0	0	1	0	0	1	0	0	0	0	0	0	0	0	0	0	0	0	0
19479	STRINGIZED_NUMBER	0	0	1	0	0	0	1	1	0	1	0	0	0	0	0	0	0	0	0	0	0	0
19779	STRINGIZED_NUMBER_2	0	0	1	0	0	0	1	1	0	1	0	0	0	0	0	0	0	0	0	0	0	0
20609	NON_STRINGIZED_NUMBER	0	0	1	0	0	0	0	1	0	1	0	0	0	0	0	0	0	0	0	0	0	0
20939	GET_3	0	0	1	1	0	0	1	0	0	0	1	0	0	0	0	0	0	0	0	0	0	0
20999	x	0	0	0	0	1	0	0	0	0	0	0	0	0	0	0	0	0	0	0	0	0	0
21029	y	0	0	0	0	1	0	0	0	0	0	0	0	0	0	0	0	0	0	0	0	0	0
21059	STRINGIZE	0	0	1	1	0	0	0	0	0	0	1	0	0	0	0	0	0	0	0	0	0	0
21309	IDENTITY	0	0	1	1	0	0	1	0	0	1	1	0	0	0	0	0	0	0	0	0	0	0
21399	x	0	0	0	0	1	0	0	0	0	0	0	0	0	0	0	0	0	0	0	0	0	0
21529	GET_3_SANDWITCH	0	0	1	1	0	0	1	0	0	0	1	0	0	0	0	0	0	0	0	0	0	0
21689	x	0	0	0	0	1	0	0	0	0	0	0	0	0	0	0	0	0	0	0	0	0	0
21719	y	0	0	0	0	1	0	0	0	0	0	0	0	0	0	0	0	0	0	0	0	0	0
22189	enum_value_name	0	0	0	0	0	0	0	0	0	0	0	1	0	0	0	0	1	0	0	1	0	0
22519	MACRO_ARG_EXPANSION	0	0	1	1	0	0	0	0	0	1	0	0	0	0	0	0	0	0	0	0	0	0
22719	x	0	0	0	0	1	0	0	0	0	0	0	0	0	0	0	0	0	0	0	0	0	0
22849	EXPANDED_MACRO	0	0	1	0	0	0	0	0	1	1	0	0	0	0	0	0	0	0	0	0	0	0
23439	CONCAT	0	0	1	1	0	0	0	0	0	0	1	0	0	0	0	0	0	0	0	0	0	0
23509	base	0	0	0	0	1	0	0	0	0	0	0	0	0	0	0	0	0	0	0	0	0	0
23569	ext	0	0	0	0	1	0	0	0	0	0	0	0	0	0	0	0	0	0	0	0	0	0
23919	x	0	0	0	0	1	0	0	0	0	0	0	0	0	0	0	0	0	0	0	0	0	0
24069	EXPAND_AND_STRINGIZE	0	0	1	1	0	0	1	0	0	0	1	0	0	0	0	0	0	0	0	0	0	0
24279	x	0	0	0	0	1	0	0	0	0	0	0	0	0	0	0	0	0	0	0	0	0	0
24519	EXPAND_AND_CONCAT	0	0	1	1	0	0	1	0	0	0	1	0	0	0	0	0	0	0	0	0	0	0
24699	a	0	0	0	0	1	0	0	0	0	0	0	0	0	0	0	0	0	0	0	0	0	0
24729	b	0	0	0	0	1	0	0	0	0	0	0	0	0	0	0	0	0	0	0	0	0	0
24939	printf	0	0	0	0	0	0	0	0	0	0	0	1	0	0	0	0	0	0	1	0	1	0
25129	fmt	0	0	0	0	0	0	0	0	0	0	0	1	0	0	0	0	0	0	0	0	0	1
25329	macro_printf	0	0	1	0	0	0	0	0	1	0	1	0	0	0	0	0	0	0	0	0	0	0
25789	foo_	0	0	0	0	0	0	0	0	0	0	0	1	0	0	0	0	0	0	0	0	0	0
25849	UNEXPANDED_MACRO_NAME	0	0	0	0	0	0	0	0	0	0	0	1	0	0	0	0	0	0	0	0	0	0
26539	foo_	0	0	0	0	0	0	0	0	0	0	0	1	0	0	0	0	0	0	0	0	0	0
26599	enum_value_name	0	0	0	0	0	0	0	0	0	0	0	1	0	0	0	0	0	0	0	0	0	0
27289	bar_	0	0	0	0	0	0	0	0	0	0	0	1	0	0	0	0	0	0	0	0	0	0
27959	foobar_	0	0	0	0	0	0	0	0	0	0	0	1	0	0	0	0	0	0	0	0	0	0
28799	bar_	0	0	0	0	0	0	0	0	0	0	0	1	0	0	0	0	0	0	0	0	0	0
28859	enum_value_name	0	0	0	0	0	0	0	0	0	0	0	1	0	0	0	0	0	0	0	0	0	0
36799	c	0	0	0	0	0	0	0	0	0	0	0	1	0	0	0	0	0	0	0	0	0	1
37389	c2	0	0	0	0	0	0	0	0	0	0	0	1	0	0	0	0	0	0	0	0	0	1
Table: Tokens
FID	FOFFSET	EID
2	297	2975
2	329	3295
2	357	3575
2	386	3865
2	405	4055
2	471	421
2	535	5355
2	558	5355
4	566	5669
4	573	5739
4	666	6669
4	809	8099
4	855	8559
4	968	9689
4	1060	10609
4	1186	11869
4	1208	12089
4	1219	12199
4	1363	13639
4	1396	5669
4	1411	14119
4	1448	5669
4	1535	15359
4	1559	15599
4	1588	15889
4	1697	16979
4	1733	17339
4	1745	16979
4	1775	15359
4	1809	15599
4	1844	15889
4	1873	17339
4	1947	19479
4	1977	19779
4	2060	20609
4	2093	20939
4	2099	20999
4	2102	21029
4	2105	21059
4	2115	20999
4	2118	21029
4	2130	21309
4	2139	21399
4	2142	21399
4	2152	21529
4	2168	21689
4	2171	21719
4	2174	21309
4	2183	21309
4	2192	21059
4	2202	21689
4	2206	21719
4	2218	22189
4	2251	22519
4	2271	22719
4	2274	22719
4	2284	22849
4	2299	8099
4	2343	23439
4	2350	23509
4	2356	23569
4	2361	23509
4	2369	23569
4	2381	21059
4	2391	23919
4	2395	23919
4	2406	24069
4	2427	24279
4	2430	21059
4	2440	24279
4	2451	24519
4	2469	24699
4	2472	24729
4	2475	23439
4	2482	24699
4	2485	24729
4	2493	24939
4	2512	25129
4	2532	25329
4	2545	24939
4	2557	421
4	2571	23439
4	2578	25789
4	2584	25849
4	2609	25789
4	2613	25849
4	2646	23439
4	2653	26539
4	2659	26599
4	2678	26539
4	2682	26599
4	2710	24519
4	2728	27289
4	2734	11869
4	2759	27289
4	2763	12089
4	2777	24519
4	2795	27959
4	2804	13639
4	2840	27959
4	2847	5739
4	2861	24519
4	2879	28799
4	2885	28859
4	2904	28799
4	2908	28859
4	2972	24939
4	3009	6669
4	3034	24939
4	3071	22519
4	3091	8559
4	3130	24939
4	3167	22849
4	3185	24939
4	3212	22189
4	3232	24939
4	3270	21059
4	3306	24939
4	3348	21059
4	3379	24939
4	3421	24069
4	3442	12199
4	3472	24939
4	3525	24069
4	3546	14119
4	3587	25329
4	3632	24069
4	3679	36799
4	3683	20939
4	3689	19479
4	3708	20609
4	3738	37389
4	3743	21529
4	3759	21309
4	3768	19779
4	3790	20609
5	8	91
5	31	321
5	41	421
5	53	541
5	81	821
Table: Rest
FID	FOFFSET	CODE
2	287	\u0000a\u0000a#define 
2	305	  
2	320	\u0000a#define 
2	337	 
2	348	\u0000a#define 
2	365	 
2	377	\u0000a#define 
2	394	 1\u0000a#define 
2	413	 1\u0000a\u0000a
2	466	\u0000aint 
2	475	();\u0000a
2	522	\u0000astatic void 
2	549	(void) { 
2	572	(); }\u0000a
3	152	\u0000a\u0000a\u0000a#pragma includepath 
3	195	\u0000a
3	239	\u0000astatic void _cscout_dummy2(void) { _cscout_dummy2(); }\u0000a
4	556	\u0000a\u0000a#define 
4	572	 
4	575	\u0000a\u0000a
4	658	#define 
4	687	 12\u0000a\u0000a
4	801	#define 
4	843	 12\u0000a#define 
4	889	 12\u0000a\u0000a
4	960	#define 
4	989	 12\u0000a\u0000a
4	1052	#define 
4	1072	\u0000a\u0000a
4	1178	#define 
4	1207	 
4	1210	\u0000a#define 
4	1244	 12\u0000a\u0000a
4	1355	#define 
4	1395	 
4	1402	\u0000a#define 
4	1447	 
4	1454	\u0000a\u0000a
4	1527	#define 
4	1548	 1\u0000a#define 
4	1577	 1\u0000a#define 
4	1604	 1\u0000a\u0000a
4	1689	#define 
4	1721	 1\u0000a\u0000a#define 
4	1744	 
4	1769	\u0000a\u0000a#if 
4	1788	\u0000a#endif\u0000a\u0000a#if defined(
4	1827	)\u0000a#endif\u0000a\u0000a#ifdef 
4	1860	\u0000a#endif\u0000a\u0000a#if 
4	1884	\u0000a#endif\u0000a\u0000a
4	1939	#define 
4	1964	 123\u0000a#define 
4	1996	 123\u0000a\u0000a
4	2052	#define 
4	2081	 2\u0000a\u0000a#define 
4	2098	(
4	2100	, 
4	2103	) 
4	2114	(
4	2116	)[
4	2119	]\u0000a\u0000a#define 
4	2138	(
4	2140	) 
4	2143	\u0000a#define 
4	2167	(
4	2169	, 
4	2172	) 
4	2182	(
4	2191	(
4	2201	(
4	2203	))[
4	2207	])\u0000a\u0000aenum { 
4	2233	 = 12 };\u0000a\u0000a#define 
4	2270	(
4	2272	) 
4	2275	\u0000a#define 
4	2298	 
4	2333	\u0000a\u0000a#define 
4	2349	(
4	2354	, 
4	2359	) 
4	2365	 ## 
4	2372	\u0000a#define 
4	2390	(
4	2392	) #
4	2396	\u0000a\u0000a#define 
4	2426	(
4	2428	) 
4	2439	(
4	2441	)\u0000a#define 
4	2468	(
4	2470	, 
4	2473	) 
4	2481	(
4	2483	, 
4	2486	)\u0000a\u0000aint 
4	2499	(const char *
4	2515	, ...);\u0000a\u0000a#define 
4	2544	 
4	2551	\u0000a\u0000aint\u0000a
4	2561	()\u0000a{\u0000a	int 
4	2577	(
4	2582	, 
4	2605	);\u0000a	
4	2634	 = 0;\u0000a\u0000a	int 
4	2652	(
4	2657	, 
4	2674	);\u0000a	
4	2697	 = 12;\u0000a\u0000a	int 
4	2727	(
4	2732	, 
4	2755	);\u0000a	
4	2765	 = 0;\u0000a\u0000a	int 
4	2794	(
4	2802	, 
4	2836	);\u0000a	
4	2849	 = 0;\u0000a\u0000a	int 
4	2878	(
4	2883	, 
4	2900	);\u0000a	
4	2923	 = 0; 
4	2970	\u0000a	
4	2978	(
4	3007	, 
4	3030	);\u0000a	
4	3040	(
4	3069	, 
4	3090	(
4	3125	));\u0000a	
4	3136	(
4	3165	, 
4	3181	);\u0000a	
4	3191	(
4	3210	, 
4	3227	);\u0000a\u0000a	
4	3238	(
4	3268	, 
4	3279	(UNEXPANDED_MACRO_NAME));\u0000a	
4	3312	(
4	3346	, 
4	3357	(enum_value_name));\u0000a\u0000a	
4	3385	(
4	3419	, 
4	3441	(
4	3467	));\u0000a	
4	3478	(
4	3523	, 
4	3545	(
4	3582	));\u0000a	
4	3599	(
4	3630	, 
4	3652	(enum_value_name));\u0000a\u0000a	char 
4	3680	 = 
4	3688	(
4	3706	, 
4	3729	);\u0000a	char 
4	3740	 = 
4	3758	(
4	3767	(
4	3787	), 
4	3811	);\u0000a	return 0;\u0000a}\u0000a
5	0	#define 
5	16	 11\u0000aextern int 
5	32	;\u0000aextern 
5	45	();\u0000aint 
5	56	;\u0000a\u0000a
5	80	\u0000a
5	84	() {\u0000a	
5	107	}\u0000a\u0000a
Table: Projects
PID	NAME
23	unspecified
24	Prj1
25	Prj2
Table: IdProj
EID	PID
421	24
2975	24
3295	24
3575	24
3865	24
4055	24
5355	24
5669	24
5739	24
6669	24
8099	24
8559	24
9689	24
10609	24
11869	24
12089	24
12199	24
13639	24
14119	24
15359	24
15599	24
15889	24
16979	24
17339	24
19479	24
19779	24
20609	24
20939	24
20999	24
21029	24
21059	24
21309	24
21399	24
21529	24
21689	24
21719	24
22189	24
22519	24
22719	24
22849	24
23439	24
23509	24
23569	24
23919	24
24069	24
24279	24
24519	24
24699	24
24729	24
24939	24
25129	24
25329	24
25789	24
25849	24
26539	24
26599	24
27289	24
27959	24
28799	24
28859	24
36799	24
37389	24
91	25
321	25
421	25
541	25
821	25
2975	25
3295	25
3575	25
3865	25
4055	25
5355	25
5669	25
5739	25
6669	25
8099	25
8559	25
9689	25
10609	25
11869	25
12089	25
12199	25
13639	25
14119	25
15359	25
15599	25
15889	25
16979	25
17339	25
19479	25
19779	25
20609	25
20939	25
20999	25
21029	25
21059	25
21309	25
21399	25
21529	25
21689	25
21719	25
22189	25
22519	25
22719	25
22849	25
23439	25
23509	25
23569	25
23919	25
24069	25
24279	25
24519	25
24699	25
24729	25
24939	25
25129	25
25329	25
25789	25
25849	25
26539	25
26599	25
27289	25
27959	25
28799	25
28859	25
36799	25
37389	25
Table: Files
FID	NAME	RO
2	host-defs.h	1
3	host-incs.h	1
4	c54-macro-c-const.c	0
5	prj2.c	0
Table: Filemetrics
FID	PRECPP	NCHAR	NCCOMMENT	NSPACE	NLCOMMENT	NBCOMMENT	NLINE	MAXLINELEN	MAXSTMTLEN	MAXSTMTNEST	MAXBRACENEST	MAXBRACKNEST	BRACENEST	BRACKNEST	NULINE	NPPDIRECTIVE	NPPCOND	NPPFMACRO	NPPOMACRO	NTOKEN	NSTMT	NOP	NUOP	NNCONST	NCLIT	NSTRING	NPPCONCATOP	NPPSTRINGOP	NIF	NELSE	NSWITCH	NCASE	NDEFAULT	NBREAK	NFOR	NWHILE	NDO	NCONTINUE	NGOTO	NRETURN	NASM	NTYPEOF	NPID	NFID	NMID	NID	NUPID	NUFID	NUMID	NUID	NLABEL	NMACROEXPANDTOKEN	NCOPIES	NINCFILE	NPFUNCTION	NFFUNCTION	NPVAR	NFVAR	NAGGREGATE	NAMEMBER	NENUM	NEMEMBER
2	0	NULL	NULL	NULL	NULL	NULL	NULL	NULL	16	0	1	1	NULL	NULL	NULL	NULL	NULL	NULL	NULL	18	2	0	0	0	0	0	NULL	NULL	0	0	0	0	0	0	0	0	0	0	0	0	0	0	0	0	NULL	0	0	0	NULL	0	0	NULL	NULL	NULL	0	1	0	0	0	0	0	0
2	1	548	367	29	0	3	22	61	47	NULL	1	1	0	0	0	5	0	0	5	37	2	0	0	2	0	3	0	0	0	0	0	0	0	0	0	0	0	0	0	0	0	0	1	2	5	8	1	1	5	7	0	0	1	0	NULL	NULL	NULL	NULL	NULL	NULL	NULL	NULL
3	0	NULL	NULL	NULL	NULL	NULL	NULL	NULL	15	0	1	1	NULL	NULL	NULL	NULL	NULL	NULL	NULL	0	1	0	0	0	0	0	NULL	NULL	0	0	0	0	0	0	0	0	0	0	0	0	0	0	0	0	NULL	0	0	0	NULL	0	0	NULL	NULL	NULL	0	0	0	0	0	0	0	0
3	1	243	187	13	0	2	13	48	28	NULL	1	1	0	0	0	1	0	0	0	16	1	0	0	0	0	1	0	0	0	0	0	0	0	0	0	0	0	0	0	0	0	0	0	0	0	0	0	0	0	0	0	0	1	0	NULL	NULL	NULL	NULL	NULL	NULL	NULL	NULL
4	0	NULL	NULL	NULL	NULL	NULL	NULL	NULL	16	0	1	1	NULL	NULL	NULL	NULL	NULL	NULL	NULL	142	24	9	0	12	0	16	NULL	NULL	0	0	0	0	0	0	0	0	0	0	0	1	0	0	22	4	NULL	72	2	1	NULL	16	0	NULL	NULL	NULL	1	0	0	0	0	0	1	1
4	1	3692	1323	233	14	1	121	117	272	NULL	1	3	0	0	0	36	4	8	20	396	27	10	0	21	0	9	1	1	3	0	0	0	0	0	0	0	0	0	0	1	0	0	11	2	68	104	2	1	28	44	0	-8	1	0	NULL	NULL	NULL	NULL	NULL	NULL	NULL	NULL
5	0	NULL	NULL	NULL	NULL	NULL	NULL	NULL	7	0	1	1	NULL	NULL	NULL	NULL	NULL	NULL	NULL	18	3	0	0	0	0	0	NULL	NULL	0	0	0	0	0	0	0	0	0	0	0	0	0	0	4	0	NULL	4	4	0	NULL	4	0	NULL	NULL	NULL	1	0	2	0	0	0	0	0
5	1	95	32	17	2	0	11	20	13	NULL	1	1	0	0	0	1	0	0	1	21	3	0	0	1	0	0	0	0	0	0	0	0	0	0	0	0	0	0	0	0	0	0	4	0	1	5	4	0	1	5	0	0	1	0	NULL	NULL	NULL	NULL	NULL	NULL	NULL	NULL
Table: FileProj
FID	PID
2	24
3	24
4	24
1	25
2	25
3	25
4	25
5	25
Table: LineProj
FID	PID	LNUM
2	24	1
2	24	2
2	24	3
2	24	4
2	24	5
2	24	6
2	24	7
2	24	8
2	24	9
2	24	10
2	24	11
2	24	12
2	24	13
2	24	14
2	24	15
2	24	16
2	24	17
2	24	18
2	24	19
2	24	20
2	24	21
2	24	22
3	24	1
3	24	2
3	24	3
3	24	4
3	24	5
3	24	6
3	24	7
3	24	8
3	24	9
3	24	10
3	24	11
3	24	12
3	24	13
4	24	1
4	24	2
4	24	3
4	24	4
4	24	5
4	24	6
4	24	7
4	24	8
4	24	9
4	24	10
4	24	11
4	24	12
4	24	13
4	24	14
4	24	15
4	24	16
4	24	17
4	24	18
4	24	19
4	24	20
4	24	21
4	24	22
4	24	23
4	24	24
4	24	25
4	24	26
4	24	27
4	24	28
4	24	29
4	24	30
4	24	31
4	24	32
4	24	33
4	24	34
4	24	35
4	24	36
4	24	37
4	24	38
4	24	39
4	24	40
4	24	41
4	24	42
4	24	43
4	24	44
4	24	45
4	24	46
4	24	47
4	24	48
4	24	49
4	24	50
4	24	51
4	24	52
4	24	53
4	24	54
4	24	55
4	24	56
4	24	57
4	24	58
4	24	59
4	24	60
4	24	61
4	24	62
4	24	63
4	24	64
4	24	65
4	24	66
4	24	67
4	24	68
4	24	69
4	24	70
4	24	71
4	24	72
4	24	73
4	24	74
4	24	75
4	24	76
4	24	77
4	24	78
4	24	79
4	24	80
4	24	81
4	24	82
4	24	83
4	24	84
4	24	85
4	24	86
4	24	87
4	24	88
4	24	89
4	24	90
4	24	91
4	24	92
4	24	93
4	24	94
4	24	95
4	24	96
4	24	97
4	24	98
4	24	99
4	24	100
4	24	101
4	24	102
4	24	103
4	24	104
4	24	105
4	24	106
4	24	107
4	24	108
4	24	109
4	24	110
4	24	111
4	24	112
4	24	113
4	24	114
4	24	115
4	24	116
4	24	117
4	24	118
4	24	119
4	24	120
4	24	121
2	25	1
2	25	2
2	25	3
2	25	4
2	25	5
2	25	6
2	25	7
2	25	8
2	25	9
2	25	10
2	25	11
2	25	12
2	25	13
2	25	14
2	25	15
2	25	16
2	25	17
2	25	18
2	25	19
2	25	20
2	25	21
2	25	22
3	25	1
3	25	2
3	25	3
3	25	4
3	25	5
3	25	6
3	25	7
3	25	8
3	25	9
3	25	10
3	25	11
3	25	12
3	25	13
4	25	1
4	25	2
4	25	3
4	25	4
4	25	5
4	25	6
4	25	7
4	25	8
4	25	9
4	25	10
4	25	11
4	25	12
4	25	13
4	25	14
4	25	15
4	25	16
4	25	17
4	25	18
4	25	19
4	25	20
4	25	21
4	25	22
4	25	23
4	25	24
4	25	25
4	25	26
4	25	27
4	25	28
4	25	29
4	25	30
4	25	31
4	25	32
4	25	33
4	25	34
4	25	35
4	25	36
4	25	37
4	25	38
4	25	39
4	25	40
4	25	41
4	25	42
4	25	43
4	25	44
4	25	45
4	25	46
4	25	47
4	25	48
4	25	49
4	25	50
4	25	51
4	25	52
4	25	53
4	25	54
4	25	55
4	25	56
4	25	57
4	25	58
4	25	59
4	25	60
4	25	61
4	25	62
4	25	63
4	25	64
4	25	65
4	25	66
4	25	67
4	25	68
4	25	69
4	25	70
4	25	71
4	25	72
4	25	73
4	25	74
4	25	75
4	25	76
4	25	77
4	25	78
4	25	79
4	25	80
4	25	81
4	25	82
4	25	83
4	25	84
4	25	85
4	25	86
4	25	87
4	25	88
4	25	89
4	25	90
4	25	91
4	25	92
4	25	93
4	25	94
4	25	95
4	25	96
4	25	97
4	25	98
4	25	99
4	25	100
4	25	101
4	25	102
4	25	103
4	25	104
4	25	105
4	25	106
4	25	107
4	25	108
4	25	109
4	25	110
4	25	111
4	25	112
4	25	113
4	25	114
4	25	115
4	25	116
4	25	117
4	25	118
4	25	119
4	25	120
4	25	121
5	25	1
5	25	2
5	25	3
5	25	4
5	25	5
5	25	6
5	25	7
5	25	8
5	25	9
5	25	10
5	25	11
Table: LinePos
FID	FOFFSET	LNUM
2	0	1
2	4	2
2	51	3
2	54	4
2	100	5
2	119	6
2	122	7
2	184	8
2	231	9
2	234	10
2	284	11
2	288	12
2	289	13
2	321	14
2	349	15
2	378	16
2	397	17
2	416	18
2	417	19
2	467	20
2	479	21
2	523	22
3	0	1
3	4	2
3	51	3
3	54	4
3	78	5
3	97	6
3	100	7
3	149	8
3	153	9
3	154	10
3	155	11
3	196	12
3	240	13
4	0	1
4	3	2
4	75	3
4	132	4
4	171	5
4	246	6
4	286	7
4	344	8
4	410	9
4	483	10
4	553	11
4	557	12
4	558	13
4	576	14
4	577	15
4	658	16
4	691	17
4	692	18
4	768	19
4	801	20
4	847	21
4	893	22
4	894	23
4	960	24
4	993	25
4	994	26
4	1052	27
4	1073	28
4	1074	29
4	1141	30
4	1178	31
4	1211	32
4	1248	33
4	1249	34
4	1316	35
4	1355	36
4	1403	37
4	1455	38
4	1456	39
4	1527	40
4	1551	41
4	1580	42
4	1607	43
4	1608	44
4	1689	45
4	1724	46
4	1725	47
4	1770	48
4	1771	49
4	1789	50
4	1796	51
4	1797	52
4	1829	53
4	1836	54
4	1837	55
4	1861	56
4	1868	57
4	1869	58
4	1885	59
4	1892	60
4	1893	61
4	1939	62
4	1969	63
4	2001	64
4	2002	65
4	2052	66
4	2084	67
4	2085	68
4	2121	69
4	2122	70
4	2144	71
4	2210	72
4	2211	73
4	2242	74
4	2243	75
4	2276	76
4	2334	77
4	2335	78
4	2373	79
4	2397	80
4	2398	81
4	2443	82
4	2488	83
4	2489	84
4	2523	85
4	2524	86
4	2552	87
4	2553	88
4	2557	89
4	2564	90
4	2566	91
4	2608	92
4	2640	93
4	2641	94
4	2677	95
4	2704	96
4	2705	97
4	2758	98
4	2771	99
4	2772	100
4	2839	101
4	2855	102
4	2856	103
4	2903	104
4	2970	105
4	2971	106
4	3033	107
4	3129	108
4	3184	109
4	3230	110
4	3231	111
4	3305	112
4	3377	113
4	3378	114
4	3471	115
4	3586	116
4	3672	117
4	3673	118
4	3732	119
4	3814	120
4	3825	121
5	0	1
5	20	2
5	34	3
5	49	4
5	58	5
5	59	6
5	80	7
5	81	8
5	89	9
5	107	10
5	109	11
Table: Definers
PID	CUID	BASEFILEID	DEFINERID
24	4	4	2
25	4	4	2
25	5	5	2
Table: Includers
PID	CUID	BASEFILEID	INCLUDERID
24	2	2	1
24	4	3	1
24	4	4	1
25	2	2	1
25	2	2	1
25	4	3	1
25	4	4	1
25	5	3	1
25	5	5	1
Table: Providers
PID	CUID	PROVIDERID
24	2	2
24	4	4
25	2	2
25	2	2
25	4	4
25	5	5
Table: IncTriggers
PID	CUID	BASEFILEID	DEFINERID	FOFFSET	LEN
24	4	4	2	471	4
25	4	4	2	471	4
25	5	5	2	471	4
Table: Functions
ID	NAME	ISMACRO	DEFINED	DECLARED	FILESCOPED	FID	FOFFSET	FANIN
821	foo	0	1	1	0	5	81	0
5355	_cscout_dummy1	0	1	1	1	2	535	1
20939	GET_3	1	1	0	1	4	2093	1
21309	IDENTITY	1	1	0	1	4	2130	2
21529	GET_3_SANDWITCH	1	1	0	1	4	2152	1
22519	MACRO_ARG_EXPANSION	1	1	0	1	4	2251	1
23439	CONCAT	1	1	0	1	4	2343	2
23819	STRINGIZE	1	1	0	1	4	2381	4
24069	EXPAND_AND_STRINGIZE	1	1	0	1	4	2406	1
24519	EXPAND_AND_CONCAT	1	1	0	1	4	2451	1
24939	printf	0	0	1	0	4	2493	1
25579	main	0	1	1	0	4	2557	0
Table: FunctionDefs
FUNCTIONID	FIDBEGIN	FOFFSETBEGIN	FIDEND	FOFFSETEND
821	5	88	5	108
5355	2	557	2	577
20939	4	2104	4	2121
21309	4	2141	4	2144
21529	4	2173	4	2210
22519	4	2273	4	2276
23439	4	2360	4	2373
23819	4	2393	4	2397
24069	4	2429	4	2443
24519	4	2474	4	2488
25579	4	2565	4	3826
Table: FunctionMetrics
FUNCTIONID	PRECPP	NCHAR	NCCOMMENT	NSPACE	NLCOMMENT	NBCOMMENT	NLINE	MAXLINELEN	MAXSTMTLEN	MAXSTMTNEST	MAXBRACENEST	MAXBRACKNEST	BRACENEST	BRACKNEST	NULINE	NPPDIRECTIVE	NPPCOND	NPPFMACRO	NPPOMACRO	NTOKEN	NSTMT	NOP	NUOP	NNCONST	NCLIT	NSTRING	NPPCONCATOP	NPPSTRINGOP	NIF	NELSE	NSWITCH	NCASE	NDEFAULT	NBREAK	NFOR	NWHILE	NDO	NCONTINUE	NGOTO	NRETURN	NASM	NTYPEOF	NPID	NFID	NMID	NID	NUPID	NUFID	NUMID	NUID	NLABEL	NMACROEXPANDTOKEN	NGNSOC	NMPARAM	NFPARAM	NEPARAM	FANIN	FANOUT	CCYCL1	CCYCL2	CCYCL3	CSTRUC	CHAL	IFLOW
821	0	NULL	NULL	NULL	NULL	NULL	NULL	NULL	0	0	0	0	NULL	NULL	NULL	NULL	NULL	NULL	NULL	1	0	0	0	0	0	0	NULL	NULL	0	0	0	0	0	0	0	0	0	0	0	0	0	0	0	0	NULL	0	0	0	NULL	0	0	NULL	17	NULL	0	NULL	0	0	1	1	1	0.0	0.0	0.0
821	1	21	14	3	1	0	3	17	0	NULL	0	0	0	0	0	0	0	0	0	1	0	0	0	0	0	0	0	0	0	0	0	0	0	0	0	0	0	0	0	0	0	0	0	0	0	0	0	0	0	0	0	0	NULL	0	NULL	0	0	0	1	1	1	0.0	0.0	0.0
5355	0	NULL	NULL	NULL	NULL	NULL	NULL	NULL	5	0	0	1	NULL	NULL	NULL	NULL	NULL	NULL	NULL	5	1	0	0	0	0	0	NULL	NULL	0	0	0	0	0	0	0	0	0	0	0	0	0	0	0	1	NULL	1	0	1	NULL	1	0	NULL	9	NULL	0	NULL	1	1	1	1	1	1.0	0.0	1.0
5355	1	22	0	3	0	0	1	21	5	NULL	0	1	0	0	0	0	0	0	0	5	1	0	0	0	0	0	0	0	0	0	0	0	0	0	0	0	0	0	0	0	0	0	0	1	0	1	0	1	0	1	0	0	NULL	0	NULL	0	1	1	1	1	1	1.0	0.0	1.0
20939	0	NULL	NULL	NULL	NULL	NULL	NULL	NULL	0	0	0	0	NULL	NULL	NULL	NULL	NULL	NULL	NULL	0	0	0	0	0	0	0	NULL	NULL	0	0	0	0	0	0	0	0	0	0	0	0	0	0	0	0	NULL	0	0	0	NULL	0	0	NULL	0	NULL	0	NULL	1	1	1	1	1	1.0	0.0	1.0
20939	1	21	0	3	0	0	2	19	0	NULL	0	1	0	0	0	0	0	0	0	7	0	0	0	0	0	0	0	0	0	0	0	0	0	0	0	0	0	0	0	0	0	0	0	0	1	1	0	0	1	1	0	0	NULL	2	NULL	0	1	1	1	1	1	1.0	0.0	1.0
21309	0	NULL	NULL	NULL	NULL	NULL	NULL	NULL	0	0	0	0	NULL	NULL	NULL	NULL	NULL	NULL	NULL	0	0	0	0	0	0	0	NULL	NULL	0	0	0	0	0	0	0	0	0	0	0	0	0	0	0	0	NULL	0	0	0	NULL	0	0	NULL	0	NULL	0	NULL	2	0	1	1	1	0.0	0.0	0.0
21309	1	5	0	2	0	0	1	3	0	NULL	0	0	0	0	0	0	0	0	0	1	0	0	0	0	0	0	0	0	0	0	0	0	0	0	0	0	0	0	0	0	0	0	0	0	0	0	0	0	0	0	0	0	NULL	1	NULL	0	2	0	1	1	1	0.0	0.0	0.0
21529	0	NULL	NULL	NULL	NULL	NULL	NULL	NULL	0	0	0	0	NULL	NULL	NULL	NULL	NULL	NULL	NULL	0	0	0	0	0	0	0	NULL	NULL	0	0	0	0	0	0	0	0	0	0	0	0	0	0	0	0	NULL	0	0	0	NULL	0	0	NULL	0	NULL	0	NULL	1	2	1	1	1	4.0	0.0	4.0
21529	1	43	0	3	0	0	2	41	0	NULL	0	3	0	0	0	0	0	0	0	13	0	0	0	0	0	0	0	0	0	0	0	0	0	0	0	0	0	0	0	0	0	0	0	0	3	3	0	0	2	2	0	0	NULL	2	NULL	0	1	2	1	1	1	4.0	3.0	4.0
22519	0	NULL	NULL	NULL	NULL	NULL	NULL	NULL	0	0	0	0	NULL	NULL	NULL	NULL	NULL	NULL	NULL	0	0	0	0	0	0	0	NULL	NULL	0	0	0	0	0	0	0	0	0	0	0	0	0	0	0	0	NULL	0	0	0	NULL	0	0	NULL	0	NULL	0	NULL	1	0	1	1	1	0.0	0.0	0.0
22519	1	5	0	2	0	0	1	3	0	NULL	0	0	0	0	0	0	0	0	0	1	0	0	0	0	0	0	0	0	0	0	0	0	0	0	0	0	0	0	0	0	0	0	0	0	0	0	0	0	0	0	0	0	NULL	1	NULL	0	1	0	1	1	1	0.0	0.0	0.0
23439	0	NULL	NULL	NULL	NULL	NULL	NULL	NULL	0	0	0	0	NULL	NULL	NULL	NULL	NULL	NULL	NULL	0	0	0	0	0	0	0	NULL	NULL	0	0	0	0	0	0	0	0	0	0	0	0	0	0	0	0	NULL	0	0	0	NULL	0	0	NULL	0	NULL	0	NULL	2	0	1	1	1	0.0	0.0	0.0
23439	1	16	0	4	0	0	1	14	0	NULL	0	0	0	0	0	0	0	0	0	3	0	1	1	0	0	0	1	0	0	0	0	0	0	0	0	0	0	0	0	0	0	0	0	0	0	0	0	0	0	0	0	0	NULL	2	NULL	0	2	0	1	1	1	0.0	0.0	0.0
23819	0	NULL	NULL	NULL	NULL	NULL	NULL	NULL	0	0	0	0	NULL	NULL	NULL	NULL	NULL	NULL	NULL	0	0	0	0	0	0	0	NULL	NULL	0	0	0	0	0	0	0	0	0	0	0	0	0	0	0	0	NULL	0	0	0	NULL	0	0	NULL	0	NULL	0	NULL	4	0	1	1	1	0.0	0.0	0.0
23819	1	6	0	3	0	0	2	4	0	NULL	0	0	0	0	0	0	0	0	0	2	0	0	0	0	0	0	0	1	0	0	0	0	0	0	0	0	0	0	0	0	0	0	0	0	0	0	0	0	0	0	0	0	NULL	1	NULL	0	4	0	1	1	1	0.0	0.0	0.0
24069	0	NULL	NULL	NULL	NULL	NULL	NULL	NULL	0	0	0	0	NULL	NULL	NULL	NULL	NULL	NULL	NULL	0	0	0	0	0	0	0	NULL	NULL	0	0	0	0	0	0	0	0	0	0	0	0	0	0	0	0	NULL	0	0	0	NULL	0	0	NULL	0	NULL	0	NULL	1	1	1	1	1	1.0	0.0	1.0
24069	1	17	0	2	0	0	1	15	0	NULL	0	1	0	0	0	0	0	0	0	4	0	0	0	0	0	0	0	0	0	0	0	0	0	0	0	0	0	0	0	0	0	0	0	0	1	1	0	0	1	1	0	0	NULL	1	NULL	0	1	1	1	1	1	1.0	0.0	1.0
24519	0	NULL	NULL	NULL	NULL	NULL	NULL	NULL	0	0	0	0	NULL	NULL	NULL	NULL	NULL	NULL	NULL	0	0	0	0	0	0	0	NULL	NULL	0	0	0	0	0	0	0	0	0	0	0	0	0	0	0	0	NULL	0	0	0	NULL	0	0	NULL	0	NULL	0	NULL	1	1	1	1	1	1.0	0.0	1.0
24519	1	18	0	4	0	0	2	16	0	NULL	0	1	0	0	0	0	0	0	0	6	0	0	0	0	0	0	0	0	0	0	0	0	0	0	0	0	0	0	0	0	0	0	0	0	1	1	0	0	1	1	0	0	NULL	2	NULL	0	1	1	1	1	1	1.0	0.0	1.0
25579	0	NULL	NULL	NULL	NULL	NULL	NULL	NULL	13	0	0	1	NULL	NULL	NULL	NULL	NULL	NULL	NULL	118	22	7	1	11	0	16	NULL	NULL	0	0	0	0	0	0	0	0	0	0	0	1	0	0	9	1	NULL	32	1	1	NULL	14	0	NULL	40	NULL	0	NULL	0	9	1	1	1	0.0	235.022	0.0
25579	1	1247	38	92	1	0	32	117	19	NULL	0	2	0	0	0	0	0	0	0	178	22	7	1	6	0	9	0	0	0	0	0	0	0	0	0	0	0	0	0	1	0	0	8	1	26	55	1	1	19	33	0	-4	NULL	0	NULL	0	0	9	1	1	1	0.0	361.891	0.0
Table: FunctionId
FUNCTIONID	ORDINAL	FID	FOFFSET	LEN
821	0	5	81	3
5355	0	2	535	14
20939	0	4	2093	5
21309	0	4	2130	8
21529	0	4	2152	15
22519	0	4	2251	19
23439	0	4	2343	6
23819	0	4	2381	9
24069	0	4	2406	20
24519	0	4	2451	17
24939	0	4	2493	6
25579	0	2	471	4
Table: Fcalls
SOURCEID	DESTID
5355	5355
20939	23819
21529	21309
21529	23819
24069	23819
24519	23439
25579	20939
25579	21309
25579	21529
25579	22519
25579	23439
25579	23819
25579	24069
25579	24519
25579	24939
Done
