Table: Ids
EID	NAME	READONLY	UNDEFMACRO	MACRO	FUNMACRO	MACROARG	CPPCONST	CPPSTRVAL	DEFCCONSTVAL	NOTDEFCCONSTVAL	EXPCCONSTVAL	NOTEXPCCONSTVAL	ORDINARY	SUETAG	SUMEMBER	LABEL	TYPEDEF	ENUM	YACC	FUN	CSCOPE	LSCOPE	UNUSED
91	MAXDIGIT	0	0	1	0	0	0	0	1	0	0	0	0	0	0	0	0	0	0	0	0	0	1
321	x	0	0	0	0	0	0	0	0	0	0	0	1	0	0	0	0	0	0	0	0	1	1
421	main	1	0	0	0	0	0	0	0	0	0	0	1	0	0	0	0	0	0	1	0	1	0
541	qqq	0	0	0	0	0	0	0	0	0	0	0	1	0	0	0	0	0	0	0	0	1	1
821	foo	0	0	0	0	0	0	0	0	0	0	0	1	0	0	0	0	0	0	1	0	1	1
2009	top1	0	0	1	1	0	0	0	0	0	0	1	0	0	0	0	0	0	0	0	0	0	0
2129	bottom1	0	0	1	1	0	0	0	0	0	0	1	0	0	0	0	0	0	0	0	0	0	0
2769	top2	0	0	1	1	0	0	0	0	0	0	1	0	0	0	0	0	0	0	0	0	0	0
2839	middle2	0	0	1	1	0	0	0	0	0	0	1	0	0	0	0	0	0	0	0	0	0	0
2975	__DATE__	1	0	1	0	0	0	0	0	1	0	0	0	0	0	0	0	0	0	0	0	0	1
3119	cbottom2	0	0	0	0	0	0	0	0	0	0	0	1	0	0	0	0	0	0	1	0	1	0
3295	__TIME__	1	0	1	0	0	0	0	0	1	0	0	0	0	0	0	0	0	0	0	0	0	1
3549	top3	0	0	1	1	0	0	0	0	0	0	1	0	0	0	0	0	0	0	0	0	0	0
3575	__FILE__	1	0	1	0	0	0	0	0	1	0	0	0	0	0	0	0	0	0	0	0	0	1
3619	cvia3	0	0	0	0	0	0	0	0	0	0	0	1	0	0	0	0	0	0	1	0	1	0
3779	bottom3	0	0	1	1	0	0	0	0	0	1	0	0	0	0	0	0	0	0	0	0	0	0
3865	__LINE__	1	0	1	0	0	0	0	1	0	0	0	0	0	0	0	0	0	0	0	0	0	1
4055	__STDC__	1	0	1	0	0	0	0	1	0	0	0	0	0	0	0	0	0	0	0	0	0	1
4319	top4	0	0	1	1	0	0	0	0	0	1	0	0	0	0	0	0	0	0	0	0	0	0
4389	bottom4	0	0	1	1	0	0	0	0	0	1	0	0	0	0	0	0	0	0	0	0	0	0
4729	k	0	0	0	0	0	0	0	0	0	0	0	1	0	0	0	0	0	0	0	0	1	1
4939	top5	0	0	1	1	0	0	0	0	0	1	0	0	0	0	0	0	0	0	0	0	0	0
4989	x	0	0	0	0	1	0	0	0	0	0	0	0	0	0	0	0	0	0	0	0	0	0
5019	y	0	0	0	0	1	0	0	0	0	0	0	0	0	0	0	0	0	0	0	0	0	0
5049	middle5	0	0	1	1	0	0	0	0	0	1	0	0	0	0	0	0	0	0	0	0	0	0
5355	_cscout_dummy1	1	0	0	0	0	0	0	0	0	0	0	1	0	0	0	0	0	0	1	1	0	0
5369	a	0	0	0	0	1	0	0	0	0	0	0	0	0	0	0	0	0	0	0	0	0	0
5519	bottom	0	0	1	1	0	0	0	0	0	1	1	0	0	0	0	0	0	0	0	0	0	0
5579	5	0	0	1	1	0	0	0	0	0	1	1	0	0	0	0	0	0	0	0	0	0	0
5729	top6	0	0	1	1	0	0	0	0	0	1	0	0	0	0	0	0	0	0	0	0	0	0
5779	x	0	0	0	0	1	0	0	0	0	0	0	0	0	0	0	0	0	0	0	0	0	0
5809	y	0	0	0	0	1	0	0	0	0	0	0	0	0	0	0	0	0	0	0	0	0	1
5959	bottom6	0	0	1	1	0	0	0	0	0	1	1	0	0	0	0	0	0	0	0	0	0	0
6159	noncalled6	0	0	1	1	0	0	0	0	0	0	0	0	0	0	0	0	0	0	0	0	0	1
6409	TOP7	0	0	1	0	0	0	0	0	1	1	0	0	0	0	0	0	0	0	0	0	0	0
6459	top7	0	0	1	1	0	0	0	0	0	1	0	0	0	0	0	0	0	0	0	0	0	0
6679	MIDDLE7	0	0	1	0	0	0	0	0	1	1	0	0	0	0	0	0	0	0	0	0	0	0
6919	middle7	0	0	1	1	0	0	0	0	0	1	0	0	0	0	0	0	0	0	0	0	0	0
7199	bottom7	0	0	1	1	0	0	0	0	0	1	0	0	0	0	0	0	0	0	0	0	0	0
7589	top8	0	0	1	1	0	0	0	0	0	0	1	0	0	0	0	0	0	0	0	0	0	0
7639	x	0	0	0	0	1	0	0	0	0	0	0	0	0	0	0	0	0	0	0	0	0	0
7669	y	0	0	0	0	1	0	0	0	0	0	0	0	0	0	0	0	0	0	0	0	0	0
7699	z	0	0	0	0	1	0	0	0	0	0	0	0	0	0	0	0	0	0	0	0	0	0
7729	top_middle8	0	0	1	1	0	0	0	0	0	0	1	0	0	0	0	0	0	0	0	0	0	0
8139	x	0	0	0	0	1	0	0	0	0	0	0	0	0	0	0	0	0	0	0	0	0	0
8169	y	0	0	0	0	1	0	0	0	0	0	0	0	0	0	0	0	0	0	0	0	0	0
8199	z	0	0	0	0	1	0	0	0	0	0	0	0	0	0	0	0	0	0	0	0	0	0
8409	bottom_middle8	0	0	1	1	0	0	0	0	0	0	1	0	0	0	0	0	0	0	0	0	0	0
8559	a	0	0	0	0	1	0	0	0	0	0	0	0	0	0	0	0	0	0	0	0	0	0
8709	bottom_middle82	0	0	1	1	0	0	0	0	0	0	1	0	0	0	0	0	0	0	0	0	0	0
8999	bottom8	0	0	1	1	0	0	0	0	0	0	1	0	0	0	0	0	0	0	0	0	0	0
Table: Tokens
FID	FOFFSET	EID
2	297	2975
2	329	3295
2	357	3575
2	386	3865
2	405	4055
2	471	421
2	535	5355
2	558	5355
4	200	2009
4	212	2129
4	223	2129
4	254	2129
4	276	2769
4	283	2839
4	301	2839
4	311	3119
4	327	3119
4	354	3549
4	361	3619
4	377	3779
4	395	3619
4	409	3779
4	431	4319
4	438	4389
4	456	4389
4	472	4729
4	476	4319
4	493	4939
4	498	4989
4	501	5019
4	504	5049
4	512	4989
4	517	5019
4	528	5049
4	536	5369
4	539	5369
4	551	5519
4	557	5579
4	572	5729
4	577	5779
4	580	5809
4	583	5779
4	595	5959
4	615	6159
4	640	6409
4	645	6459
4	660	6459
4	667	6679
4	683	6679
4	691	6919
4	709	6919
4	719	7199
4	737	7199
4	758	7589
4	763	7639
4	766	7669
4	769	7699
4	772	7729
4	784	7639
4	787	7669
4	790	7699
4	801	7729
4	813	8139
4	816	8169
4	819	8199
4	822	8139
4	824	8199
4	828	8169
4	840	8409
4	855	8559
4	858	8559
4	870	8709
4	899	8999
4	916	421
4	926	2009
4	935	2769
4	944	3549
4	953	4939
4	958	5519
4	966	5579
4	971	5729
4	976	5959
4	999	6409
4	1006	7589
4	1011	8409
4	1027	8709
4	1044	8999
5	8	91
5	31	321
5	41	421
5	53	541
5	81	821
Table: Rest
FID	FOFFSET	CODE
2	287	\u0000a\u0000a#define 
2	305	  
2	320	\u0000a#define 
2	337	 
2	348	\u0000a#define 
2	365	 
2	377	\u0000a#define 
2	394	 1\u0000a#define 
2	413	 1\u0000a\u0000a
2	466	\u0000aint 
2	475	();\u0000a
2	522	\u0000astatic void 
2	549	(void) { 
2	572	(); }\u0000a
3	152	\u0000a\u0000a\u0000a#pragma includepath 
3	195	\u0000a
3	239	\u0000astatic void _cscout_dummy2(void) { _cscout_dummy2(); }\u0000a
4	190	\u0000a\u0000a#define 
4	204	() do { 
4	219	(); 
4	230	(); } while (0)\u0000a#define 
4	261	() 42\u0000a\u0000a#define 
4	280	() 
4	290	()\u0000a#define 
4	308	() 
4	319	()\u0000avoid 
4	335	(void) {}\u0000a\u0000a#define 
4	358	() 
4	366	()\u0000a#define 
4	384	() 44\u0000avoid 
4	400	(void) { 
4	416	(); }\u0000a\u0000a#define 
4	435	() 
4	445	()\u0000a#define 
4	463	() 4\u0000aint 
4	473	 = 
4	480	();\u0000a\u0000a#define 
4	497	(
4	499	, 
4	502	) 
4	511	(
4	513	 ## 
4	518	)\u0000a#define 
4	535	(
4	537	) 
4	540	()\u0000a#define 
4	558	() 5\u0000a\u0000a#define 
4	576	(
4	578	, 
4	581	) 
4	584	()\u0000a#define 
4	602	() 6\u0000a#define 
4	625	() 66\u0000a\u0000a#define 
4	644	 
4	649	()\u0000a#define 
4	664	() 
4	674	\u0000a#define 
4	690	 
4	698	()\u0000a#define 
4	716	() 
4	726	()\u0000a#define 
4	744	() 7\u0000a\u0000a#define 
4	762	(
4	764	, 
4	767	, 
4	770	) 
4	783	(
4	785	, 
4	788	, 
4	791	)\u0000a#define 
4	812	(
4	814	, 
4	817	, 
4	820	) 
4	823	(
4	825	); 
4	829	()\u0000a#define 
4	854	(
4	856	) 
4	859	()\u0000a#define 
4	885	() 82\u0000a#define 
4	906	() 8\u0000a\u0000aint\u0000a
4	920	()\u0000a{\u0000a	
4	930	();\u0000a	
4	939	();\u0000a	
4	948	();\u0000a	
4	957	(
4	964	, 
4	967	);\u0000a	
4	975	(
4	983	, noncalled6);\u0000a	
4	1003	;\u0000a	
4	1010	(
4	1025	, 
4	1042	, 
4	1051	);\u0000a}\u0000a
5	0	#define 
5	16	 11\u0000aextern int 
5	32	;\u0000aextern 
5	45	();\u0000aint 
5	56	;\u0000a\u0000a
5	80	\u0000a
5	84	() {\u0000a	
5	107	}\u0000a\u0000a
Table: Projects
PID	NAME
23	unspecified
24	Prj1
25	Prj2
Table: IdProj
EID	PID
421	24
2009	24
2129	24
2769	24
2839	24
2975	24
3119	24
3295	24
3549	24
3575	24
3619	24
3779	24
3865	24
4055	24
4319	24
4389	24
4729	24
4939	24
4989	24
5019	24
5049	24
5355	24
5369	24
5519	24
5579	24
5729	24
5779	24
5809	24
5959	24
6159	24
6409	24
6459	24
6679	24
6919	24
7199	24
7589	24
7639	24
7669	24
7699	24
7729	24
8139	24
8169	24
8199	24
8409	24
8559	24
8709	24
8999	24
91	25
321	25
421	25
541	25
821	25
2009	25
2129	25
2769	25
2839	25
2975	25
3119	25
3295	25
3549	25
3575	25
3619	25
3779	25
3865	25
4055	25
4319	25
4389	25
4729	25
4939	25
4989	25
5019	25
5049	25
5355	25
5369	25
5519	25
5579	25
5729	25
5779	25
5809	25
5959	25
6159	25
6409	25
6459	25
6679	25
6919	25
7199	25
7589	25
7639	25
7669	25
7699	25
7729	25
8139	25
8169	25
8199	25
8409	25
8559	25
8709	25
8999	25
Table: Files
FID	NAME	RO
2	host-defs.h	1
3	host-incs.h	1
4	c62-macro-cg.c	0
5	prj2.c	0
Table: Filemetrics
FID	PRECPP	NCHAR	NCCOMMENT	NSPACE	NLCOMMENT	NBCOMMENT	NLINE	MAXLINELEN	MAXSTMTLEN	MAXSTMTNEST	MAXBRACENEST	MAXBRACKNEST	BRACENEST	BRACKNEST	NULINE	NPPDIRECTIVE	NPPCOND	NPPFMACRO	NPPOMACRO	NTOKEN	NSTMT	NOP	NUOP	NNCONST	NCLIT	NSTRING	NPPCONCATOP	NPPSTRINGOP	NIF	NELSE	NSWITCH	NCASE	NDEFAULT	NBREAK	NFOR	NWHILE	NDO	NCONTINUE	NGOTO	NRETURN	NASM	NTYPEOF	NPID	NFID	NMID	NID	NUPID	NUFID	NUMID	NUID	NLABEL	NMACROEXPANDTOKEN	NCOPIES	NINCFILE	NPFUNCTION	NFFUNCTION	NPVAR	NFVAR	NAGGREGATE	NAMEMBER	NENUM	NEMEMBER
2	0	NULL	NULL	NULL	NULL	NULL	NULL	NULL	16	0	1	1	NULL	NULL	NULL	NULL	NULL	NULL	NULL	18	2	0	0	0	0	0	NULL	NULL	0	0	0	0	0	0	0	0	0	0	0	0	0	0	0	0	NULL	0	0	0	NULL	0	0	NULL	NULL	NULL	0	1	0	0	0	0	0	0
2	1	548	367	29	0	3	22	61	47	NULL	1	1	0	0	0	5	0	0	5	37	2	0	0	2	0	3	0	0	0	0	0	0	0	0	0	0	0	0	0	0	0	0	1	2	5	8	1	1	5	7	0	0	1	0	NULL	NULL	NULL	NULL	NULL	NULL	NULL	NULL
3	0	NULL	NULL	NULL	NULL	NULL	NULL	NULL	15	0	1	1	NULL	NULL	NULL	NULL	NULL	NULL	NULL	0	1	0	0	0	0	0	NULL	NULL	0	0	0	0	0	0	0	0	0	0	0	0	0	0	0	0	NULL	0	0	0	NULL	0	0	NULL	NULL	NULL	0	0	0	0	0	0	0	0
3	1	243	187	13	0	2	13	48	28	NULL	1	1	0	0	0	1	0	0	0	16	1	0	0	0	0	1	0	0	0	0	0	0	0	0	0	0	0	0	0	0	0	0	0	0	0	0	0	0	0	0	0	0	1	0	NULL	NULL	NULL	NULL	NULL	NULL	NULL	NULL
4	0	NULL	NULL	NULL	NULL	NULL	NULL	NULL	21	0	2	1	NULL	NULL	NULL	NULL	NULL	NULL	NULL	58	14	1	0	10	0	0	NULL	NULL	0	0	0	0	0	0	0	0	1	0	0	0	0	0	12	0	NULL	12	4	0	NULL	4	0	NULL	NULL	NULL	3	0	1	0	0	0	0	0
4	1	981	186	133	0	1	59	52	170	NULL	1	1	0	0	0	24	0	22	2	281	14	2	0	11	0	0	1	0	0	0	0	0	0	0	0	0	1	0	0	0	0	0	6	0	50	56	4	0	25	29	0	54	1	0	NULL	NULL	NULL	NULL	NULL	NULL	NULL	NULL
5	0	NULL	NULL	NULL	NULL	NULL	NULL	NULL	7	0	1	1	NULL	NULL	NULL	NULL	NULL	NULL	NULL	18	3	0	0	0	0	0	NULL	NULL	0	0	0	0	0	0	0	0	0	0	0	0	0	0	4	0	NULL	4	4	0	NULL	4	0	NULL	NULL	NULL	1	0	2	0	0	0	0	0
5	1	95	32	17	2	0	11	20	13	NULL	1	1	0	0	0	1	0	0	1	21	3	0	0	1	0	0	0	0	0	0	0	0	0	0	0	0	0	0	0	0	0	0	4	0	1	5	4	0	1	5	0	0	1	0	NULL	NULL	NULL	NULL	NULL	NULL	NULL	NULL
Table: FileProj
FID	PID
2	24
3	24
4	24
1	25
2	25
3	25
4	25
5	25
Table: LineProj
FID	PID	LNUM
2	24	1
2	24	2
2	24	3
2	24	4
2	24	5
2	24	6
2	24	7
2	24	8
2	24	9
2	24	10
2	24	11
2	24	12
2	24	13
2	24	14
2	24	15
2	24	16
2	24	17
2	24	18
2	24	19
2	24	20
2	24	21
2	24	22
3	24	1
3	24	2
3	24	3
3	24	4
3	24	5
3	24	6
3	24	7
3	24	8
3	24	9
3	24	10
3	24	11
3	24	12
3	24	13
4	24	1
4	24	2
4	24	3
4	24	4
4	24	5
4	24	6
4	24	7
4	24	8
4	24	9
4	24	10
4	24	11
4	24	12
4	24	13
4	24	14
4	24	15
4	24	16
4	24	17
4	24	18
4	24	19
4	24	20
4	24	21
4	24	22
4	24	23
4	24	24
4	24	25
4	24	26
4	24	27
4	24	28
4	24	29
4	24	30
4	24	31
4	24	32
4	24	33
4	24	34
4	24	35
4	24	36
4	24	37
4	24	38
4	24	39
4	24	40
4	24	41
4	24	42
4	24	43
4	24	44
4	24	45
4	24	46
4	24	47
4	24	48
4	24	49
4	24	50
4	24	51
4	24	52
4	24	53
4	24	54
4	24	55
4	24	56
4	24	57
4	24	58
4	24	59
2	25	1
2	25	2
2	25	3
2	25	4
2	25	5
2	25	6
2	25	7
2	25	8
2	25	9
2	25	10
2	25	11
2	25	12
2	25	13
2	25	14
2	25	15
2	25	16
2	25	17
2	25	18
2	25	19
2	25	20
2	25	21
2	25	22
3	25	1
3	25	2
3	25	3
3	25	4
3	25	5
3	25	6
3	25	7
3	25	8
3	25	9
3	25	10
3	25	11
3	25	12
3	25	13
4	25	1
4	25	2
4	25	3
4	25	4
4	25	5
4	25	6
4	25	7
4	25	8
4	25	9
4	25	10
4	25	11
4	25	12
4	25	13
4	25	14
4	25	15
4	25	16
4	25	17
4	25	18
4	25	19
4	25	20
4	25	21
4	25	22
4	25	23
4	25	24
4	25	25
4	25	26
4	25	27
4	25	28
4	25	29
4	25	30
4	25	31
4	25	32
4	25	33
4	25	34
4	25	35
4	25	36
4	25	37
4	25	38
4	25	39
4	25	40
4	25	41
4	25	42
4	25	43
4	25	44
4	25	45
4	25	46
4	25	47
4	25	48
4	25	49
4	25	50
4	25	51
4	25	52
4	25	53
4	25	54
4	25	55
4	25	56
4	25	57
4	25	58
4	25	59
5	25	1
5	25	2
5	25	3
5	25	4
5	25	5
5	25	6
5	25	7
5	25	8
5	25	9
5	25	10
5	25	11
Table: LinePos
FID	FOFFSET	LNUM
2	0	1
2	4	2
2	51	3
2	54	4
2	100	5
2	119	6
2	122	7
2	184	8
2	231	9
2	234	10
2	284	11
2	288	12
2	289	13
2	321	14
2	349	15
2	378	16
2	397	17
2	416	18
2	417	19
2	467	20
2	479	21
2	523	22
3	0	1
3	4	2
3	51	3
3	54	4
3	78	5
3	97	6
3	100	7
3	149	8
3	153	9
3	154	10
3	155	11
3	196	12
3	240	13
4	0	1
4	3	2
4	30	3
4	39	4
4	56	5
4	74	6
4	96	7
4	117	8
4	133	9
4	147	10
4	162	11
4	187	12
4	191	13
4	192	14
4	246	15
4	267	16
4	268	17
4	293	18
4	322	19
4	345	20
4	346	21
4	369	22
4	390	23
4	422	24
4	423	25
4	448	26
4	468	27
4	484	28
4	485	29
4	520	30
4	543	31
4	563	32
4	564	33
4	587	34
4	607	35
4	631	36
4	632	37
4	652	38
4	675	39
4	701	40
4	729	41
4	749	42
4	750	43
4	793	44
4	832	45
4	862	46
4	891	47
4	911	48
4	912	49
4	916	50
4	923	51
4	925	52
4	934	53
4	943	54
4	952	55
4	970	56
4	998	57
4	1005	58
4	1054	59
5	0	1
5	20	2
5	34	3
5	49	4
5	58	5
5	59	6
5	80	7
5	81	8
5	89	9
5	107	10
5	109	11
Table: Definers
PID	CUID	BASEFILEID	DEFINERID
24	4	4	2
25	4	4	2
25	5	5	2
Table: Includers
PID	CUID	BASEFILEID	INCLUDERID
24	2	2	1
24	4	3	1
24	4	4	1
25	2	2	1
25	2	2	1
25	4	3	1
25	4	4	1
25	5	3	1
25	5	5	1
Table: Providers
PID	CUID	PROVIDERID
24	2	2
24	4	4
25	2	2
25	2	2
25	4	4
25	5	5
Table: IncTriggers
PID	CUID	BASEFILEID	DEFINERID	FOFFSET	LEN
24	4	4	2	471	4
25	4	4	2	471	4
25	5	5	2	471	4
Table: Functions
ID	NAME	ISMACRO	DEFINED	DECLARED	FILESCOPED	FID	FOFFSET	FANIN
821	foo	0	1	1	0	5	81	0
2009	top1	1	1	0	1	4	200	1
2549	bottom1	1	1	0	1	4	254	1
2769	top2	1	1	0	1	4	276	1
3019	middle2	1	1	0	1	4	301	1
3279	cbottom2	0	1	1	0	4	327	1
3549	top3	1	1	0	1	4	354	1
3779	bottom3	1	1	0	1	4	377	1
3959	cvia3	0	1	1	0	4	395	1
4319	top4	1	1	0	1	4	431	0
4569	bottom4	1	1	0	1	4	456	1
4939	top5	1	1	0	1	4	493	1
5289	middle5	1	1	0	1	4	528	1
5355	_cscout_dummy1	0	1	1	1	2	535	1
5519	bottom5	1	1	0	1	4	551	1
5729	top6	1	1	0	1	4	572	1
5959	bottom6	1	1	0	1	4	595	1
6159	noncalled6	1	1	0	1	4	615	0
6609	top7	1	1	0	1	4	660	1
7099	middle7	1	1	0	1	4	709	1
7379	bottom7	1	1	0	1	4	737	1
7589	top8	1	1	0	1	4	758	1
8019	top_middle8	1	1	0	1	4	801	1
8409	bottom_middle8	1	1	0	1	4	840	1
8709	bottom_middle82	1	1	0	1	4	870	1
8999	bottom8	1	1	0	1	4	899	1
9169	main	0	1	1	0	4	916	0
Table: FunctionDefs
FUNCTIONID	FIDBEGIN	FOFFSETBEGIN	FIDEND	FOFFSETEND
821	5	88	5	108
2009	4	206	4	246
2549	4	263	4	267
2769	4	282	4	293
3019	4	310	4	322
3279	4	343	4	344
3549	4	360	4	369
3779	4	386	4	390
3959	4	408	4	421
4319	4	437	4	448
4569	4	465	4	468
4939	4	503	4	520
5289	4	538	4	543
5355	2	557	2	577
5519	4	560	4	563
5729	4	582	4	587
5959	4	604	4	607
6159	4	627	4	631
6609	4	666	4	675
7099	4	718	4	729
7379	4	746	4	749
7589	4	771	4	793
8019	4	821	4	832
8409	4	857	4	862
8709	4	887	4	891
8999	4	908	4	911
9169	4	924	4	1055
Table: FunctionMetrics
FUNCTIONID	PRECPP	NCHAR	NCCOMMENT	NSPACE	NLCOMMENT	NBCOMMENT	NLINE	MAXLINELEN	MAXSTMTLEN	MAXSTMTNEST	MAXBRACENEST	MAXBRACKNEST	BRACENEST	BRACKNEST	NULINE	NPPDIRECTIVE	NPPCOND	NPPFMACRO	NPPOMACRO	NTOKEN	NSTMT	NOP	NUOP	NNCONST	NCLIT	NSTRING	NPPCONCATOP	NPPSTRINGOP	NIF	NELSE	NSWITCH	NCASE	NDEFAULT	NBREAK	NFOR	NWHILE	NDO	NCONTINUE	NGOTO	NRETURN	NASM	NTYPEOF	NPID	NFID	NMID	NID	NUPID	NUFID	NUMID	NUID	NLABEL	NMACROEXPANDTOKEN	NGNSOC	NMPARAM	NFPARAM	NEPARAM	FANIN	FANOUT	CCYCL1	CCYCL2	CCYCL3	CSTRUC	CHAL	IFLOW
821	0	NULL	NULL	NULL	NULL	NULL	NULL	NULL	0	0	0	0	NULL	NULL	NULL	NULL	NULL	NULL	NULL	1	0	0	0	0	0	0	NULL	NULL	0	0	0	0	0	0	0	0	0	0	0	0	0	0	0	0	NULL	0	0	0	NULL	0	0	NULL	19	NULL	0	NULL	0	0	1	1	1	0.0	0.0	0.0
821	1	21	14	3	1	0	3	17	0	NULL	0	0	0	0	0	0	0	0	0	1	0	0	0	0	0	0	0	0	0	0	0	0	0	0	0	0	0	0	0	0	0	0	0	0	0	0	0	0	0	0	0	0	NULL	0	NULL	0	0	0	1	1	1	0.0	0.0	0.0
2009	0	NULL	NULL	NULL	NULL	NULL	NULL	NULL	0	0	0	0	NULL	NULL	NULL	NULL	NULL	NULL	NULL	0	0	0	0	0	0	0	NULL	NULL	0	0	0	0	0	0	0	0	0	0	0	0	0	0	0	0	NULL	0	0	0	NULL	0	0	NULL	0	NULL	0	NULL	1	1	1	1	1	1.0	0.0	1.0
2009	1	38	0	8	0	0	1	36	9	NULL	1	1	0	0	0	0	0	0	0	15	4	0	0	1	0	0	0	0	0	0	0	0	0	0	0	0	1	0	0	0	0	0	0	0	2	2	0	0	1	1	0	0	NULL	0	NULL	0	1	1	2	2	2	1.0	3.0	2.0
2549	0	NULL	NULL	NULL	NULL	NULL	NULL	NULL	0	0	0	0	NULL	NULL	NULL	NULL	NULL	NULL	NULL	0	0	0	0	0	0	0	NULL	NULL	0	0	0	0	0	0	0	0	0	0	0	0	0	0	0	0	NULL	0	0	0	NULL	0	0	NULL	0	NULL	0	NULL	1	0	1	1	1	0.0	0.0	0.0
2549	1	4	0	3	0	0	2	2	0	NULL	0	0	0	0	0	0	0	0	0	1	0	0	0	1	0	0	0	0	0	0	0	0	0	0	0	0	0	0	0	0	0	0	0	0	0	0	0	0	0	0	0	0	NULL	0	NULL	0	1	0	1	1	1	0.0	0.0	0.0
2769	0	NULL	NULL	NULL	NULL	NULL	NULL	NULL	0	0	0	0	NULL	NULL	NULL	NULL	NULL	NULL	NULL	0	0	0	0	0	0	0	NULL	NULL	0	0	0	0	0	0	0	0	0	0	0	0	0	0	0	0	NULL	0	0	0	NULL	0	0	NULL	0	NULL	0	NULL	1	1	1	1	1	1.0	0.0	1.0
2769	1	13	0	2	0	0	1	11	0	NULL	0	1	0	0	0	0	0	0	0	3	0	0	0	0	0	0	0	0	0	0	0	0	0	0	0	0	0	0	0	0	0	0	0	0	1	1	0	0	1	1	0	0	NULL	0	NULL	0	1	1	1	1	1	1.0	0.0	1.0
3019	0	NULL	NULL	NULL	NULL	NULL	NULL	NULL	0	0	0	0	NULL	NULL	NULL	NULL	NULL	NULL	NULL	0	0	0	0	0	0	0	NULL	NULL	0	0	0	0	0	0	0	0	0	0	0	0	0	0	0	0	NULL	0	0	0	NULL	0	0	NULL	0	NULL	0	NULL	1	1	1	1	1	1.0	0.0	1.0
3019	1	14	0	2	0	0	1	12	0	NULL	0	1	0	0	0	0	0	0	0	3	0	0	0	0	0	0	0	0	0	0	0	0	0	0	0	0	0	0	0	0	0	0	1	0	0	1	1	0	0	1	0	0	NULL	0	NULL	0	1	1	1	1	1	1.0	0.0	1.0
3279	0	NULL	NULL	NULL	NULL	NULL	NULL	NULL	0	0	0	0	NULL	NULL	NULL	NULL	NULL	NULL	NULL	1	0	0	0	0	0	0	NULL	NULL	0	0	0	0	0	0	0	0	0	0	0	0	0	0	0	0	NULL	0	0	0	NULL	0	0	NULL	15	NULL	0	NULL	1	0	1	1	1	0.0	0.0	0.0
3279	1	2	0	1	0	0	1	1	0	NULL	0	0	0	0	0	0	0	0	0	1	0	0	0	0	0	0	0	0	0	0	0	0	0	0	0	0	0	0	0	0	0	0	0	0	0	0	0	0	0	0	0	0	NULL	0	NULL	0	1	0	1	1	1	0.0	0.0	0.0
3549	0	NULL	NULL	NULL	NULL	NULL	NULL	NULL	0	0	0	0	NULL	NULL	NULL	NULL	NULL	NULL	NULL	0	0	0	0	0	0	0	NULL	NULL	0	0	0	0	0	0	0	0	0	0	0	0	0	0	0	0	NULL	0	0	0	NULL	0	0	NULL	0	NULL	0	NULL	1	1	1	1	1	1.0	0.0	1.0
3549	1	11	0	2	0	0	1	9	0	NULL	0	1	0	0	0	0	0	0	0	3	0	0	0	0	0	0	0	0	0	0	0	0	0	0	0	0	0	0	0	0	0	0	1	0	0	1	1	0	0	1	0	0	NULL	0	NULL	0	1	1	1	1	1	1.0	0.0	1.0
3779	0	NULL	NULL	NULL	NULL	NULL	NULL	NULL	0	0	0	0	NULL	NULL	NULL	NULL	NULL	NULL	NULL	0	0	0	0	0	0	0	NULL	NULL	0	0	0	0	0	0	0	0	0	0	0	0	0	0	0	0	NULL	0	0	0	NULL	0	0	NULL	0	NULL	0	NULL	1	0	1	1	1	0.0	0.0	0.0
3779	1	4	0	2	0	0	1	2	0	NULL	0	0	0	0	0	0	0	0	0	1	0	0	0	1	0	0	0	0	0	0	0	0	0	0	0	0	0	0	0	0	0	0	0	0	0	0	0	0	0	0	0	0	NULL	0	NULL	0	1	0	1	1	1	0.0	0.0	0.0
3959	0	NULL	NULL	NULL	NULL	NULL	NULL	NULL	3	0	0	0	NULL	NULL	NULL	NULL	NULL	NULL	NULL	3	1	0	0	1	0	0	NULL	NULL	0	0	0	0	0	0	0	0	0	0	0	0	0	0	0	0	NULL	0	0	0	NULL	0	0	NULL	19	NULL	0	NULL	1	1	1	1	1	1.0	0.0	1.0
3959	1	15	0	3	0	0	1	14	5	NULL	0	1	0	0	0	0	0	0	0	5	1	0	0	0	0	0	0	0	0	0	0	0	0	0	0	0	0	0	0	0	0	0	0	0	1	1	0	0	1	1	0	0	NULL	0	NULL	0	1	1	1	1	1	1.0	0.0	1.0
4319	0	NULL	NULL	NULL	NULL	NULL	NULL	NULL	0	0	0	0	NULL	NULL	NULL	NULL	NULL	NULL	NULL	0	0	0	0	0	0	0	NULL	NULL	0	0	0	0	0	0	0	0	0	0	0	0	0	0	0	0	NULL	0	0	0	NULL	0	0	NULL	0	NULL	0	NULL	0	1	1	1	1	0.0	0.0	0.0
4319	1	13	0	2	0	0	1	11	0	NULL	0	1	0	0	0	0	0	0	0	3	0	0	0	0	0	0	0	0	0	0	0	0	0	0	0	0	0	0	0	0	0	0	0	0	1	1	0	0	1	1	0	0	NULL	0	NULL	0	0	1	1	1	1	0.0	0.0	0.0
4569	0	NULL	NULL	NULL	NULL	NULL	NULL	NULL	0	0	0	0	NULL	NULL	NULL	NULL	NULL	NULL	NULL	0	0	0	0	0	0	0	NULL	NULL	0	0	0	0	0	0	0	0	0	0	0	0	0	0	0	0	NULL	0	0	0	NULL	0	0	NULL	0	NULL	0	NULL	1	0	1	1	1	0.0	0.0	0.0
4569	1	4	0	2	0	0	1	2	0	NULL	0	0	0	0	0	0	0	0	0	1	0	0	0	1	0	0	0	0	0	0	0	0	0	0	0	0	0	0	0	0	0	0	0	0	0	0	0	0	0	0	0	0	NULL	0	NULL	0	1	0	1	1	1	0.0	0.0	0.0
4939	0	NULL	NULL	NULL	NULL	NULL	NULL	NULL	0	0	0	0	NULL	NULL	NULL	NULL	NULL	NULL	NULL	0	0	0	0	0	0	0	NULL	NULL	0	0	0	0	0	0	0	0	0	0	0	0	0	0	0	0	NULL	0	0	0	NULL	0	0	NULL	0	NULL	0	NULL	1	1	1	1	1	1.0	0.0	1.0
4939	1	21	0	4	0	0	1	19	0	NULL	0	1	0	0	0	0	0	0	0	6	0	1	1	0	0	0	1	0	0	0	0	0	0	0	0	0	0	0	0	0	0	0	0	0	1	1	0	0	1	1	0	0	NULL	2	NULL	0	1	1	1	1	1	1.0	2.0	1.0
5289	0	NULL	NULL	NULL	NULL	NULL	NULL	NULL	0	0	0	0	NULL	NULL	NULL	NULL	NULL	NULL	NULL	0	0	0	0	0	0	0	NULL	NULL	0	0	0	0	0	0	0	0	0	0	0	0	0	0	0	0	NULL	0	0	0	NULL	0	0	NULL	0	NULL	0	NULL	1	1	1	1	1	1.0	0.0	1.0
5289	1	7	0	2	0	0	1	5	0	NULL	0	1	0	0	0	0	0	0	0	3	0	0	0	0	0	0	0	0	0	0	0	0	0	0	0	0	0	0	0	0	0	0	0	0	0	0	0	0	0	0	0	0	NULL	1	NULL	0	1	1	1	1	1	1.0	0.0	1.0
5355	0	NULL	NULL	NULL	NULL	NULL	NULL	NULL	5	0	0	1	NULL	NULL	NULL	NULL	NULL	NULL	NULL	5	1	0	0	0	0	0	NULL	NULL	0	0	0	0	0	0	0	0	0	0	0	0	0	0	0	1	NULL	1	0	1	NULL	1	0	NULL	11	NULL	0	NULL	1	1	1	1	1	1.0	0.0	1.0
5355	1	22	0	3	0	0	1	21	5	NULL	0	1	0	0	0	0	0	0	0	5	1	0	0	0	0	0	0	0	0	0	0	0	0	0	0	0	0	0	0	0	0	0	0	1	0	1	0	1	0	1	0	0	NULL	0	NULL	0	1	1	1	1	1	1.0	0.0	1.0
5519	0	NULL	NULL	NULL	NULL	NULL	NULL	NULL	0	0	0	0	NULL	NULL	NULL	NULL	NULL	NULL	NULL	0	0	0	0	0	0	0	NULL	NULL	0	0	0	0	0	0	0	0	0	0	0	0	0	0	0	0	NULL	0	0	0	NULL	0	0	NULL	0	NULL	0	NULL	1	0	1	1	1	0.0	0.0	0.0
5519	1	4	0	3	0	0	2	2	0	NULL	0	0	0	0	0	0	0	0	0	1	0	0	0	1	0	0	0	0	0	0	0	0	0	0	0	0	0	0	0	0	0	0	0	0	0	0	0	0	0	0	0	0	NULL	0	NULL	0	1	0	1	1	1	0.0	0.0	0.0
5729	0	NULL	NULL	NULL	NULL	NULL	NULL	NULL	0	0	0	0	NULL	NULL	NULL	NULL	NULL	NULL	NULL	0	0	0	0	0	0	0	NULL	NULL	0	0	0	0	0	0	0	0	0	0	0	0	0	0	0	0	NULL	0	0	0	NULL	0	0	NULL	0	NULL	0	NULL	1	1	1	1	1	1.0	0.0	1.0
5729	1	7	0	2	0	0	1	5	0	NULL	0	1	0	0	0	0	0	0	0	3	0	0	0	0	0	0	0	0	0	0	0	0	0	0	0	0	0	0	0	0	0	0	0	0	0	0	0	0	0	0	0	0	NULL	2	NULL	0	1	1	1	1	1	1.0	0.0	1.0
5959	0	NULL	NULL	NULL	NULL	NULL	NULL	NULL	0	0	0	0	NULL	NULL	NULL	NULL	NULL	NULL	NULL	0	0	0	0	0	0	0	NULL	NULL	0	0	0	0	0	0	0	0	0	0	0	0	0	0	0	0	NULL	0	0	0	NULL	0	0	NULL	0	NULL	0	NULL	1	0	1	1	1	0.0	0.0	0.0
5959	1	4	0	2	0	0	1	2	0	NULL	0	0	0	0	0	0	0	0	0	1	0	0	0	1	0	0	0	0	0	0	0	0	0	0	0	0	0	0	0	0	0	0	0	0	0	0	0	0	0	0	0	0	NULL	0	NULL	0	1	0	1	1	1	0.0	0.0	0.0
6159	0	NULL	NULL	NULL	NULL	NULL	NULL	NULL	0	0	0	0	NULL	NULL	NULL	NULL	NULL	NULL	NULL	0	0	0	0	0	0	0	NULL	NULL	0	0	0	0	0	0	0	0	0	0	0	0	0	0	0	0	NULL	0	0	0	NULL	0	0	NULL	0	NULL	0	NULL	0	0	1	1	1	0.0	0.0	0.0
6159	1	4	0	3	0	0	2	2	0	NULL	0	0	0	0	0	0	0	0	0	1	0	0	0	1	0	0	0	0	0	0	0	0	0	0	0	0	0	0	0	0	0	0	0	0	0	0	0	0	0	0	0	0	NULL	0	NULL	0	0	0	1	1	1	0.0	0.0	0.0
6609	0	NULL	NULL	NULL	NULL	NULL	NULL	NULL	0	0	0	0	NULL	NULL	NULL	NULL	NULL	NULL	NULL	0	0	0	0	0	0	0	NULL	NULL	0	0	0	0	0	0	0	0	0	0	0	0	0	0	0	0	NULL	0	0	0	NULL	0	0	NULL	0	NULL	0	NULL	1	0	1	1	1	0.0	0.0	0.0
6609	1	11	0	2	0	0	1	9	0	NULL	0	0	0	0	0	0	0	0	0	1	0	0	0	0	0	0	0	0	0	0	0	0	0	0	0	0	0	0	0	0	0	0	0	0	1	1	0	0	1	1	0	0	NULL	0	NULL	0	1	0	1	1	1	0.0	0.0	0.0
7099	0	NULL	NULL	NULL	NULL	NULL	NULL	NULL	0	0	0	0	NULL	NULL	NULL	NULL	NULL	NULL	NULL	0	0	0	0	0	0	0	NULL	NULL	0	0	0	0	0	0	0	0	0	0	0	0	0	0	0	0	NULL	0	0	0	NULL	0	0	NULL	0	NULL	0	NULL	1	1	1	1	1	1.0	0.0	1.0
7099	1	13	0	2	0	0	1	11	0	NULL	0	1	0	0	0	0	0	0	0	3	0	0	0	0	0	0	0	0	0	0	0	0	0	0	0	0	0	0	0	0	0	0	0	0	1	1	0	0	1	1	0	0	NULL	0	NULL	0	1	1	1	1	1	1.0	0.0	1.0
7379	0	NULL	NULL	NULL	NULL	NULL	NULL	NULL	0	0	0	0	NULL	NULL	NULL	NULL	NULL	NULL	NULL	0	0	0	0	0	0	0	NULL	NULL	0	0	0	0	0	0	0	0	0	0	0	0	0	0	0	0	NULL	0	0	0	NULL	0	0	NULL	0	NULL	0	NULL	1	0	1	1	1	0.0	0.0	0.0
7379	1	4	0	3	0	0	2	2	0	NULL	0	0	0	0	0	0	0	0	0	1	0	0	0	1	0	0	0	0	0	0	0	0	0	0	0	0	0	0	0	0	0	0	0	0	0	0	0	0	0	0	0	0	NULL	0	NULL	0	1	0	1	1	1	0.0	0.0	0.0
7589	0	NULL	NULL	NULL	NULL	NULL	NULL	NULL	0	0	0	0	NULL	NULL	NULL	NULL	NULL	NULL	NULL	0	0	0	0	0	0	0	NULL	NULL	0	0	0	0	0	0	0	0	0	0	0	0	0	0	0	0	NULL	0	0	0	NULL	0	0	NULL	0	NULL	0	NULL	1	1	1	1	1	1.0	0.0	1.0
7589	1	27	0	4	0	0	1	25	0	NULL	0	1	0	0	0	0	0	0	0	8	0	0	0	0	0	0	0	0	0	0	0	0	0	0	0	0	0	0	0	0	0	0	0	0	1	1	0	0	1	1	0	0	NULL	3	NULL	0	1	1	1	1	1	1.0	0.0	1.0
8019	0	NULL	NULL	NULL	NULL	NULL	NULL	NULL	0	0	0	0	NULL	NULL	NULL	NULL	NULL	NULL	NULL	0	0	0	0	0	0	0	NULL	NULL	0	0	0	0	0	0	0	0	0	0	0	0	0	0	0	0	NULL	0	0	0	NULL	0	0	NULL	0	NULL	0	NULL	1	2	1	1	1	4.0	0.0	4.0
8019	1	15	0	3	0	0	1	13	6	NULL	0	1	0	0	0	0	0	0	0	8	1	0	0	0	0	0	0	0	0	0	0	0	0	0	0	0	0	0	0	0	0	0	0	0	0	0	0	0	0	0	0	0	NULL	3	NULL	0	1	2	1	1	1	4.0	0.0	4.0
8409	0	NULL	NULL	NULL	NULL	NULL	NULL	NULL	0	0	0	0	NULL	NULL	NULL	NULL	NULL	NULL	NULL	0	0	0	0	0	0	0	NULL	NULL	0	0	0	0	0	0	0	0	0	0	0	0	0	0	0	0	NULL	0	0	0	NULL	0	0	NULL	0	NULL	0	NULL	1	1	1	1	1	1.0	0.0	1.0
8409	1	7	0	2	0	0	1	5	0	NULL	0	1	0	0	0	0	0	0	0	3	0	0	0	0	0	0	0	0	0	0	0	0	0	0	0	0	0	0	0	0	0	0	0	0	0	0	0	0	0	0	0	0	NULL	1	NULL	0	1	1	1	1	1	1.0	0.0	1.0
8709	0	NULL	NULL	NULL	NULL	NULL	NULL	NULL	0	0	0	0	NULL	NULL	NULL	NULL	NULL	NULL	NULL	0	0	0	0	0	0	0	NULL	NULL	0	0	0	0	0	0	0	0	0	0	0	0	0	0	0	0	NULL	0	0	0	NULL	0	0	NULL	0	NULL	0	NULL	1	0	1	1	1	0.0	0.0	0.0
8709	1	4	0	2	0	0	1	2	0	NULL	0	0	0	0	0	0	0	0	0	1	0	0	0	1	0	0	0	0	0	0	0	0	0	0	0	0	0	0	0	0	0	0	0	0	0	0	0	0	0	0	0	0	NULL	0	NULL	0	1	0	1	1	1	0.0	0.0	0.0
8999	0	NULL	NULL	NULL	NULL	NULL	NULL	NULL	0	0	0	0	NULL	NULL	NULL	NULL	NULL	NULL	NULL	0	0	0	0	0	0	0	NULL	NULL	0	0	0	0	0	0	0	0	0	0	0	0	0	0	0	0	NULL	0	0	0	NULL	0	0	NULL	0	NULL	0	NULL	1	0	1	1	1	0.0	0.0	0.0
8999	1	4	0	3	0	0	2	2	0	NULL	0	0	0	0	0	0	0	0	0	1	0	0	0	1	0	0	0	0	0	0	0	0	0	0	0	0	0	0	0	0	0	0	0	0	0	0	0	0	0	0	0	0	NULL	0	NULL	0	1	0	1	1	1	0.0	0.0	0.0
9169	0	NULL	NULL	NULL	NULL	NULL	NULL	NULL	9	0	1	1	NULL	NULL	NULL	NULL	NULL	NULL	NULL	31	12	0	0	8	0	0	NULL	NULL	0	0	0	0	0	0	0	0	1	0	0	0	0	0	2	0	NULL	2	2	0	NULL	2	0	NULL	39	NULL	0	NULL	0	8	2	2	2	0.0	33.2193	0.0
9169	1	136	0	20	0	0	9	52	13	NULL	0	1	0	0	0	0	0	0	0	40	7	0	0	1	0	0	0	0	0	0	0	0	0	0	0	0	0	0	0	0	0	0	0	0	13	13	0	0	13	13	0	27	NULL	0	NULL	0	0	8	1	1	1	0.0	53.303	0.0
Table: FunctionId
FUNCTIONID	ORDINAL	FID	FOFFSET	LEN
821	0	5	81	3
2009	0	4	200	4
2549	0	4	254	7
2769	0	4	276	4
3019	0	4	301	7
3279	0	4	327	8
3549	0	4	354	4
3779	0	4	377	7
3959	0	4	395	5
4319	0	4	431	4
4569	0	4	456	7
4939	0	4	493	4
5289	0	4	528	7
5355	0	2	535	14
5519	0	4	551	6
5519	1	4	557	1
5729	0	4	572	4
5959	0	4	595	7
6159	0	4	615	10
6609	0	4	660	4
7099	0	4	709	7
7379	0	4	737	7
7589	0	4	758	4
8019	0	4	801	11
8409	0	4	840	14
8709	0	4	870	15
8999	0	4	899	7
9169	0	2	471	4
Table: Fcalls
SOURCEID	DESTID
2009	2549
2769	3019
3019	3279
3549	3959
3959	3779
4319	4569
4939	5289
5289	5519
5355	5355
5729	5959
7099	7379
7589	8019
8019	8409
8019	8709
8409	8999
9169	2009
9169	2769
9169	3549
9169	4939
9169	5729
9169	6609
9169	7099
9169	7589
Done
