int main();
static void _cscout_dummy1(void) { _cscout_dummy1(); }
int
a()
{
int b = (1 / 2);
int c = (3 ? 1 / 3 : 0);
fprintf(stderr, "Internal error");
fprintf(stderr, "Errno: %d",errno);
}
