CallingFunction	CalledFunction
FATAL	abort
FATAL	error
FATAL	exit
FATAL	fflush
FATAL	fprintf
FATAL	va_end
FATAL	va_start
FATAL	vfprintf
NN	NN
NN	isarr
RET	printf
RET	tokname
SYNTAX	cursource
SYNTAX	eprint
SYNTAX	fprintf
SYNTAX	va_end
SYNTAX	va_start
SYNTAX	vfprintf
WARNING	error
WARNING	fflush
WARNING	fprintf
WARNING	va_end
WARNING	va_start
WARNING	vfprintf
__sgetc	__srget
__sputc	__swbuf
adjbuf	FATAL
adjbuf	realloc
alt	alt
alt	concat
alt	op2
alt	primary
alt	relex
arg	FATAL
arg	dprintf
arg	ptoi
arginit	atof
arginit	is_number
arginit	makesymtab
arginit	setsymtab
arginit	sprintf
arith	FATAL
arith	errcheck
arith	execute
arith	getfval
arith	gettemp
arith	ipow
arith	modf
arith	pow
arith	setfval
arith	tempfree
array	FATAL
array	NN
array	adjbuf
array	dprintf
array	execute
array	free
array	freeable
array	getsval
array	isarr
array	makesymtab
array	malloc
array	setsymtab
array	strcat
array	strlen
array	tempfree
array	xfree
assign	FATAL
assign	errcheck
assign	execute
assign	funnyvar
assign	getfval
assign	getsval
assign	ipow
assign	isnum
assign	isstr
assign	modf
assign	pow
assign	setfval
assign	setsval
assign	tempfree
awkdelete	FATAL
awkdelete	adjbuf
awkdelete	execute
awkdelete	free
awkdelete	freeelem
awkdelete	freesymtab
awkdelete	getsval
awkdelete	isarr
awkdelete	makesymtab
awkdelete	malloc
awkdelete	strcat
awkdelete	strlen
awkdelete	tempfree
awkprintf	FATAL
awkprintf	execute
awkprintf	ferror
awkprintf	fflush
awkprintf	filename
awkprintf	format
awkprintf	free
awkprintf	fwrite
awkprintf	getsval
awkprintf	malloc
awkprintf	ptoi
awkprintf	redirect
awkprintf	tempfree
awksprintf	FATAL
awksprintf	execute
awksprintf	format
awksprintf	getsval
awksprintf	gettemp
awksprintf	malloc
awksprintf	tempfree
bcheck2	fprintf
binsearch	strcmp
bltin	FATAL
bltin	WARNING
bltin	atan2
bltin	cos
bltin	errcheck
bltin	execute
bltin	exp
bltin	fflush
bltin	flush_all
bltin	free
bltin	getfval
bltin	getsval
bltin	gettemp
bltin	isarr
bltin	islower
bltin	isrec
bltin	isupper
bltin	log
bltin	modf
bltin	openfile
bltin	ptoi
bltin	rand
bltin	setfval
bltin	setsval
bltin	sin
bltin	sqrt
bltin	srand
bltin	strlen
bltin	system
bltin	tempfree
bltin	time
bltin	tolower
bltin	tostring
bltin	toupper
boolop	FATAL
boolop	execute
boolop	istrue
boolop	tempfree
bracecheck	bcheck2
bracecheck	bclass
bracecheck	input
call	FATAL
call	NN
call	WARNING
call	calloc
call	copycell
call	dprintf
call	execute
call	freesymtab
call	getfval
call	getsval
call	gettemp
call	isarr
call	isexit
call	isfcn
call	isnext
call	realloc
call	tempfree
cat	FATAL
cat	execute
cat	getsval
cat	gettemp
cat	malloc
cat	strcpy
cat	strlen
cat	tempfree
cclenter	FATAL
cclenter	adjbuf
cclenter	collate_range_cmp
cclenter	dprintf
cclenter	malloc
cclenter	quoted
cclenter	tostring
cclenter	xfree
celltonode	node1
cfoll	FATAL
cfoll	calloc
cfoll	cfoll
cfoll	follow
cfoll	info
cfoll	left
cfoll	overflo
cfoll	realloc
cfoll	right
cfoll	type
cgoto	FATAL
cgoto	calloc
cgoto	member
cgoto	overflo
cgoto	ptoi
cgoto	realloc
cgoto	xfree
checkdup	SYNTAX
checkdup	strcmp
cleanfld	freeable
cleanfld	xfree
closeall	WARNING
closeall	fclose
closeall	ferror
closeall	pclose
closefile	WARNING
closefile	execute
closefile	fclose
closefile	ferror
closefile	getsval
closefile	gettemp
closefile	pclose
closefile	setfval
closefile	strcmp
closefile	tempfree
closefile	xfree
collate_range_cmp	strcoll
concat	concat
concat	op2
concat	primary
condexpr	execute
condexpr	istrue
condexpr	tempfree
constnode	isvalue
copycell	gettemp
copycell	isstr
copycell	tostring
defn	SYNTAX
defn	dprintf
defn	isarg
defn	isarr
dopa2	execute
dopa2	istrue
dopa2	ptoi
dopa2	tempfree
dostat	execute
dostat	isbreak
dostat	isexit
dostat	isnext
dostat	isret
dostat	istrue
dostat	tempfree
dprintf	printf
envinit	atof
envinit	is_number
envinit	makesymtab
envinit	setsymtab
envinit	strchr
eprint	bclass
eprint	fprintf
eprint	input
eprint	putc
errcheck	WARNING
error	cursource
error	eprint
error	fprintf
error	strcmp
execute	FATAL
execute	fldbld
execute	isexpr
execute	isfld
execute	isjump
execute	isrec
execute	isvalue
execute	notlegal
execute	recbld
execute	tempfree
ferror	__sferror
fieldadr	FATAL
fieldadr	growfldtab
first	FATAL
first	first
first	info
first	left
first	overflo
first	realloc
first	right
first	type
fldbld	FATAL
fldbld	atof
fldbld	cleanfld
fldbld	freeable
fldbld	getsval
fldbld	growfldtab
fldbld	is_number
fldbld	isstr
fldbld	malloc
fldbld	printf
fldbld	refldbld
fldbld	setfval
fldbld	strlen
fldbld	tostring
fldbld	xfree
flush_all	fflush
follow	first
follow	follow
follow	left
follow	parent
follow	right
follow	type
format	FATAL
format	WARNING
format	adjbuf
format	atoi
format	execute
format	free
format	getfval
format	getsval
format	isalpha
format	isnum
format	malloc
format	sprintf
format	strlen
format	tempfree
forstat	execute
forstat	isbreak
forstat	isexit
forstat	isnext
forstat	isret
forstat	istrue
forstat	tempfree
fpecatch	FATAL
freeelem	free
freeelem	freeable
freeelem	hash
freeelem	strcmp
freeelem	xfree
freefa	xfree
freesymtab	WARNING
freesymtab	free
freesymtab	freeable
freesymtab	isarr
freesymtab	xfree
freetr	FATAL
freetr	freetr
freetr	left
freetr	right
freetr	type
freetr	xfree
funnyvar	FATAL
funnyvar	WARNING
funnyvar	isarr
get_str_val	NN
get_str_val	dprintf
get_str_val	fldbld
get_str_val	freeable
get_str_val	funnyvar
get_str_val	isfld
get_str_val	isrec
get_str_val	isstr
get_str_val	modf
get_str_val	recbld
get_str_val	sprintf
get_str_val	tostring
get_str_val	xfree
getargv	dprintf
getargv	getsval
getargv	setsymtab
getargv	sprintf
getc	__sgetc
getfval	NN
getfval	atof
getfval	dprintf
getfval	fldbld
getfval	funnyvar
getfval	is_number
getfval	isfld
getfval	isnum
getfval	isrec
getfval	recbld
getlinex	FATAL
getlinex	atof
getlinex	execute
getlinex	fflush
getlinex	free
getlinex	getrec
getlinex	getsval
getlinex	gettemp
getlinex	is_number
getlinex	malloc
getlinex	openfile
getlinex	ptoi
getlinex	readrec
getlinex	setfval
getlinex	setsval
getlinex	tempfree
getnf	fldbld
getpssval	get_str_val
getrec	FATAL
getrec	atof
getrec	dprintf
getrec	fclose
getrec	fopen
getrec	freeable
getrec	getargv
getrec	initgetrec
getrec	is_number
getrec	isclvar
getrec	readrec
getrec	setclvar
getrec	setfval
getrec	xfree
getsval	get_str_val
gettemp	FATAL
gettemp	calloc
gettok	FATAL
gettok	adjbuf
gettok	input
gettok	isalnum
gettok	isalpha
gettok	isdigit
gettok	strtod
gettok	unput
gettok	unputstr
growfldtab	FATAL
growfldtab	makefields
growfldtab	realloc
gsub	FATAL
gsub	adjbuf
gsub	backsub
gsub	execute
gsub	free
gsub	getsval
gsub	gettemp
gsub	makedfa
gsub	malloc
gsub	pmatch
gsub	setsval
gsub	strlen
gsub	tempfree
hexstr	isdigit
hexstr	isxdigit
ifstat	execute
ifstat	istrue
ifstat	tempfree
incrdecr	execute
incrdecr	getfval
incrdecr	gettemp
incrdecr	setfval
incrdecr	tempfree
indirect	FATAL
indirect	execute
indirect	fieldadr
indirect	getfval
indirect	getsval
indirect	is_number
indirect	tempfree
initgetrec	getargv
initgetrec	isclvar
initgetrec	lookup
initgetrec	setclvar
initgetrec	setsval
input	pgetc
instat	execute
instat	isarr
instat	isbreak
instat	isexit
instat	isnext
instat	isret
instat	setsval
instat	tempfree
intest	FATAL
intest	adjbuf
intest	dprintf
intest	execute
intest	free
intest	freeable
intest	getsval
intest	isarr
intest	lookup
intest	makesymtab
intest	malloc
intest	strcat
intest	strlen
intest	tempfree
intest	xfree
ipow	ipow
is_number	strtod
isarg	strcmp
isclvar	isalnum
isclvar	isalpha
jump	FATAL
jump	execute
jump	getfval
jump	getsval
jump	longjmp
jump	nextfile
jump	setfval
jump	setsval
jump	tempfree
lookup	hash
lookup	strcmp
main	FATAL
main	WARNING
main	arginit
main	atoi
main	bracecheck
main	dprintf
main	envinit
main	exit
main	fgets
main	fopen
main	fpecatch
main	fprintf
main	isclvar
main	makesymtab
main	malloc
main	printf
main	qstring
main	recinit
main	run
main	setclvar
main	setlocale
main	signal
main	sscanf
main	strcmp
main	strcpy
main	strlen
main	syminit
main	yyparse
makearr	SYNTAX
makearr	isarr
makearr	isfcn
makearr	isvalue
makearr	makesymtab
makearr	xfree
makedfa	freefa
makedfa	malloc
makedfa	mkdfa
makedfa	overflo
makedfa	strcmp
makefields	FATAL
makefields	malloc
makefields	sprintf
makefields	tostring
makeinit	calloc
makeinit	cgoto
makeinit	overflo
makeinit	xfree
makesymtab	FATAL
makesymtab	calloc
makesymtab	malloc
match	cgoto
match	makeinit
matchop	execute
matchop	getsval
matchop	gettemp
matchop	makedfa
matchop	match
matchop	pmatch
matchop	setfval
matchop	tempfree
mkdfa	calloc
mkdfa	cfoll
mkdfa	freetr
mkdfa	makeinit
mkdfa	op2
mkdfa	overflo
mkdfa	penter
mkdfa	reparse
mkdfa	tostring
nematch	calloc
nematch	cgoto
nematch	makeinit
nematch	overflo
nematch	xfree
newfld	cleanfld
newfld	growfldtab
newfld	setfval
nextfile	fclose
node1	nodealloc
node2	nodealloc
node3	nodealloc
node4	nodealloc
nodealloc	FATAL
nodealloc	malloc
notlegal	nullproc
notnull	op2
op1	node1
op2	node2
op3	node3
op4	node4
openfile	FATAL
openfile	fflush
openfile	fopen
openfile	popen
openfile	strcmp
openfile	tostring
overflo	FATAL
pa2stat	SYNTAX
pa2stat	itonp
pa2stat	node4
pastat	execute
pastat	istrue
pastat	tempfree
peek	input
peek	unput
penter	FATAL
penter	info
penter	left
penter	parent
penter	penter
penter	right
penter	type
pgetc	FATAL
pgetc	fclose
pgetc	fopen
pgetc	getc
pgetc	strcmp
pmatch	calloc
pmatch	cgoto
pmatch	makeinit
pmatch	overflo
pmatch	xfree
primary	FATAL
primary	cclenter
primary	itonp
primary	op2
primary	regexp
primary	relex
primary	tostring
primary	unary
printstat	FATAL
printstat	execute
printstat	ferror
printstat	fflush
printstat	filename
printstat	fputs
printstat	getpssval
printstat	ptoi
printstat	redirect
printstat	tempfree
program	FATAL
program	execute
program	getrec
program	isbreak
program	iscont
program	isexit
program	isjump
program	isnext
program	setjmp
program	tempfree
putc	__sputc
qstring	FATAL
qstring	SYNTAX
qstring	isdigit
qstring	malloc
qstring	strlen
quoted	hexstr
quoted	isoctdigit
readrec	FATAL
readrec	adjbuf
readrec	dprintf
readrec	getc
readrec	strcpy
readrec	strlen
readrec	ungetc
recbld	FATAL
recbld	adjbuf
recbld	dprintf
recbld	freeable
recbld	getsval
recbld	strlen
recbld	xfree
recinit	FATAL
recinit	makefields
recinit	malloc
recinit	tostring
rectonode	celltonode
rectonode	op1
redirect	FATAL
redirect	execute
redirect	getsval
redirect	openfile
redirect	tempfree
refldbld	FATAL
refldbld	dprintf
refldbld	freeable
refldbld	growfldtab
refldbld	makedfa
refldbld	malloc
refldbld	nematch
refldbld	strcpy
refldbld	strlen
refldbld	strncpy
refldbld	xfree
regexp	alt
regexp	concat
regexp	primary
regexpr	FATAL
regexpr	RET
regexpr	SYNTAX
regexpr	adjbuf
regexpr	input
regexpr	malloc
regexpr	tostring
regexpr	unput
rehash	calloc
rehash	free
rehash	hash
relex	FATAL
relex	adjbuf
relex	malloc
relex	quoted
relex	strlen
relex	strncmp
relex	tostring
relop	FATAL
relop	execute
relop	getsval
relop	strcmp
relop	tempfree
reparse	FATAL
reparse	dprintf
reparse	op2
reparse	regexp
reparse	relex
run	closeall
run	execute
run	stdinit
setclvar	atof
setclvar	dprintf
setclvar	is_number
setclvar	qstring
setclvar	setsval
setclvar	setsymtab
setfname	SYNTAX
setfname	isarr
setfname	isfcn
setfval	NN
setfval	atoi
setfval	dprintf
setfval	freeable
setfval	funnyvar
setfval	isfld
setfval	isrec
setfval	newfld
setfval	xfree
setsval	NN
setsval	atoi
setsval	dprintf
setsval	freeable
setsval	funnyvar
setsval	isfld
setsval	isrec
setsval	newfld
setsval	tostring
setsval	xfree
setsymtab	FATAL
setsymtab	NN
setsymtab	dprintf
setsymtab	hash
setsymtab	lookup
setsymtab	malloc
setsymtab	rehash
setsymtab	tostring
sindex	execute
sindex	getsval
sindex	gettemp
sindex	setfval
sindex	tempfree
split	FATAL
split	NN
split	atof
split	dprintf
split	execute
split	freesymtab
split	getsval
split	gettemp
split	is_number
split	isdigit
split	makedfa
split	makesymtab
split	nematch
split	ptoi
split	setsymtab
split	sprintf
split	strlen
split	tempfree
stat1	node1
stat2	node2
stat3	node3
stat4	node4
string	FATAL
string	RET
string	SYNTAX
string	adjbuf
string	input
string	isdigit
string	malloc
string	peek
string	setsymtab
string	sscanf
string	tostring
string	unput
sub	FATAL
sub	adjbuf
sub	backsub
sub	execute
sub	free
sub	getsval
sub	makedfa
sub	malloc
sub	pmatch
sub	setsval
sub	strlen
sub	tempfree
substr	dprintf
substr	execute
substr	getfval
substr	getsval
substr	gettemp
substr	setsval
substr	strlen
substr	tempfree
syminit	celltonode
syminit	setsymtab
tempfree	istemp
tempfree	tfree
tfree	FATAL
tfree	NN
tfree	dprintf
tfree	freeable
tfree	xfree
tokname	sprintf
tostring	FATAL
tostring	malloc
tostring	strcpy
tostring	strlen
unary	op2
unary	relex
unary	unary
unput	FATAL
unputstr	strlen
unputstr	unput
va_start	__va_size
whilestat	execute
whilestat	isbreak
whilestat	isexit
whilestat	isnext
whilestat	isret
whilestat	istrue
whilestat	tempfree
word	RET
word	SYNTAX
word	binsearch
word	isarg
word	peek
word	setsymtab
xfree	free
yyerror	SYNTAX
yylex	FATAL
yylex	RET
yylex	SYNTAX
yylex	atof
yylex	gettok
yylex	input
yylex	isalpha
yylex	isarg
yylex	isdigit
yylex	malloc
yylex	peek
yylex	regexpr
yylex	setsymtab
yylex	strcmp
yylex	string
yylex	tostring
yylex	unput
yylex	unputstr
yylex	word
yyparse	SYNTAX
yyparse	bracecheck
yyparse	celltonode
yyparse	checkdup
yyparse	constnode
yyparse	defn
yyparse	exptostat
yyparse	itonp
yyparse	linkum
yyparse	makearr
yyparse	makedfa
yyparse	notnull
yyparse	op1
yyparse	op2
yyparse	op3
yyparse	op4
yyparse	pa2stat
yyparse	rectonode
yyparse	setfname
yyparse	startreg
yyparse	stat1
yyparse	stat2
yyparse	stat3
yyparse	stat4
yyparse	strnode
