NAME
Array
Awkfloat
Cell
FILE
Keyword
Node
YYSTYPE
__sighandler_t
clock_t
div_t
fa
fpos_t
jmp_buf
ldiv_t
rrow
sig_atomic_t
size_t
time_t
uschar
va_list
wchar_t
